[2026-04-08 19:05:41] INFO     ========== 继电器充电压力测试自动化启动 | 日志文件存放目录: C:\Users\szm21\Downloads\Script\logs ==========
[2026-04-08 19:05:41] INFO     串口检测结果 -> 继电器管控端口: COM5 | 设备通信端口: COM3
[2026-04-08 19:05:41] INFO     通信串口建立成功。
[2026-04-08 19:05:41] INFO     >>> 开始继电器硬件初始化 (通断电预热清洗)...
[2026-04-08 19:05:41] INFO     继电器执行控制动作 -> ON
[2026-04-08 19:05:45] INFO     继电器执行控制动作 -> OFF
[2026-04-08 19:05:46] INFO     >>> 硬件物理环境初始化完成，当前继电器已稳定在 OFF 状态。
[2026-04-08 19:05:46] INFO     
-------------------- 第 1 次验证测试 | 最大允许验证耗时: 3.1s --------------------
[2026-04-08 19:05:46] INFO     阶段一：下发继电器闭合命令，开始供电
[2026-04-08 19:05:46] INFO     继电器执行控制动作 -> ON
[2026-04-08 19:05:47] INFO     [验证点命中] 成功截获目标指令: voice_msgnum:9
[2026-04-08 19:05:47] INFO     阶段一点五：充电指令通信有效，进行状态维稳等待 3.0s ...
[2026-04-08 19:05:50] INFO     阶段二：下发继电器断开命令，截断供电
[2026-04-08 19:05:51] INFO     继电器执行控制动作 -> OFF
[2026-04-08 19:05:51] INFO     阶段二点五：等待系统物理掉电和状态机复位 3.0s ...
[2026-04-08 19:05:54] INFO     本轮结论：[测试通过 PASS] | 识别验证目标: voice_msgnum:9
[2026-04-08 19:05:54] INFO     进度统计 -> 成功: 1 | 失败: 0 | 异常阻断规则触发: 0 | 当前成功率: 100.0%
[2026-04-08 19:05:54] INFO     
-------------------- 第 2 次验证测试 | 最大允许验证耗时: 3.9s --------------------
[2026-04-08 19:05:54] INFO     阶段一：下发继电器闭合命令，开始供电
[2026-04-08 19:05:54] INFO     继电器执行控制动作 -> ON
[2026-04-08 19:05:55] INFO     [验证点命中] 成功截获目标指令: voice_msgnum:9
[2026-04-08 19:05:55] INFO     阶段一点五：充电指令通信有效，进行状态维稳等待 3.0s ...
[2026-04-08 19:05:58] INFO     阶段二：下发继电器断开命令，截断供电
[2026-04-08 19:05:58] INFO     继电器执行控制动作 -> OFF
[2026-04-08 19:05:58] INFO     阶段二点五：等待系统物理掉电和状态机复位 3.0s ...
[2026-04-08 19:06:01] INFO     本轮结论：[测试通过 PASS] | 识别验证目标: voice_msgnum:9
[2026-04-08 19:06:01] INFO     进度统计 -> 成功: 2 | 失败: 0 | 异常阻断规则触发: 0 | 当前成功率: 100.0%
[2026-04-08 19:06:01] INFO     
-------------------- 第 3 次验证测试 | 最大允许验证耗时: 3.9s --------------------
[2026-04-08 19:06:01] INFO     阶段一：下发继电器闭合命令，开始供电
[2026-04-08 19:06:01] INFO     继电器执行控制动作 -> ON
[2026-04-08 19:06:03] INFO     [验证点命中] 成功截获目标指令: voice_msgnum:9
[2026-04-08 19:06:03] INFO     阶段一点五：充电指令通信有效，进行状态维稳等待 3.0s ...
[2026-04-08 19:06:06] INFO     阶段二：下发继电器断开命令，截断供电
[2026-04-08 19:06:06] INFO     继电器执行控制动作 -> OFF
[2026-04-08 19:06:06] INFO     阶段二点五：等待系统物理掉电和状态机复位 3.0s ...
[2026-04-08 19:06:09] INFO     本轮结论：[测试通过 PASS] | 识别验证目标: voice_msgnum:9
[2026-04-08 19:06:09] INFO     进度统计 -> 成功: 3 | 失败: 0 | 异常阻断规则触发: 0 | 当前成功率: 100.0%
[2026-04-08 19:06:09] INFO     
-------------------- 第 4 次验证测试 | 最大允许验证耗时: 3.3s --------------------
[2026-04-08 19:06:09] INFO     阶段一：下发继电器闭合命令，开始供电
[2026-04-08 19:06:09] INFO     继电器执行控制动作 -> ON
[2026-04-08 19:06:10] INFO     [验证点命中] 成功截获目标指令: voice_msgnum:9
[2026-04-08 19:06:10] INFO     阶段一点五：充电指令通信有效，进行状态维稳等待 3.0s ...
[2026-04-08 19:06:13] INFO     阶段二：下发继电器断开命令，截断供电
[2026-04-08 19:06:13] INFO     继电器执行控制动作 -> OFF
[2026-04-08 19:06:13] INFO     阶段二点五：等待系统物理掉电和状态机复位 3.0s ...
[2026-04-08 19:06:16] INFO     本轮结论：[测试通过 PASS] | 识别验证目标: voice_msgnum:9
[2026-04-08 19:06:16] INFO     进度统计 -> 成功: 4 | 失败: 0 | 异常阻断规则触发: 0 | 当前成功率: 100.0%
[2026-04-08 19:06:16] INFO     
-------------------- 第 5 次验证测试 | 最大允许验证耗时: 4.0s --------------------
[2026-04-08 19:06:16] INFO     阶段一：下发继电器闭合命令，开始供电
[2026-04-08 19:06:16] INFO     继电器执行控制动作 -> ON
[2026-04-08 19:06:18] INFO     [验证点命中] 成功截获目标指令: voice_msgnum:9
[2026-04-08 19:06:18] INFO     阶段一点五：充电指令通信有效，进行状态维稳等待 3.0s ...
[2026-04-08 19:06:21] INFO     阶段二：下发继电器断开命令，截断供电
[2026-04-08 19:06:21] INFO     继电器执行控制动作 -> OFF
[2026-04-08 19:06:21] INFO     阶段二点五：等待系统物理掉电和状态机复位 3.0s ...
[2026-04-08 19:06:24] INFO     本轮结论：[测试通过 PASS] | 识别验证目标: voice_msgnum:9
[2026-04-08 19:06:24] INFO     进度统计 -> 成功: 5 | 失败: 0 | 异常阻断规则触发: 0 | 当前成功率: 100.0%
[2026-04-08 19:06:24] INFO     
-------------------- 第 6 次验证测试 | 最大允许验证耗时: 3.5s --------------------
[2026-04-08 19:06:24] INFO     阶段一：下发继电器闭合命令，开始供电
[2026-04-08 19:06:24] INFO     继电器执行控制动作 -> ON
[2026-04-08 19:06:25] INFO     [验证点命中] 成功截获目标指令: voice_msgnum:9
[2026-04-08 19:06:25] INFO     阶段一点五：充电指令通信有效，进行状态维稳等待 3.0s ...
[2026-04-08 19:06:28] INFO     阶段二：下发继电器断开命令，截断供电
[2026-04-08 19:06:28] INFO     继电器执行控制动作 -> OFF
[2026-04-08 19:06:28] INFO     阶段二点五：等待系统物理掉电和状态机复位 3.0s ...
[2026-04-08 19:06:31] INFO     本轮结论：[测试通过 PASS] | 识别验证目标: voice_msgnum:9
[2026-04-08 19:06:31] INFO     进度统计 -> 成功: 6 | 失败: 0 | 异常阻断规则触发: 0 | 当前成功率: 100.0%
[2026-04-08 19:06:31] INFO     
-------------------- 第 7 次验证测试 | 最大允许验证耗时: 3.6s --------------------
[2026-04-08 19:06:31] INFO     阶段一：下发继电器闭合命令，开始供电
[2026-04-08 19:06:32] INFO     继电器执行控制动作 -> ON
[2026-04-08 19:06:33] INFO     [验证点命中] 成功截获目标指令: voice_msgnum:9
[2026-04-08 19:06:33] INFO     阶段一点五：充电指令通信有效，进行状态维稳等待 3.0s ...
[2026-04-08 19:06:36] INFO     阶段二：下发继电器断开命令，截断供电
[2026-04-08 19:06:36] INFO     继电器执行控制动作 -> OFF
[2026-04-08 19:06:36] INFO     阶段二点五：等待系统物理掉电和状态机复位 3.0s ...
[2026-04-08 19:06:39] INFO     本轮结论：[测试通过 PASS] | 识别验证目标: voice_msgnum:9
[2026-04-08 19:06:39] INFO     进度统计 -> 成功: 7 | 失败: 0 | 异常阻断规则触发: 0 | 当前成功率: 100.0%
[2026-04-08 19:06:39] INFO     
-------------------- 第 8 次验证测试 | 最大允许验证耗时: 3.6s --------------------
[2026-04-08 19:06:39] INFO     阶段一：下发继电器闭合命令，开始供电
[2026-04-08 19:06:40] INFO     继电器执行控制动作 -> ON
[2026-04-08 19:06:41] INFO     [验证点命中] 成功截获目标指令: voice_msgnum:9
[2026-04-08 19:06:41] INFO     阶段一点五：充电指令通信有效，进行状态维稳等待 3.0s ...
[2026-04-08 19:06:44] INFO     阶段二：下发继电器断开命令，截断供电
[2026-04-08 19:06:44] INFO     继电器执行控制动作 -> OFF
[2026-04-08 19:06:44] INFO     阶段二点五：等待系统物理掉电和状态机复位 3.0s ...
[2026-04-08 19:06:47] INFO     本轮结论：[测试通过 PASS] | 识别验证目标: voice_msgnum:9
[2026-04-08 19:06:47] INFO     进度统计 -> 成功: 8 | 失败: 0 | 异常阻断规则触发: 0 | 当前成功率: 100.0%
[2026-04-08 19:06:47] INFO     
-------------------- 第 9 次验证测试 | 最大允许验证耗时: 3.5s --------------------
[2026-04-08 19:06:47] INFO     阶段一：下发继电器闭合命令，开始供电
[2026-04-08 19:06:47] INFO     继电器执行控制动作 -> ON
[2026-04-08 19:06:48] INFO     [验证点命中] 成功截获目标指令: voice_msgnum:9
[2026-04-08 19:06:48] INFO     阶段一点五：充电指令通信有效，进行状态维稳等待 3.0s ...
[2026-04-08 19:06:51] INFO     阶段二：下发继电器断开命令，截断供电
[2026-04-08 19:06:52] INFO     继电器执行控制动作 -> OFF
[2026-04-08 19:06:52] INFO     阶段二点五：等待系统物理掉电和状态机复位 3.0s ...
[2026-04-08 19:06:55] INFO     本轮结论：[测试通过 PASS] | 识别验证目标: voice_msgnum:9
[2026-04-08 19:06:55] INFO     进度统计 -> 成功: 9 | 失败: 0 | 异常阻断规则触发: 0 | 当前成功率: 100.0%
[2026-04-08 19:06:55] INFO     
-------------------- 第 10 次验证测试 | 最大允许验证耗时: 3.4s --------------------
[2026-04-08 19:06:55] INFO     阶段一：下发继电器闭合命令，开始供电
[2026-04-08 19:06:55] INFO     继电器执行控制动作 -> ON
[2026-04-08 19:06:56] INFO     [验证点命中] 成功截获目标指令: voice_msgnum:9
[2026-04-08 19:06:56] INFO     阶段一点五：充电指令通信有效，进行状态维稳等待 3.0s ...
[2026-04-08 19:06:59] INFO     阶段二：下发继电器断开命令，截断供电
[2026-04-08 19:06:59] INFO     继电器执行控制动作 -> OFF
[2026-04-08 19:06:59] INFO     阶段二点五：等待系统物理掉电和状态机复位 3.0s ...
[2026-04-08 19:07:02] INFO     本轮结论：[测试通过 PASS] | 识别验证目标: voice_msgnum:9
[2026-04-08 19:07:02] INFO     进度统计 -> 成功: 10 | 失败: 0 | 异常阻断规则触发: 0 | 当前成功率: 100.0%
[2026-04-08 19:07:02] INFO     
-------------------- 第 11 次验证测试 | 最大允许验证耗时: 3.3s --------------------
[2026-04-08 19:07:02] INFO     阶段一：下发继电器闭合命令，开始供电
[2026-04-08 19:07:02] INFO     继电器执行控制动作 -> ON
[2026-04-08 19:07:04] INFO     [验证点命中] 成功截获目标指令: voice_msgnum:9
[2026-04-08 19:07:04] INFO     阶段一点五：充电指令通信有效，进行状态维稳等待 3.0s ...
[2026-04-08 19:07:07] INFO     阶段二：下发继电器断开命令，截断供电
[2026-04-08 19:07:07] INFO     继电器执行控制动作 -> OFF
[2026-04-08 19:07:07] INFO     阶段二点五：等待系统物理掉电和状态机复位 3.0s ...
[2026-04-08 19:07:10] INFO     本轮结论：[测试通过 PASS] | 识别验证目标: voice_msgnum:9
[2026-04-08 19:07:10] INFO     进度统计 -> 成功: 11 | 失败: 0 | 异常阻断规则触发: 0 | 当前成功率: 100.0%
[2026-04-08 19:07:10] INFO     
-------------------- 第 12 次验证测试 | 最大允许验证耗时: 3.9s --------------------
[2026-04-08 19:07:10] INFO     阶段一：下发继电器闭合命令，开始供电
[2026-04-08 19:07:10] INFO     继电器执行控制动作 -> ON
[2026-04-08 19:07:11] INFO     [验证点命中] 成功截获目标指令: voice_msgnum:9
[2026-04-08 19:07:11] INFO     阶段一点五：充电指令通信有效，进行状态维稳等待 3.0s ...
[2026-04-08 19:07:14] INFO     阶段二：下发继电器断开命令，截断供电
[2026-04-08 19:07:14] INFO     继电器执行控制动作 -> OFF
[2026-04-08 19:07:14] INFO     阶段二点五：等待系统物理掉电和状态机复位 3.0s ...
[2026-04-08 19:07:17] INFO     本轮结论：[测试通过 PASS] | 识别验证目标: voice_msgnum:9
[2026-04-08 19:07:17] INFO     进度统计 -> 成功: 12 | 失败: 0 | 异常阻断规则触发: 0 | 当前成功率: 100.0%
[2026-04-08 19:07:17] INFO     
-------------------- 第 13 次验证测试 | 最大允许验证耗时: 3.3s --------------------
[2026-04-08 19:07:17] INFO     阶段一：下发继电器闭合命令，开始供电
[2026-04-08 19:07:17] INFO     继电器执行控制动作 -> ON
[2026-04-08 19:07:19] INFO     [验证点命中] 成功截获目标指令: voice_msgnum:9
[2026-04-08 19:07:19] INFO     阶段一点五：充电指令通信有效，进行状态维稳等待 3.0s ...
[2026-04-08 19:07:22] INFO     阶段二：下发继电器断开命令，截断供电
[2026-04-08 19:07:22] INFO     继电器执行控制动作 -> OFF
[2026-04-08 19:07:22] INFO     阶段二点五：等待系统物理掉电和状态机复位 3.0s ...
[2026-04-08 19:07:25] INFO     本轮结论：[测试通过 PASS] | 识别验证目标: voice_msgnum:9
[2026-04-08 19:07:25] INFO     进度统计 -> 成功: 13 | 失败: 0 | 异常阻断规则触发: 0 | 当前成功率: 100.0%
[2026-04-08 19:07:25] INFO     
-------------------- 第 14 次验证测试 | 最大允许验证耗时: 3.9s --------------------
[2026-04-08 19:07:25] INFO     阶段一：下发继电器闭合命令，开始供电
[2026-04-08 19:07:25] INFO     继电器执行控制动作 -> ON
[2026-04-08 19:07:26] INFO     [验证点命中] 成功截获目标指令: voice_msgnum:9
[2026-04-08 19:07:26] INFO     阶段一点五：充电指令通信有效，进行状态维稳等待 3.0s ...
[2026-04-08 19:07:29] INFO     阶段二：下发继电器断开命令，截断供电
[2026-04-08 19:07:29] INFO     继电器执行控制动作 -> OFF
[2026-04-08 19:07:29] INFO     阶段二点五：等待系统物理掉电和状态机复位 3.0s ...
[2026-04-08 19:07:32] INFO     本轮结论：[测试通过 PASS] | 识别验证目标: voice_msgnum:9
[2026-04-08 19:07:32] INFO     进度统计 -> 成功: 14 | 失败: 0 | 异常阻断规则触发: 0 | 当前成功率: 100.0%
[2026-04-08 19:07:32] INFO     
-------------------- 第 15 次验证测试 | 最大允许验证耗时: 3.1s --------------------
[2026-04-08 19:07:32] INFO     阶段一：下发继电器闭合命令，开始供电
[2026-04-08 19:07:32] INFO     继电器执行控制动作 -> ON
[2026-04-08 19:07:34] INFO     [验证点命中] 成功截获目标指令: voice_msgnum:9
[2026-04-08 19:07:34] INFO     阶段一点五：充电指令通信有效，进行状态维稳等待 3.0s ...
[2026-04-08 19:07:37] INFO     阶段二：下发继电器断开命令，截断供电
[2026-04-08 19:07:37] INFO     继电器执行控制动作 -> OFF
[2026-04-08 19:07:37] INFO     阶段二点五：等待系统物理掉电和状态机复位 3.0s ...
[2026-04-08 19:07:40] INFO     本轮结论：[测试通过 PASS] | 识别验证目标: voice_msgnum:9
[2026-04-08 19:07:40] INFO     进度统计 -> 成功: 15 | 失败: 0 | 异常阻断规则触发: 0 | 当前成功率: 100.0%
[2026-04-08 19:07:40] INFO     
-------------------- 第 16 次验证测试 | 最大允许验证耗时: 3.4s --------------------
[2026-04-08 19:07:40] INFO     阶段一：下发继电器闭合命令，开始供电
[2026-04-08 19:07:40] INFO     继电器执行控制动作 -> ON
[2026-04-08 19:07:41] INFO     [验证点命中] 成功截获目标指令: voice_msgnum:9
[2026-04-08 19:07:41] INFO     阶段一点五：充电指令通信有效，进行状态维稳等待 3.0s ...
[2026-04-08 19:07:44] INFO     阶段二：下发继电器断开命令，截断供电
[2026-04-08 19:07:44] INFO     继电器执行控制动作 -> OFF
[2026-04-08 19:07:44] INFO     阶段二点五：等待系统物理掉电和状态机复位 3.0s ...
[2026-04-08 19:07:47] INFO     本轮结论：[测试通过 PASS] | 识别验证目标: voice_msgnum:9
[2026-04-08 19:07:47] INFO     进度统计 -> 成功: 16 | 失败: 0 | 异常阻断规则触发: 0 | 当前成功率: 100.0%
[2026-04-08 19:07:47] INFO     
-------------------- 第 17 次验证测试 | 最大允许验证耗时: 3.6s --------------------
[2026-04-08 19:07:47] INFO     阶段一：下发继电器闭合命令，开始供电
[2026-04-08 19:07:48] INFO     继电器执行控制动作 -> ON
[2026-04-08 19:07:49] INFO     [验证点命中] 成功截获目标指令: voice_msgnum:9
[2026-04-08 19:07:49] INFO     阶段一点五：充电指令通信有效，进行状态维稳等待 3.0s ...
[2026-04-08 19:07:52] INFO     阶段二：下发继电器断开命令，截断供电
[2026-04-08 19:07:52] INFO     继电器执行控制动作 -> OFF
[2026-04-08 19:07:52] INFO     阶段二点五：等待系统物理掉电和状态机复位 3.0s ...
[2026-04-08 19:07:55] INFO     本轮结论：[测试通过 PASS] | 识别验证目标: voice_msgnum:9
[2026-04-08 19:07:55] INFO     进度统计 -> 成功: 17 | 失败: 0 | 异常阻断规则触发: 0 | 当前成功率: 100.0%
[2026-04-08 19:07:55] INFO     
-------------------- 第 18 次验证测试 | 最大允许验证耗时: 3.1s --------------------
[2026-04-08 19:07:55] INFO     阶段一：下发继电器闭合命令，开始供电
[2026-04-08 19:07:55] INFO     继电器执行控制动作 -> ON
[2026-04-08 19:07:56] INFO     [验证点命中] 成功截获目标指令: voice_msgnum:9
[2026-04-08 19:07:56] INFO     阶段一点五：充电指令通信有效，进行状态维稳等待 3.0s ...
[2026-04-08 19:07:59] INFO     阶段二：下发继电器断开命令，截断供电
[2026-04-08 19:08:00] INFO     继电器执行控制动作 -> OFF
[2026-04-08 19:08:00] INFO     阶段二点五：等待系统物理掉电和状态机复位 3.0s ...
[2026-04-08 19:08:03] INFO     本轮结论：[测试通过 PASS] | 识别验证目标: voice_msgnum:9
[2026-04-08 19:08:03] INFO     进度统计 -> 成功: 18 | 失败: 0 | 异常阻断规则触发: 0 | 当前成功率: 100.0%
[2026-04-08 19:08:03] INFO     
-------------------- 第 19 次验证测试 | 最大允许验证耗时: 4.0s --------------------
[2026-04-08 19:08:03] INFO     阶段一：下发继电器闭合命令，开始供电
[2026-04-08 19:08:03] INFO     继电器执行控制动作 -> ON
[2026-04-08 19:08:04] INFO     [验证点命中] 成功截获目标指令: voice_msgnum:9
[2026-04-08 19:08:04] INFO     阶段一点五：充电指令通信有效，进行状态维稳等待 3.0s ...
[2026-04-08 19:08:07] INFO     阶段二：下发继电器断开命令，截断供电
[2026-04-08 19:08:07] INFO     继电器执行控制动作 -> OFF
[2026-04-08 19:08:07] INFO     阶段二点五：等待系统物理掉电和状态机复位 3.0s ...
[2026-04-08 19:08:10] INFO     本轮结论：[测试通过 PASS] | 识别验证目标: voice_msgnum:9
[2026-04-08 19:08:10] INFO     进度统计 -> 成功: 19 | 失败: 0 | 异常阻断规则触发: 0 | 当前成功率: 100.0%
[2026-04-08 19:08:10] INFO     
-------------------- 第 20 次验证测试 | 最大允许验证耗时: 3.5s --------------------
[2026-04-08 19:08:10] INFO     阶段一：下发继电器闭合命令，开始供电
[2026-04-08 19:08:10] INFO     继电器执行控制动作 -> ON
[2026-04-08 19:08:12] INFO     [验证点命中] 成功截获目标指令: voice_msgnum:9
[2026-04-08 19:08:12] INFO     阶段一点五：充电指令通信有效，进行状态维稳等待 3.0s ...
[2026-04-08 19:08:15] INFO     阶段二：下发继电器断开命令，截断供电
[2026-04-08 19:08:15] INFO     继电器执行控制动作 -> OFF
[2026-04-08 19:08:15] INFO     阶段二点五：等待系统物理掉电和状态机复位 3.0s ...
[2026-04-08 19:08:16] WARNING  捕获到外部操作命令 (Ctrl+C)，当前任务已被操作员中止。
[2026-04-08 19:08:16] INFO     测试流已结束，系统正在安全释放外设控制权。
[2026-04-08 19:08:16] INFO     继电器执行控制动作 -> OFF
[2026-04-08 19:08:16] INFO     
=============== 最终测试数据简报 ===============
  目标循环总数:  500000 次
  成功执行次数:  19 次
  失败超时次数:  0 次
  异常关键字数:  0 次
  串口掉线次数:  0 次
==============================================
