[2026-04-08 18:53:56] INFO     ========== 继电器压力测试启动 | 日志目录: C:\Users\szm21\Downloads\Script\logs ==========
[2026-04-08 18:53:56] INFO     串口检测 -> 继电器(CH340): COM5 | 设备(CP210x): COM3
[2026-04-08 18:53:56] INFO     >>> 开始继电器硬件初始化...
[2026-04-08 18:53:58] INFO     继电器 -> OFF (包含强校验握手)
[2026-04-08 18:53:58] INFO     >>> 继电器使能完成，当前状态: OFF。
[2026-04-08 18:53:58] INFO     
-------------------- 第 1 轮 | 最大监听时长: 30.5s --------------------
[2026-04-08 18:53:58] INFO     【充电开始】继电器 ON
[2026-04-08 18:53:59] INFO     继电器 -> ON (包含强校验握手)
[2026-04-08 18:54:00] INFO     [命中] 捕获目标指令: voice_msgnum:9
[2026-04-08 18:54:00] INFO     【时序维稳】已确认响应，强制维持充电状态 3.0s 以确保 BMS 闭合接触器...
[2026-04-08 18:54:03] INFO     【充电停止】继电器 OFF
[2026-04-08 18:54:03] INFO     继电器 -> OFF (包含强校验握手)
[2026-04-08 18:54:03] INFO     【断电休眠】强制断电静置 3.0s，等待车辆状态机清零...
[2026-04-08 18:54:06] INFO     【结果】[PASS] | 成功关键字: voice_msgnum:9
[2026-04-08 18:54:06] INFO     统计 -> 成功: 1 | 失败: 0 | 异常: 0 | 成功率: 100.0%
[2026-04-08 18:54:06] INFO     
-------------------- 第 2 轮 | 最大监听时长: 35.0s --------------------
[2026-04-08 18:54:06] INFO     【充电开始】继电器 ON
[2026-04-08 18:54:06] INFO     继电器 -> ON (包含强校验握手)
[2026-04-08 18:54:41] INFO     【充电停止】继电器 OFF
[2026-04-08 18:54:41] INFO     继电器 -> OFF (包含强校验握手)
[2026-04-08 18:54:41] INFO     【断电休眠】强制断电静置 3.0s，等待车辆状态机清零...
[2026-04-08 18:54:44] WARNING  【结果】[FAIL] | 监听超时未检测到成功关键字
[2026-04-08 18:54:44] INFO     统计 -> 成功: 1 | 失败: 1 | 异常: 0 | 成功率: 50.0%
[2026-04-08 18:54:44] INFO     
-------------------- 第 3 轮 | 最大监听时长: 30.5s --------------------
[2026-04-08 18:54:44] INFO     【充电开始】继电器 ON
[2026-04-08 18:54:45] INFO     继电器 -> ON (包含强校验握手)
[2026-04-08 18:54:46] WARNING  接收到键盘中断信号，终止测试。
[2026-04-08 18:54:46] INFO     继电器 -> OFF (包含强校验握手)
[2026-04-08 18:54:46] INFO     
=============== 最终测试报告 ===============
  成功次数:      1
  失败次数:      1
  异常次数:      0
============================================
