[2026-04-08 17:43:42] INFO     ========== 继电器充电压力测试启动 | 日志目录: C:\Users\szm21\Downloads\Script\logs ==========
[2026-04-08 17:43:42] INFO     串口检测 → 继电器(CH340): COM5 | 设备(CP210x): COM3
[2026-04-08 17:43:42] INFO     串口打开成功 → 继电器: COM5 | 设备: COM3
[2026-04-08 17:43:42] INFO     >>> 开始继电器硬件初始化...
[2026-04-08 17:43:42] INFO     STEP 1: 发送复位指令 (0x50)...
[2026-04-08 17:43:43] INFO     硬件回包: ab → 识别为 [4路继电器]
[2026-04-08 17:43:43] INFO     STEP 2: 发送工作态使能指令 (0x51)...
[2026-04-08 17:43:44] INFO     STEP 3: 发送初始断电指令，确认进入工作模式 (0x00)...
[2026-04-08 17:43:45] INFO     >>> 继电器使能完成，当前状态: OFF，正式进入工作模式。
[2026-04-08 17:43:45] INFO     ========== 开始测试，目标循环: 500000 次 ==========
[2026-04-08 17:43:45] INFO     继电器 → OFF
[2026-04-08 17:43:46] INFO     
──────────────────── 第 1 轮 | 充电时长: 3.3s ────────────────────
[2026-04-08 17:43:46] INFO     【充电开始】继电器 ON
[2026-04-08 17:43:46] INFO     继电器 → ON
[2026-04-08 17:43:46] INFO     [成功命中] 关键字: voice_msgnum:9 | 行: [I/voice] voice_msg num: 9
[2026-04-08 17:43:46] INFO     【提前命中】阶段1（充电中）检测到成功关键字 'voice_msgnum:9'，跳过剩余等待阶段。
[2026-04-08 17:43:46] INFO     【充电停止】继电器 OFF
[2026-04-08 17:43:46] INFO     继电器 → OFF
[2026-04-08 17:43:46] INFO     【跳过】已提前命中成功关键字，跳过后续等待窗口，直接进入结果统计。
[2026-04-08 17:43:46] INFO     【结果】成功 ✓ | 提前命中关键字: voice_msgnum:9
[2026-04-08 17:43:46] INFO     统计 → 成功: 1 | 失败: 0 | 异常: 0 | 成功率: 100.0%
[2026-04-08 17:43:46] INFO     
──────────────────── 第 2 轮 | 充电时长: 3.2s ────────────────────
[2026-04-08 17:43:46] INFO     【充电开始】继电器 ON
[2026-04-08 17:43:46] INFO     继电器 → ON
[2026-04-08 17:43:49] INFO     【充电停止】继电器 OFF
[2026-04-08 17:43:49] INFO     继电器 → OFF
[2026-04-08 17:43:54] INFO     【等待窗口】捕获后续日志 30.0s...
[2026-04-08 17:43:56] INFO     [成功命中] 关键字: voice_msgnum:10 | 行: [I/voice] voice_msg num: 10
[2026-04-08 17:43:56] INFO     【提前命中】阶段3（后续窗口）检测到成功关键字 'voice_msgnum:10'，完成本轮判定。
[2026-04-08 17:43:56] INFO     【结果】成功 ✓ | 提前命中关键字: voice_msgnum:10
[2026-04-08 17:43:56] INFO     统计 → 成功: 2 | 失败: 0 | 异常: 0 | 成功率: 100.0%
[2026-04-08 17:43:56] INFO     
──────────────────── 第 3 轮 | 充电时长: 3.1s ────────────────────
[2026-04-08 17:43:56] INFO     【充电开始】继电器 ON
[2026-04-08 17:43:56] INFO     继电器 → ON
[2026-04-08 17:43:59] INFO     【充电停止】继电器 OFF
[2026-04-08 17:43:59] INFO     继电器 → OFF
[2026-04-08 17:44:04] INFO     【等待窗口】捕获后续日志 30.0s...
[2026-04-08 17:44:34] WARNING  【结果】失败 ✗ | 未检测到成功关键字（超时/无响应）
[2026-04-08 17:44:34] INFO     统计 → 成功: 2 | 失败: 1 | 异常: 0 | 成功率: 66.7%
[2026-04-08 17:44:34] INFO     
──────────────────── 第 4 轮 | 充电时长: 3.1s ────────────────────
[2026-04-08 17:44:34] INFO     【充电开始】继电器 ON
[2026-04-08 17:44:34] INFO     继电器 → ON
[2026-04-08 17:44:37] INFO     【充电停止】继电器 OFF
[2026-04-08 17:44:38] INFO     继电器 → OFF
[2026-04-08 17:44:43] INFO     【等待窗口】捕获后续日志 30.0s...
[2026-04-08 17:45:13] WARNING  【结果】失败 ✗ | 未检测到成功关键字（超时/无响应）
[2026-04-08 17:45:13] INFO     统计 → 成功: 2 | 失败: 2 | 异常: 0 | 成功率: 50.0%
[2026-04-08 17:45:13] INFO     
──────────────────── 第 5 轮 | 充电时长: 3.7s ────────────────────
[2026-04-08 17:45:13] INFO     【充电开始】继电器 ON
[2026-04-08 17:45:13] INFO     继电器 → ON
[2026-04-08 17:45:16] INFO     【充电停止】继电器 OFF
[2026-04-08 17:45:16] INFO     继电器 → OFF
[2026-04-08 17:45:21] INFO     【等待窗口】捕获后续日志 30.0s...
[2026-04-08 17:45:51] WARNING  【结果】失败 ✗ | 未检测到成功关键字（超时/无响应）
[2026-04-08 17:45:51] INFO     统计 → 成功: 2 | 失败: 3 | 异常: 0 | 成功率: 40.0%
[2026-04-08 17:45:51] INFO     
──────────────────── 第 6 轮 | 充电时长: 4.5s ────────────────────
[2026-04-08 17:45:51] INFO     【充电开始】继电器 ON
[2026-04-08 17:45:52] INFO     继电器 → ON
[2026-04-08 17:45:56] INFO     【充电停止】继电器 OFF
[2026-04-08 17:45:56] INFO     继电器 → OFF
[2026-04-08 17:46:01] INFO     【等待窗口】捕获后续日志 30.0s...
[2026-04-08 17:46:31] WARNING  【结果】失败 ✗ | 未检测到成功关键字（超时/无响应）
[2026-04-08 17:46:31] INFO     统计 → 成功: 2 | 失败: 4 | 异常: 0 | 成功率: 33.3%
[2026-04-08 17:46:31] INFO     
──────────────────── 第 7 轮 | 充电时长: 3.8s ────────────────────
[2026-04-08 17:46:31] INFO     【充电开始】继电器 ON
[2026-04-08 17:46:31] INFO     继电器 → ON
[2026-04-08 17:46:35] INFO     【充电停止】继电器 OFF
[2026-04-08 17:46:35] INFO     继电器 → OFF
[2026-04-08 17:46:40] INFO     【等待窗口】捕获后续日志 30.0s...
[2026-04-08 17:46:43] WARNING  用户键盘中断测试。
[2026-04-08 17:46:43] INFO     继电器 → OFF
[2026-04-08 17:46:43] INFO     继电器 串口已关闭。
[2026-04-08 17:46:43] INFO     设备 串口已关闭。
[2026-04-08 17:46:43] INFO     
═══════════════ 最终测试报告 ═══════════════
  实际执行循环:  7 次
  成功次数:      2
  失败次数:      4
  异常次数:      0
  设备重连次数:  0
  测试总耗时:    178.8 秒
════════════════════════════════════════════
[2026-04-08 17:46:43] INFO     [系统提示] 测试结束: ═══════════════ 最终测试报告 ═══════════════
  实际执行循环:  7 次
  成功次数:      2
  失败次数:      4
  异常次数:      0
  设备重连次数:  0
  测试总耗时:    178.8 秒
════════════════════════════════════════════
