[2026-04-08 18:30:38] INFO     ========== 继电器压力测试启动 | 日志目录: C:\Users\szm21\Downloads\Script\logs ==========
[2026-04-08 18:30:38] INFO     串口检测 -> 继电器(CH340): COM5 | 设备(CP210x): COM3
[2026-04-08 18:30:38] INFO     >>> 开始继电器硬件初始化...
[2026-04-08 18:30:41] INFO     >>> 继电器使能完成，当前状态: OFF。
[2026-04-08 18:30:41] INFO     继电器 -> OFF
[2026-04-08 18:30:43] INFO     
-------------------- 第 1 轮 | 最大监听时长: 31.2s --------------------
[2026-04-08 18:30:43] INFO     【充电开始】继电器 ON
[2026-04-08 18:30:43] INFO     继电器 -> ON
[2026-04-08 18:30:52] INFO     [命中] 捕获目标指令: voice_msgnum:10
[2026-04-08 18:30:52] INFO     【时序维稳】已确认响应，强制维持充电状态 20.0s 以确保 BMS 闭合接触器...
[2026-04-08 18:31:12] INFO     【充电停止】继电器 OFF
[2026-04-08 18:31:12] INFO     继电器 -> OFF
[2026-04-08 18:31:12] INFO     【断电休眠】强制断电静置 30.0s，等待车辆状态机清零...
[2026-04-08 18:31:42] INFO     【结果】[PASS] | 成功关键字: voice_msgnum:10
[2026-04-08 18:31:42] INFO     统计 -> 成功: 1 | 失败: 0 | 异常: 0 | 成功率: 100.0%
[2026-04-08 18:31:42] INFO     
-------------------- 第 2 轮 | 最大监听时长: 30.1s --------------------
[2026-04-08 18:31:42] INFO     【充电开始】继电器 ON
[2026-04-08 18:31:42] INFO     继电器 -> ON
[2026-04-08 18:32:12] INFO     【充电停止】继电器 OFF
[2026-04-08 18:32:12] INFO     继电器 -> OFF
[2026-04-08 18:32:12] INFO     【断电休眠】强制断电静置 30.0s，等待车辆状态机清零...
[2026-04-08 18:32:42] WARNING  【结果】[FAIL] | 监听超时未检测到成功关键字
[2026-04-08 18:32:42] INFO     统计 -> 成功: 1 | 失败: 1 | 异常: 0 | 成功率: 50.0%
[2026-04-08 18:32:42] INFO     
-------------------- 第 3 轮 | 最大监听时长: 33.5s --------------------
[2026-04-08 18:32:42] INFO     【充电开始】继电器 ON
[2026-04-08 18:32:43] INFO     继电器 -> ON
[2026-04-08 18:33:16] INFO     【充电停止】继电器 OFF
[2026-04-08 18:33:16] INFO     继电器 -> OFF
[2026-04-08 18:33:16] INFO     【断电休眠】强制断电静置 30.0s，等待车辆状态机清零...
[2026-04-08 18:33:46] WARNING  【结果】[FAIL] | 监听超时未检测到成功关键字
[2026-04-08 18:33:46] INFO     统计 -> 成功: 1 | 失败: 2 | 异常: 0 | 成功率: 33.3%
[2026-04-08 18:33:46] INFO     
-------------------- 第 4 轮 | 最大监听时长: 30.4s --------------------
[2026-04-08 18:33:46] INFO     【充电开始】继电器 ON
[2026-04-08 18:33:46] INFO     继电器 -> ON
[2026-04-08 18:33:49] WARNING  接收到键盘中断信号，终止测试。
[2026-04-08 18:33:49] INFO     继电器 -> OFF
[2026-04-08 18:33:49] INFO     
=============== 最终测试报告 ===============
  成功次数:      1
  失败次数:      2
  异常次数:      0
============================================
