[2026-04-08 17:34:28] INFO     ========== 继电器充电压力测试启动 | 日志目录: C:\Users\szm21\Downloads\Script\logs ==========
[2026-04-08 17:34:28] INFO     串口检测 → 继电器(CH340): COM5 | 设备(CP210x): COM3
[2026-04-08 17:34:28] INFO     串口打开成功 → 继电器: COM5 | 设备: COM3
[2026-04-08 17:34:28] INFO     >>> 开始继电器硬件初始化...
[2026-04-08 17:34:28] INFO     STEP 1: 发送复位指令 (0x50)...
[2026-04-08 17:34:29] INFO     硬件回包: ab → 识别为 [4路继电器]
[2026-04-08 17:34:29] INFO     STEP 2: 发送工作态使能指令 (0x51)...
[2026-04-08 17:34:30] INFO     STEP 3: 发送初始断电指令，确认进入工作模式 (0x00)...
[2026-04-08 17:34:30] INFO     >>> 继电器使能完成，当前状态: OFF，正式进入工作模式。
[2026-04-08 17:34:30] INFO     ========== 开始测试，目标循环: 500000 次 ==========
[2026-04-08 17:34:30] INFO     继电器 → OFF
[2026-04-08 17:34:31] INFO     
──────────────────── 第 1 轮 | 充电时长: 4.0s ────────────────────
[2026-04-08 17:34:31] INFO     【充电开始】继电器 ON
[2026-04-08 17:34:32] INFO     继电器 → ON
[2026-04-08 17:34:36] INFO     【充电停止】继电器 OFF
[2026-04-08 17:34:36] INFO     继电器 → OFF
[2026-04-08 17:34:38] WARNING  用户键盘中断测试。
[2026-04-08 17:34:38] INFO     继电器 → OFF
[2026-04-08 17:34:38] INFO     继电器 串口已关闭。
[2026-04-08 17:34:38] INFO     设备 串口已关闭。
[2026-04-08 17:34:38] INFO     
═══════════════ 最终测试报告 ═══════════════
  实际执行循环:  1 次
  成功次数:      0
  失败次数:      0
  异常次数:      0
  设备重连次数:  0
  测试总耗时:    7.6 秒
════════════════════════════════════════════
[2026-04-08 17:34:38] INFO     [系统提示] 测试结束: ═══════════════ 最终测试报告 ═══════════════
  实际执行循环:  1 次
  成功次数:      0
  失败次数:      0
  异常次数:      0
  设备重连次数:  0
  测试总耗时:    7.6 秒
════════════════════════════════════════════
