[2026-04-17 11:24:38] INFO     ========== 继电器压力测试启动 ==========
[2026-04-17 11:24:38] INFO     串口检测 -> 继电器(CH340): COM7 | 设备(CP210x): COM3
[2026-04-17 11:24:38] INFO     >>> 执行环境初始清洗 (物理断电重置)...
[2026-04-17 11:24:38] INFO     继电器执行 -> OFF
[2026-04-17 11:24:39] INFO     
-------------------- 第 1 轮 | 最大监听: 5.6s --------------------
[2026-04-17 11:24:39] INFO     继电器 ON (开始充电)
[2026-04-17 11:24:39] INFO     继电器执行 -> ON
[2026-04-17 11:24:41] INFO     捕获目标指令: voice_msgnum:9
[2026-04-17 11:24:41] INFO     状态维稳，保持闭合 25.0s
[2026-04-17 11:25:06] INFO     继电器 OFF (切断充电)
[2026-04-17 11:25:06] INFO     继电器执行 -> OFF
[2026-04-17 11:25:06] INFO     物理断电静置 25.0s
[2026-04-17 11:25:16] WARNING  手动中断，停止测试。
[2026-04-17 11:25:16] INFO     继电器执行 -> OFF
[2026-04-17 11:25:16] INFO     
=============== 最终测试报告 ===============
  目标循环:      500000 次
  成功次数:      0 次
  失败次数:      0 次
  异常次数:      0 次
  断连次数:      0 次
============================================
