[2026-04-08 18:34:59] INFO     ========== 继电器压力测试启动 | 日志目录: C:\Users\szm21\Downloads\Script\logs ==========
[2026-04-08 18:34:59] INFO     串口检测 -> 继电器(CH340): COM5 | 设备(CP210x): COM3
[2026-04-08 18:34:59] INFO     >>> 开始继电器硬件初始化...
[2026-04-08 18:35:01] INFO     >>> 继电器使能完成，当前状态: OFF。
[2026-04-08 18:35:01] INFO     继电器 -> OFF
[2026-04-08 18:35:03] INFO     
-------------------- 第 1 轮 | 最大监听时长: 6.2s --------------------
[2026-04-08 18:35:03] INFO     【充电开始】继电器 ON
[2026-04-08 18:35:04] INFO     继电器 -> ON
[2026-04-08 18:35:10] INFO     【充电停止】继电器 OFF
[2026-04-08 18:35:10] INFO     继电器 -> OFF
[2026-04-08 18:35:10] INFO     【断电休眠】强制断电静置 5.0s，等待车辆状态机清零...
[2026-04-08 18:35:13] INFO     [命中] 捕获目标指令: voice_msgnum:10
[2026-04-08 18:35:15] WARNING  【结果】[FAIL] | 监听超时未检测到成功关键字
[2026-04-08 18:35:15] INFO     统计 -> 成功: 0 | 失败: 1 | 异常: 0 | 成功率: 0.0%
[2026-04-08 18:35:15] INFO     
-------------------- 第 2 轮 | 最大监听时长: 6.7s --------------------
[2026-04-08 18:35:15] INFO     【充电开始】继电器 ON
[2026-04-08 18:35:15] INFO     继电器 -> ON
[2026-04-08 18:35:22] INFO     【充电停止】继电器 OFF
[2026-04-08 18:35:22] INFO     继电器 -> OFF
[2026-04-08 18:35:22] INFO     【断电休眠】强制断电静置 5.0s，等待车辆状态机清零...
[2026-04-08 18:35:27] WARNING  【结果】[FAIL] | 监听超时未检测到成功关键字
[2026-04-08 18:35:27] INFO     统计 -> 成功: 0 | 失败: 2 | 异常: 0 | 成功率: 0.0%
[2026-04-08 18:35:27] INFO     
-------------------- 第 3 轮 | 最大监听时长: 5.1s --------------------
[2026-04-08 18:35:27] INFO     【充电开始】继电器 ON
[2026-04-08 18:35:27] INFO     继电器 -> ON
[2026-04-08 18:35:32] INFO     【充电停止】继电器 OFF
[2026-04-08 18:35:32] INFO     继电器 -> OFF
[2026-04-08 18:35:32] INFO     【断电休眠】强制断电静置 5.0s，等待车辆状态机清零...
[2026-04-08 18:35:37] WARNING  【结果】[FAIL] | 监听超时未检测到成功关键字
[2026-04-08 18:35:37] INFO     统计 -> 成功: 0 | 失败: 3 | 异常: 0 | 成功率: 0.0%
[2026-04-08 18:35:37] INFO     
-------------------- 第 4 轮 | 最大监听时长: 6.2s --------------------
[2026-04-08 18:35:37] INFO     【充电开始】继电器 ON
[2026-04-08 18:35:37] INFO     继电器 -> ON
[2026-04-08 18:35:43] INFO     【充电停止】继电器 OFF
[2026-04-08 18:35:43] INFO     继电器 -> OFF
[2026-04-08 18:35:43] INFO     【断电休眠】强制断电静置 5.0s，等待车辆状态机清零...
[2026-04-08 18:35:48] WARNING  【结果】[FAIL] | 监听超时未检测到成功关键字
[2026-04-08 18:35:48] INFO     统计 -> 成功: 0 | 失败: 4 | 异常: 0 | 成功率: 0.0%
[2026-04-08 18:35:48] INFO     
-------------------- 第 5 轮 | 最大监听时长: 5.9s --------------------
[2026-04-08 18:35:48] INFO     【充电开始】继电器 ON
[2026-04-08 18:35:49] INFO     继电器 -> ON
[2026-04-08 18:35:52] WARNING  接收到键盘中断信号，终止测试。
[2026-04-08 18:35:53] INFO     继电器 -> OFF
[2026-04-08 18:35:53] INFO     
=============== 最终测试报告 ===============
  成功次数:      0
  失败次数:      4
  异常次数:      0
============================================
