[2026-04-08 18:03:11] INFO     ========== 继电器充电压力测试启动 | 日志目录: C:\Users\szm21\Downloads\Script\logs ==========
[2026-04-08 18:03:11] INFO     串口检测 → 继电器(CH340): COM5 | 设备(CP210x): COM3
[2026-04-08 18:03:11] INFO     串口打开成功 → 继电器: COM5 | 设备: COM3
[2026-04-08 18:03:11] INFO     >>> 开始继电器硬件初始化...
[2026-04-08 18:03:11] INFO     STEP 1: 发送复位指令 (0x50)...
[2026-04-08 18:03:12] INFO     硬件回包: ab → 识别为 [4路继电器]
[2026-04-08 18:03:12] INFO     STEP 2: 发送工作态使能指令 (0x51)...
[2026-04-08 18:03:13] INFO     STEP 3: 发送初始断电指令，确认进入工作模式 (0x00)...
[2026-04-08 18:03:13] INFO     >>> 继电器使能完成，当前状态: OFF，正式进入工作模式。
[2026-04-08 18:03:13] INFO     ========== 开始测试，目标循环: 500000 次 ==========
[2026-04-08 18:03:14] INFO     继电器 → OFF
[2026-04-08 18:03:15] INFO     
──────────────────── 第 1 轮 | 充电时长: 28.2s ────────────────────
[2026-04-08 18:03:15] INFO     【充电开始】继电器 ON
[2026-04-08 18:03:15] INFO     继电器 → ON
[2026-04-08 18:03:15] INFO     [成功命中] 关键字: voice_msgnum:9 | 行: [I/voice] voice_msg num: 9
[2026-04-08 18:03:15] INFO     【提前命中】阶段1（充电中）检测到成功关键字 'voice_msgnum:9'，跳过剩余等待阶段。
[2026-04-08 18:03:15] INFO     【充电停止】继电器 OFF
[2026-04-08 18:03:15] INFO     继电器 → OFF
[2026-04-08 18:03:15] INFO     【跳过】已提前命中成功关键字，跳过后续等待窗口，直接进入结果统计。
[2026-04-08 18:03:15] INFO     【结果】成功 ✓ | 提前命中关键字: voice_msgnum:9
[2026-04-08 18:03:15] INFO     统计 → 成功: 1 | 失败: 0 | 异常: 0 | 成功率: 100.0%
[2026-04-08 18:03:15] INFO     
──────────────────── 第 2 轮 | 充电时长: 20.8s ────────────────────
[2026-04-08 18:03:15] INFO     【充电开始】继电器 ON
[2026-04-08 18:03:15] INFO     继电器 → ON
[2026-04-08 18:03:25] INFO     [成功命中] 关键字: voice_msgnum:10 | 行: [I/voice] voice_msg num: 10
[2026-04-08 18:03:25] INFO     【提前命中】阶段1（充电中）检测到成功关键字 'voice_msgnum:10'，跳过剩余等待阶段。
[2026-04-08 18:03:25] INFO     【充电停止】继电器 OFF
[2026-04-08 18:03:25] INFO     继电器 → OFF
[2026-04-08 18:03:25] INFO     【跳过】已提前命中成功关键字，跳过后续等待窗口，直接进入结果统计。
[2026-04-08 18:03:25] INFO     【结果】成功 ✓ | 提前命中关键字: voice_msgnum:10
[2026-04-08 18:03:25] INFO     统计 → 成功: 2 | 失败: 0 | 异常: 0 | 成功率: 100.0%
[2026-04-08 18:03:25] INFO     
──────────────────── 第 3 轮 | 充电时长: 26.6s ────────────────────
[2026-04-08 18:03:25] INFO     【充电开始】继电器 ON
[2026-04-08 18:03:25] INFO     继电器 → ON
[2026-04-08 18:03:51] INFO     【充电停止】继电器 OFF
[2026-04-08 18:03:52] INFO     继电器 → OFF
[2026-04-08 18:03:57] INFO     【等待窗口】捕获后续日志 3.0s...
[2026-04-08 18:04:00] WARNING  【结果】失败 ✗ | 未检测到成功关键字（超时/无响应）
[2026-04-08 18:04:00] INFO     统计 → 成功: 2 | 失败: 1 | 异常: 0 | 成功率: 66.7%
[2026-04-08 18:04:00] INFO     
──────────────────── 第 4 轮 | 充电时长: 27.0s ────────────────────
[2026-04-08 18:04:00] INFO     【充电开始】继电器 ON
[2026-04-08 18:04:00] INFO     继电器 → ON
[2026-04-08 18:04:12] WARNING  用户键盘中断测试。
[2026-04-08 18:04:12] INFO     继电器 → OFF
[2026-04-08 18:04:12] INFO     继电器 串口已关闭。
[2026-04-08 18:04:12] INFO     设备 串口已关闭。
[2026-04-08 18:04:12] INFO     
═══════════════ 最终测试报告 ═══════════════
  实际执行循环:  4 次
  成功次数:      2
  失败次数:      1
  异常次数:      0
  设备重连次数:  0
  测试总耗时:    59.0 秒
════════════════════════════════════════════
[2026-04-08 18:04:12] INFO     [系统提示] 测试结束: ═══════════════ 最终测试报告 ═══════════════
  实际执行循环:  4 次
  成功次数:      2
  失败次数:      1
  异常次数:      0
  设备重连次数:  0
  测试总耗时:    59.0 秒
════════════════════════════════════════════
