[2026-04-17 11:28:38] INFO     ========== 继电器压力测试启动 ==========
[2026-04-17 11:28:38] INFO     串口检测 -> 继电器(CH340): COM7 | 设备(CP210x): COM3
[2026-04-17 11:28:38] INFO     >>> 执行环境初始清洗 (物理断电重置)...
[2026-04-17 11:28:38] INFO     继电器执行 -> OFF
[2026-04-17 11:28:39] INFO     
-------------------- 第 1 轮 | 最大监听: 9.9s --------------------
[2026-04-17 11:28:39] INFO     继电器 ON (开始充电)
[2026-04-17 11:28:39] INFO     继电器执行 -> ON
[2026-04-17 11:28:49] INFO     继电器 OFF (切断充电)
[2026-04-17 11:28:49] INFO     继电器执行 -> OFF
[2026-04-17 11:28:49] INFO     物理断电静置 3.0s
[2026-04-17 11:28:52] WARNING  【结论】 [FAIL] 超时未检测到成功关键字
[2026-04-17 11:28:52] INFO     统计 -> 成功: 0 | 失败: 1 | 异常: 0 | 成功率: 0.0%
[2026-04-17 11:28:52] INFO     
-------------------- 第 2 轮 | 最大监听: 9.8s --------------------
[2026-04-17 11:28:52] INFO     继电器 ON (开始充电)
[2026-04-17 11:28:52] INFO     继电器执行 -> ON
[2026-04-17 11:29:02] INFO     继电器 OFF (切断充电)
[2026-04-17 11:29:02] INFO     继电器执行 -> OFF
[2026-04-17 11:29:02] INFO     物理断电静置 3.0s
[2026-04-17 11:29:05] WARNING  【结论】 [FAIL] 超时未检测到成功关键字
[2026-04-17 11:29:05] INFO     统计 -> 成功: 0 | 失败: 2 | 异常: 0 | 成功率: 0.0%
[2026-04-17 11:29:05] INFO     
-------------------- 第 3 轮 | 最大监听: 4.7s --------------------
[2026-04-17 11:29:05] INFO     继电器 ON (开始充电)
[2026-04-17 11:29:05] INFO     继电器执行 -> ON
[2026-04-17 11:29:10] INFO     继电器 OFF (切断充电)
[2026-04-17 11:29:10] INFO     继电器执行 -> OFF
[2026-04-17 11:29:10] INFO     物理断电静置 3.0s
[2026-04-17 11:29:13] WARNING  【结论】 [FAIL] 超时未检测到成功关键字
[2026-04-17 11:29:13] INFO     统计 -> 成功: 0 | 失败: 3 | 异常: 0 | 成功率: 0.0%
[2026-04-17 11:29:13] INFO     
-------------------- 第 4 轮 | 最大监听: 9.8s --------------------
[2026-04-17 11:29:13] INFO     继电器 ON (开始充电)
[2026-04-17 11:29:13] INFO     继电器执行 -> ON
[2026-04-17 11:29:23] INFO     继电器 OFF (切断充电)
[2026-04-17 11:29:23] INFO     继电器执行 -> OFF
[2026-04-17 11:29:23] INFO     物理断电静置 3.0s
[2026-04-17 11:29:26] WARNING  【结论】 [FAIL] 超时未检测到成功关键字
[2026-04-17 11:29:26] INFO     统计 -> 成功: 0 | 失败: 4 | 异常: 0 | 成功率: 0.0%
[2026-04-17 11:29:26] INFO     
-------------------- 第 5 轮 | 最大监听: 4.1s --------------------
[2026-04-17 11:29:26] INFO     继电器 ON (开始充电)
[2026-04-17 11:29:26] INFO     继电器执行 -> ON
[2026-04-17 11:29:30] INFO     继电器 OFF (切断充电)
[2026-04-17 11:29:30] INFO     继电器执行 -> OFF
[2026-04-17 11:29:30] INFO     物理断电静置 3.0s
[2026-04-17 11:29:33] WARNING  【结论】 [FAIL] 超时未检测到成功关键字
[2026-04-17 11:29:33] INFO     统计 -> 成功: 0 | 失败: 5 | 异常: 0 | 成功率: 0.0%
[2026-04-17 11:29:33] INFO     
-------------------- 第 6 轮 | 最大监听: 5.2s --------------------
[2026-04-17 11:29:33] INFO     继电器 ON (开始充电)
[2026-04-17 11:29:33] INFO     继电器执行 -> ON
[2026-04-17 11:29:38] INFO     继电器 OFF (切断充电)
[2026-04-17 11:29:38] INFO     继电器执行 -> OFF
[2026-04-17 11:29:38] INFO     物理断电静置 3.0s
[2026-04-17 11:29:40] WARNING  手动中断，停止测试。
[2026-04-17 11:29:40] INFO     继电器执行 -> OFF
[2026-04-17 11:29:40] INFO     
=============== 最终测试报告 ===============
  目标循环:      500000 次
  成功次数:      0 次
  失败次数:      5 次
  异常次数:      0 次
  断连次数:      0 次
============================================
