[2026-04-08 21:03:14] INFO     ========== 继电器压力测试启动 ==========
[2026-04-08 21:03:14] INFO     串口检测 -> 继电器(CH340): COM5 | 设备(CP210x): COM3
[2026-04-08 21:03:14] INFO     >>> 执行环境初始清洗 (物理断电重置)...
[2026-04-08 21:03:14] INFO     继电器执行 -> OFF
[2026-04-08 21:03:15] INFO     
-------------------- 第 1 轮 | 最大监听: 27.5s --------------------
[2026-04-08 21:03:15] INFO     继电器 ON (开始充电)
[2026-04-08 21:03:15] INFO     继电器执行 -> ON
[2026-04-08 21:03:16] INFO     捕获目标指令: voice_msgnum:9
[2026-04-08 21:03:16] INFO     状态维稳，保持闭合 3.0s
[2026-04-08 21:03:19] INFO     继电器 OFF (切断充电)
[2026-04-08 21:03:20] INFO     继电器执行 -> OFF
[2026-04-08 21:03:20] INFO     物理断电静置 3.0s
[2026-04-08 21:03:23] INFO     【结论】 [PASS] 成功关键字: voice_msgnum:9
[2026-04-08 21:03:23] INFO     统计 -> 成功: 1 | 失败: 0 | 异常: 0 | 成功率: 100.0%
[2026-04-08 21:03:23] INFO     
-------------------- 第 2 轮 | 最大监听: 26.6s --------------------
[2026-04-08 21:03:23] INFO     继电器 ON (开始充电)
[2026-04-08 21:03:23] INFO     继电器执行 -> ON
[2026-04-08 21:03:24] INFO     捕获目标指令: voice_msgnum:9
[2026-04-08 21:03:24] INFO     状态维稳，保持闭合 3.0s
[2026-04-08 21:03:27] INFO     继电器 OFF (切断充电)
[2026-04-08 21:03:27] INFO     继电器执行 -> OFF
[2026-04-08 21:03:27] INFO     物理断电静置 3.0s
[2026-04-08 21:03:30] INFO     【结论】 [PASS] 成功关键字: voice_msgnum:9
[2026-04-08 21:03:30] INFO     统计 -> 成功: 2 | 失败: 0 | 异常: 0 | 成功率: 100.0%
[2026-04-08 21:03:30] INFO     
-------------------- 第 3 轮 | 最大监听: 28.8s --------------------
[2026-04-08 21:03:30] INFO     继电器 ON (开始充电)
[2026-04-08 21:03:30] INFO     继电器执行 -> ON
[2026-04-08 21:03:32] INFO     捕获目标指令: voice_msgnum:9
[2026-04-08 21:03:32] INFO     状态维稳，保持闭合 3.0s
[2026-04-08 21:03:35] INFO     继电器 OFF (切断充电)
[2026-04-08 21:03:35] INFO     继电器执行 -> OFF
[2026-04-08 21:03:35] INFO     物理断电静置 3.0s
[2026-04-08 21:03:38] INFO     【结论】 [PASS] 成功关键字: voice_msgnum:9
[2026-04-08 21:03:38] INFO     统计 -> 成功: 3 | 失败: 0 | 异常: 0 | 成功率: 100.0%
[2026-04-08 21:03:38] INFO     
-------------------- 第 4 轮 | 最大监听: 28.5s --------------------
[2026-04-08 21:03:38] INFO     继电器 ON (开始充电)
[2026-04-08 21:03:38] INFO     继电器执行 -> ON
[2026-04-08 21:03:39] INFO     捕获目标指令: voice_msgnum:9
[2026-04-08 21:03:39] INFO     状态维稳，保持闭合 3.0s
[2026-04-08 21:03:42] INFO     继电器 OFF (切断充电)
[2026-04-08 21:03:42] INFO     继电器执行 -> OFF
[2026-04-08 21:03:42] INFO     物理断电静置 3.0s
[2026-04-08 21:03:45] INFO     【结论】 [PASS] 成功关键字: voice_msgnum:9
[2026-04-08 21:03:45] INFO     统计 -> 成功: 4 | 失败: 0 | 异常: 0 | 成功率: 100.0%
[2026-04-08 21:03:45] INFO     
-------------------- 第 5 轮 | 最大监听: 28.1s --------------------
[2026-04-08 21:03:45] INFO     继电器 ON (开始充电)
[2026-04-08 21:03:45] INFO     继电器执行 -> ON
[2026-04-08 21:03:47] INFO     捕获目标指令: voice_msgnum:9
[2026-04-08 21:03:47] INFO     状态维稳，保持闭合 3.0s
[2026-04-08 21:03:50] INFO     继电器 OFF (切断充电)
[2026-04-08 21:03:50] INFO     继电器执行 -> OFF
[2026-04-08 21:03:50] INFO     物理断电静置 3.0s
[2026-04-08 21:03:52] WARNING  手动中断，停止测试。
[2026-04-08 21:03:52] INFO     继电器执行 -> OFF
[2026-04-08 21:03:52] INFO     
=============== 最终测试报告 ===============
  目标循环:      500000 次
  成功次数:      4 次
  失败次数:      0 次
  异常次数:      0 次
  断连次数:      0 次
============================================
