[2026-04-08 18:19:46] INFO     ========== 继电器充电压力测试启动 | 日志目录: C:\Users\szm21\Downloads\Script\logs ==========
[2026-04-08 18:19:46] INFO     串口检测 -> 继电器(CH340): COM5 | 设备(CP210x): COM3
[2026-04-08 18:19:46] INFO     串口打开成功 -> 继电器: COM5 | 设备: COM3
[2026-04-08 18:19:46] INFO     >>> 开始继电器硬件初始化...
[2026-04-08 18:19:46] INFO     STEP 1: 发送复位指令 (0x50)...
[2026-04-08 18:19:47] INFO     硬件回包: ab -> 识别为 [4路继电器]
[2026-04-08 18:19:47] INFO     STEP 2: 发送工作态使能指令 (0x51)...
[2026-04-08 18:19:48] INFO     STEP 3: 发送初始断电指令，确认进入工作模式 (0x00)...
[2026-04-08 18:19:48] INFO     >>> 继电器使能完成，当前状态: OFF，正式进入工作模式。
[2026-04-08 18:19:48] INFO     ========== 开始测试，目标循环: 500000 次 ==========
[2026-04-08 18:19:48] INFO     继电器 -> OFF
[2026-04-08 18:19:49] INFO     
-------------------- 第 1 轮 | 目标充电时长: 33.8s --------------------
[2026-04-08 18:19:49] INFO     【充电开始】继电器 ON
[2026-04-08 18:19:49] INFO     继电器 -> ON
[2026-04-08 18:19:50] INFO     [成功命中] 关键字: voice_msgnum:9 | 行: [I/voice] voice_msg num: 9
[2026-04-08 18:19:50] INFO     【提前命中】阶段1 检测到 'voice_msgnum:9'，停止监听日志。
[2026-04-08 18:19:50] INFO     【防抖补偿】为防止高频瞬拔，保持供电状态追加 5.0s...
[2026-04-08 18:19:54] INFO     【充电停止】继电器 OFF
[2026-04-08 18:19:55] INFO     继电器 -> OFF
[2026-04-08 18:19:55] INFO     【物理断电补偿】挂起 5.0s 确保硬件状态重置...
[2026-04-08 18:20:00] INFO     【物理断电补偿】挂起 3.0s 确保硬件状态重置...
[2026-04-08 18:20:03] INFO     【结果】[PASS] | 提前命中关键字: voice_msgnum:9
[2026-04-08 18:20:03] INFO     统计 -> 成功: 1 | 失败: 0 | 异常: 0 | 成功率: 100.0%
[2026-04-08 18:20:03] INFO     【轮次间隔】等待 5.0s...
[2026-04-08 18:20:08] INFO     
-------------------- 第 2 轮 | 目标充电时长: 34.8s --------------------
[2026-04-08 18:20:08] INFO     【充电开始】继电器 ON
[2026-04-08 18:20:08] INFO     继电器 -> ON
[2026-04-08 18:20:42] INFO     【充电停止】继电器 OFF
[2026-04-08 18:20:43] INFO     继电器 -> OFF
[2026-04-08 18:20:48] INFO     【等待窗口】捕获后续日志 3.0s...
[2026-04-08 18:20:51] WARNING  【结果】[FAIL] | 未检测到成功关键字 (超时/无响应)
[2026-04-08 18:20:51] INFO     统计 -> 成功: 1 | 失败: 1 | 异常: 0 | 成功率: 50.0%
[2026-04-08 18:20:51] INFO     【轮次间隔】等待 5.0s...
[2026-04-08 18:20:56] INFO     
-------------------- 第 3 轮 | 目标充电时长: 30.2s --------------------
[2026-04-08 18:20:56] INFO     【充电开始】继电器 ON
[2026-04-08 18:20:56] INFO     继电器 -> ON
[2026-04-08 18:21:26] INFO     【充电停止】继电器 OFF
[2026-04-08 18:21:26] INFO     继电器 -> OFF
[2026-04-08 18:21:31] INFO     【等待窗口】捕获后续日志 3.0s...
[2026-04-08 18:21:34] WARNING  【结果】[FAIL] | 未检测到成功关键字 (超时/无响应)
[2026-04-08 18:21:34] INFO     统计 -> 成功: 1 | 失败: 2 | 异常: 0 | 成功率: 33.3%
[2026-04-08 18:21:34] INFO     【轮次间隔】等待 5.0s...
[2026-04-08 18:21:39] INFO     
-------------------- 第 4 轮 | 目标充电时长: 30.7s --------------------
[2026-04-08 18:21:39] INFO     【充电开始】继电器 ON
[2026-04-08 18:21:39] INFO     继电器 -> ON
[2026-04-08 18:21:51] WARNING  用户键盘中断测试。
[2026-04-08 18:21:51] INFO     继电器 -> OFF
[2026-04-08 18:21:51] INFO     继电器 串口已关闭。
[2026-04-08 18:21:51] INFO     设备 串口已关闭。
[2026-04-08 18:21:51] INFO     
=============== 最终测试报告 ===============
  实际执行循环:  4 次
  成功次数:      1
  失败次数:      2
  异常次数:      0
  设备重连次数:  0
  测试总耗时:    122.8 秒
============================================
[2026-04-08 18:21:51] INFO     [系统提示] 测试结束: =============== 最终测试报告 ===============
  实际执行循环:  4 次
  成功次数:      1
  失败次数:      2
  异常次数:      0
  设备重连次数:  0
  测试总耗时:    122.8 秒
============================================
