[2026-04-08 19:04:26] INFO     ========== 继电器充电压力测试自动化启动 | 日志文件存放目录: C:\Users\szm21\Downloads\Script\logs ==========
[2026-04-08 19:04:26] INFO     串口检测结果 -> 继电器管控端口: COM5 | 设备通信端口: COM3
[2026-04-08 19:04:26] INFO     通信串口建立成功。
[2026-04-08 19:04:26] INFO     >>> 开始继电器硬件初始化 (通断电预热清洗)...
[2026-04-08 19:04:26] INFO     继电器执行控制动作 -> ON
[2026-04-08 19:04:29] INFO     继电器执行控制动作 -> OFF
[2026-04-08 19:04:30] INFO     >>> 硬件物理环境初始化完成，当前继电器已稳定在 OFF 状态。
[2026-04-08 19:04:30] INFO     
-------------------- 第 1 次验证测试 | 最大允许验证耗时: 3.4s --------------------
[2026-04-08 19:04:30] INFO     阶段一：下发继电器闭合命令，开始供电
[2026-04-08 19:04:30] INFO     继电器执行控制动作 -> ON
[2026-04-08 19:04:34] INFO     阶段二：下发继电器断开命令，截断供电
[2026-04-08 19:04:34] INFO     继电器执行控制动作 -> OFF
[2026-04-08 19:04:34] INFO     阶段二点五：等待系统物理掉电和状态机复位 3.0s ...
[2026-04-08 19:04:37] WARNING  本轮结论：[测试未达标 FAIL] | 在最大允许时间内未截获设备的有效回复
[2026-04-08 19:04:37] INFO     进度统计 -> 成功: 0 | 失败: 1 | 异常阻断规则触发: 0 | 当前成功率: 0.0%
[2026-04-08 19:04:37] INFO     
-------------------- 第 2 次验证测试 | 最大允许验证耗时: 3.1s --------------------
[2026-04-08 19:04:37] INFO     阶段一：下发继电器闭合命令，开始供电
[2026-04-08 19:04:37] INFO     继电器执行控制动作 -> ON
[2026-04-08 19:04:40] INFO     阶段二：下发继电器断开命令，截断供电
[2026-04-08 19:04:40] INFO     继电器执行控制动作 -> OFF
[2026-04-08 19:04:40] INFO     阶段二点五：等待系统物理掉电和状态机复位 3.0s ...
[2026-04-08 19:04:41] WARNING  捕获到外部操作命令 (Ctrl+C)，当前任务已被操作员中止。
[2026-04-08 19:04:41] INFO     测试流已结束，系统正在安全释放外设控制权。
[2026-04-08 19:04:41] INFO     继电器执行控制动作 -> OFF
[2026-04-08 19:04:41] INFO     
=============== 最终测试数据简报 ===============
  目标循环总数:  500000 次
  成功执行次数:  0 次
  失败超时次数:  1 次
  异常关键字数:  0 次
  串口掉线次数:  0 次
==============================================
