[2026-04-08 18:24:36] INFO     ========== 继电器测试启动 | 日志目录: C:\Users\szm21\Downloads\Script\logs ==========
[2026-04-08 18:24:36] INFO     串口检测 -> 继电器(CH340): COM5 | 设备(CP210x): COM3
[2026-04-08 18:24:36] INFO     >>> 开始继电器硬件初始化...
[2026-04-08 18:24:39] INFO     >>> 继电器使能完成，当前状态: OFF。
[2026-04-08 18:24:39] INFO     继电器 -> OFF
[2026-04-08 18:24:41] INFO     
-------------------- 第 1 轮 | 目标充电时长: 30.5s --------------------
[2026-04-08 18:24:41] INFO     【充电开始】继电器 ON
[2026-04-08 18:24:41] INFO     继电器 -> ON
[2026-04-08 18:24:50] INFO     [命中] 捕获目标指令: voice_msgnum:10
[2026-04-08 18:24:50] INFO     【物理时序保护】已播报，但需保护车辆高压吸合完毕，强制维持充电态 6.2s...
[2026-04-08 18:24:56] INFO     【充电停止】继电器 OFF
[2026-04-08 18:24:56] INFO     继电器 -> OFF
[2026-04-08 18:24:56] INFO     【物理断电复位】强制断电静置 20.0s，等待车辆状态机清零...
[2026-04-08 18:25:16] INFO     【结果】[PASS] | 成功关键字: voice_msgnum:10
[2026-04-08 18:25:16] INFO     统计 -> 成功: 1 | 失败: 0 | 异常: 0 | 成功率: 100.0%
[2026-04-08 18:25:16] INFO     
-------------------- 第 2 轮 | 目标充电时长: 31.5s --------------------
[2026-04-08 18:25:16] INFO     【充电开始】继电器 ON
[2026-04-08 18:25:16] INFO     继电器 -> ON
[2026-04-08 18:25:48] INFO     【充电停止】继电器 OFF
[2026-04-08 18:25:48] INFO     继电器 -> OFF
[2026-04-08 18:25:48] INFO     【物理断电复位】强制断电静置 20.0s，等待车辆状态机清零...
[2026-04-08 18:26:08] WARNING  【结果】[FAIL] | 未检测到成功关键字 (无响应)
[2026-04-08 18:26:08] INFO     统计 -> 成功: 1 | 失败: 1 | 异常: 0 | 成功率: 50.0%
[2026-04-08 18:26:08] INFO     
-------------------- 第 3 轮 | 目标充电时长: 30.2s --------------------
[2026-04-08 18:26:08] INFO     【充电开始】继电器 ON
[2026-04-08 18:26:08] INFO     继电器 -> ON
[2026-04-08 18:26:38] INFO     【充电停止】继电器 OFF
[2026-04-08 18:26:38] INFO     继电器 -> OFF
[2026-04-08 18:26:38] INFO     【物理断电复位】强制断电静置 20.0s，等待车辆状态机清零...
[2026-04-08 18:26:58] WARNING  【结果】[FAIL] | 未检测到成功关键字 (无响应)
[2026-04-08 18:26:58] INFO     统计 -> 成功: 1 | 失败: 2 | 异常: 0 | 成功率: 33.3%
[2026-04-08 18:26:58] INFO     
-------------------- 第 4 轮 | 目标充电时长: 33.4s --------------------
[2026-04-08 18:26:58] INFO     【充电开始】继电器 ON
[2026-04-08 18:26:58] INFO     继电器 -> ON
[2026-04-08 18:27:32] INFO     【充电停止】继电器 OFF
[2026-04-08 18:27:32] INFO     继电器 -> OFF
[2026-04-08 18:27:32] INFO     【物理断电复位】强制断电静置 20.0s，等待车辆状态机清零...
[2026-04-08 18:27:47] WARNING  手动中断测试。
[2026-04-08 18:27:47] INFO     继电器 -> OFF
[2026-04-08 18:27:47] INFO     
=============== 最终测试报告 ===============
  成功次数:      1
  失败次数:      2
  异常次数:      0
============================================
