[2026-04-17 11:25:19] INFO     ========== 继电器压力测试启动 ==========
[2026-04-17 11:25:19] INFO     串口检测 -> 继电器(CH340): COM7 | 设备(CP210x): COM3
[2026-04-17 11:25:19] INFO     >>> 执行环境初始清洗 (物理断电重置)...
[2026-04-17 11:25:19] INFO     继电器执行 -> OFF
[2026-04-17 11:25:20] INFO     
-------------------- 第 1 轮 | 最大监听: 6.0s --------------------
[2026-04-17 11:25:20] INFO     继电器 ON (开始充电)
[2026-04-17 11:25:20] INFO     继电器执行 -> ON
[2026-04-17 11:25:21] INFO     捕获目标指令: voice_msgnum:9
[2026-04-17 11:25:21] INFO     状态维稳，保持闭合 3.0s
[2026-04-17 11:25:24] INFO     继电器 OFF (切断充电)
[2026-04-17 11:25:24] INFO     继电器执行 -> OFF
[2026-04-17 11:25:24] INFO     物理断电静置 3.0s
[2026-04-17 11:25:27] INFO     【结论】 [PASS] 成功关键字: voice_msgnum:9
[2026-04-17 11:25:27] INFO     统计 -> 成功: 1 | 失败: 0 | 异常: 0 | 成功率: 100.0%
[2026-04-17 11:25:27] INFO     
-------------------- 第 2 轮 | 最大监听: 5.7s --------------------
[2026-04-17 11:25:27] INFO     继电器 ON (开始充电)
[2026-04-17 11:25:27] INFO     继电器执行 -> ON
[2026-04-17 11:25:29] INFO     捕获目标指令: voice_msgnum:9
[2026-04-17 11:25:29] INFO     状态维稳，保持闭合 3.0s
[2026-04-17 11:25:32] INFO     继电器 OFF (切断充电)
[2026-04-17 11:25:32] INFO     继电器执行 -> OFF
[2026-04-17 11:25:32] INFO     物理断电静置 3.0s
[2026-04-17 11:25:35] INFO     【结论】 [PASS] 成功关键字: voice_msgnum:9
[2026-04-17 11:25:35] INFO     统计 -> 成功: 2 | 失败: 0 | 异常: 0 | 成功率: 100.0%
[2026-04-17 11:25:35] INFO     
-------------------- 第 3 轮 | 最大监听: 5.9s --------------------
[2026-04-17 11:25:35] INFO     继电器 ON (开始充电)
[2026-04-17 11:25:35] INFO     继电器执行 -> ON
[2026-04-17 11:25:37] INFO     捕获目标指令: voice_msgnum:9
[2026-04-17 11:25:37] INFO     状态维稳，保持闭合 3.0s
[2026-04-17 11:25:40] INFO     继电器 OFF (切断充电)
[2026-04-17 11:25:40] INFO     继电器执行 -> OFF
[2026-04-17 11:25:40] INFO     物理断电静置 3.0s
[2026-04-17 11:25:43] INFO     【结论】 [PASS] 成功关键字: voice_msgnum:9
[2026-04-17 11:25:43] INFO     统计 -> 成功: 3 | 失败: 0 | 异常: 0 | 成功率: 100.0%
[2026-04-17 11:25:43] INFO     
-------------------- 第 4 轮 | 最大监听: 5.0s --------------------
[2026-04-17 11:25:43] INFO     继电器 ON (开始充电)
[2026-04-17 11:25:43] INFO     继电器执行 -> ON
[2026-04-17 11:25:45] INFO     捕获目标指令: voice_msgnum:9
[2026-04-17 11:25:45] INFO     状态维稳，保持闭合 3.0s
[2026-04-17 11:25:48] INFO     继电器 OFF (切断充电)
[2026-04-17 11:25:48] INFO     继电器执行 -> OFF
[2026-04-17 11:25:48] INFO     物理断电静置 3.0s
[2026-04-17 11:25:51] INFO     【结论】 [PASS] 成功关键字: voice_msgnum:9
[2026-04-17 11:25:51] INFO     统计 -> 成功: 4 | 失败: 0 | 异常: 0 | 成功率: 100.0%
[2026-04-17 11:25:51] INFO     
-------------------- 第 5 轮 | 最大监听: 5.1s --------------------
[2026-04-17 11:25:51] INFO     继电器 ON (开始充电)
[2026-04-17 11:25:51] INFO     继电器执行 -> ON
[2026-04-17 11:25:53] INFO     捕获目标指令: voice_msgnum:9
[2026-04-17 11:25:53] INFO     状态维稳，保持闭合 3.0s
[2026-04-17 11:25:56] INFO     继电器 OFF (切断充电)
[2026-04-17 11:25:56] INFO     继电器执行 -> OFF
[2026-04-17 11:25:56] INFO     物理断电静置 3.0s
[2026-04-17 11:25:59] INFO     【结论】 [PASS] 成功关键字: voice_msgnum:9
[2026-04-17 11:25:59] INFO     统计 -> 成功: 5 | 失败: 0 | 异常: 0 | 成功率: 100.0%
[2026-04-17 11:25:59] INFO     
-------------------- 第 6 轮 | 最大监听: 5.1s --------------------
[2026-04-17 11:25:59] INFO     继电器 ON (开始充电)
[2026-04-17 11:25:59] INFO     继电器执行 -> ON
[2026-04-17 11:26:00] INFO     捕获目标指令: voice_msgnum:9
[2026-04-17 11:26:00] INFO     状态维稳，保持闭合 3.0s
[2026-04-17 11:26:03] INFO     继电器 OFF (切断充电)
[2026-04-17 11:26:03] INFO     继电器执行 -> OFF
[2026-04-17 11:26:03] INFO     物理断电静置 3.0s
[2026-04-17 11:26:06] INFO     【结论】 [PASS] 成功关键字: voice_msgnum:9
[2026-04-17 11:26:06] INFO     统计 -> 成功: 6 | 失败: 0 | 异常: 0 | 成功率: 100.0%
[2026-04-17 11:26:06] INFO     
-------------------- 第 7 轮 | 最大监听: 5.1s --------------------
[2026-04-17 11:26:06] INFO     继电器 ON (开始充电)
[2026-04-17 11:26:06] INFO     继电器执行 -> ON
[2026-04-17 11:26:08] INFO     捕获目标指令: voice_msgnum:9
[2026-04-17 11:26:08] INFO     状态维稳，保持闭合 3.0s
[2026-04-17 11:26:11] INFO     继电器 OFF (切断充电)
[2026-04-17 11:26:11] INFO     继电器执行 -> OFF
[2026-04-17 11:26:11] INFO     物理断电静置 3.0s
[2026-04-17 11:26:14] INFO     【结论】 [PASS] 成功关键字: voice_msgnum:9
[2026-04-17 11:26:14] INFO     统计 -> 成功: 7 | 失败: 0 | 异常: 0 | 成功率: 100.0%
[2026-04-17 11:26:14] INFO     
-------------------- 第 8 轮 | 最大监听: 5.4s --------------------
[2026-04-17 11:26:14] INFO     继电器 ON (开始充电)
[2026-04-17 11:26:14] INFO     继电器执行 -> ON
[2026-04-17 11:26:16] INFO     捕获目标指令: voice_msgnum:9
[2026-04-17 11:26:16] INFO     状态维稳，保持闭合 3.0s
[2026-04-17 11:26:19] INFO     继电器 OFF (切断充电)
[2026-04-17 11:26:19] INFO     继电器执行 -> OFF
[2026-04-17 11:26:19] INFO     物理断电静置 3.0s
[2026-04-17 11:26:22] INFO     【结论】 [PASS] 成功关键字: voice_msgnum:9
[2026-04-17 11:26:22] INFO     统计 -> 成功: 8 | 失败: 0 | 异常: 0 | 成功率: 100.0%
[2026-04-17 11:26:22] INFO     
-------------------- 第 9 轮 | 最大监听: 5.9s --------------------
[2026-04-17 11:26:22] INFO     继电器 ON (开始充电)
[2026-04-17 11:26:22] INFO     继电器执行 -> ON
[2026-04-17 11:26:24] INFO     捕获目标指令: voice_msgnum:9
[2026-04-17 11:26:24] INFO     状态维稳，保持闭合 3.0s
[2026-04-17 11:26:27] INFO     继电器 OFF (切断充电)
[2026-04-17 11:26:27] INFO     继电器执行 -> OFF
[2026-04-17 11:26:27] INFO     物理断电静置 3.0s
[2026-04-17 11:26:30] INFO     【结论】 [PASS] 成功关键字: voice_msgnum:9
[2026-04-17 11:26:30] INFO     统计 -> 成功: 9 | 失败: 0 | 异常: 0 | 成功率: 100.0%
[2026-04-17 11:26:30] INFO     
-------------------- 第 10 轮 | 最大监听: 5.0s --------------------
[2026-04-17 11:26:30] INFO     继电器 ON (开始充电)
[2026-04-17 11:26:30] INFO     继电器执行 -> ON
[2026-04-17 11:26:35] INFO     继电器 OFF (切断充电)
[2026-04-17 11:26:35] INFO     继电器执行 -> OFF
[2026-04-17 11:26:35] INFO     物理断电静置 3.0s
[2026-04-17 11:26:38] WARNING  【结论】 [FAIL] 超时未检测到成功关键字
[2026-04-17 11:26:38] INFO     统计 -> 成功: 9 | 失败: 1 | 异常: 0 | 成功率: 90.0%
[2026-04-17 11:26:38] INFO     
-------------------- 第 11 轮 | 最大监听: 5.2s --------------------
[2026-04-17 11:26:38] INFO     继电器 ON (开始充电)
[2026-04-17 11:26:38] INFO     继电器执行 -> ON
[2026-04-17 11:26:43] INFO     继电器 OFF (切断充电)
[2026-04-17 11:26:43] INFO     继电器执行 -> OFF
[2026-04-17 11:26:43] INFO     物理断电静置 3.0s
[2026-04-17 11:26:46] WARNING  【结论】 [FAIL] 超时未检测到成功关键字
[2026-04-17 11:26:46] INFO     统计 -> 成功: 9 | 失败: 2 | 异常: 0 | 成功率: 81.8%
[2026-04-17 11:26:46] INFO     
-------------------- 第 12 轮 | 最大监听: 5.2s --------------------
[2026-04-17 11:26:46] INFO     继电器 ON (开始充电)
[2026-04-17 11:26:46] INFO     继电器执行 -> ON
[2026-04-17 11:26:51] INFO     继电器 OFF (切断充电)
[2026-04-17 11:26:51] INFO     继电器执行 -> OFF
[2026-04-17 11:26:51] INFO     物理断电静置 3.0s
[2026-04-17 11:26:54] WARNING  【结论】 [FAIL] 超时未检测到成功关键字
[2026-04-17 11:26:54] INFO     统计 -> 成功: 9 | 失败: 3 | 异常: 0 | 成功率: 75.0%
[2026-04-17 11:26:54] INFO     
-------------------- 第 13 轮 | 最大监听: 5.0s --------------------
[2026-04-17 11:26:54] INFO     继电器 ON (开始充电)
[2026-04-17 11:26:54] INFO     继电器执行 -> ON
[2026-04-17 11:26:56] INFO     捕获目标指令: voice_msgnum:9
[2026-04-17 11:26:56] INFO     状态维稳，保持闭合 3.0s
[2026-04-17 11:26:59] INFO     继电器 OFF (切断充电)
[2026-04-17 11:26:59] INFO     继电器执行 -> OFF
[2026-04-17 11:26:59] INFO     物理断电静置 3.0s
[2026-04-17 11:27:02] INFO     【结论】 [PASS] 成功关键字: voice_msgnum:9
[2026-04-17 11:27:02] INFO     统计 -> 成功: 10 | 失败: 3 | 异常: 0 | 成功率: 76.9%
[2026-04-17 11:27:02] INFO     
-------------------- 第 14 轮 | 最大监听: 5.4s --------------------
[2026-04-17 11:27:02] INFO     继电器 ON (开始充电)
[2026-04-17 11:27:02] INFO     继电器执行 -> ON
[2026-04-17 11:27:04] INFO     捕获目标指令: voice_msgnum:9
[2026-04-17 11:27:04] INFO     状态维稳，保持闭合 3.0s
[2026-04-17 11:27:07] INFO     继电器 OFF (切断充电)
[2026-04-17 11:27:07] INFO     继电器执行 -> OFF
[2026-04-17 11:27:07] INFO     物理断电静置 3.0s
[2026-04-17 11:27:10] INFO     【结论】 [PASS] 成功关键字: voice_msgnum:9
[2026-04-17 11:27:10] INFO     统计 -> 成功: 11 | 失败: 3 | 异常: 0 | 成功率: 78.6%
[2026-04-17 11:27:10] INFO     
-------------------- 第 15 轮 | 最大监听: 5.6s --------------------
[2026-04-17 11:27:10] INFO     继电器 ON (开始充电)
[2026-04-17 11:27:10] INFO     继电器执行 -> ON
[2026-04-17 11:27:16] INFO     继电器 OFF (切断充电)
[2026-04-17 11:27:16] INFO     继电器执行 -> OFF
[2026-04-17 11:27:16] INFO     物理断电静置 3.0s
[2026-04-17 11:27:19] WARNING  【结论】 [FAIL] 超时未检测到成功关键字
[2026-04-17 11:27:19] INFO     统计 -> 成功: 11 | 失败: 4 | 异常: 0 | 成功率: 73.3%
[2026-04-17 11:27:19] INFO     
-------------------- 第 16 轮 | 最大监听: 5.0s --------------------
[2026-04-17 11:27:19] INFO     继电器 ON (开始充电)
[2026-04-17 11:27:19] INFO     继电器执行 -> ON
[2026-04-17 11:27:21] WARNING  手动中断，停止测试。
[2026-04-17 11:27:21] INFO     继电器执行 -> OFF
[2026-04-17 11:27:21] INFO     
=============== 最终测试报告 ===============
  目标循环:      500000 次
  成功次数:      11 次
  失败次数:      4 次
  异常次数:      0 次
  断连次数:      0 次
============================================
