[2026-04-17 11:29:56] INFO     ========== 继电器压力测试启动 ==========
[2026-04-17 11:29:56] INFO     串口检测 -> 继电器(CH340): COM7 | 设备(CP210x): COM3
[2026-04-17 11:29:56] INFO     >>> 执行环境初始清洗 (物理断电重置)...
[2026-04-17 11:29:56] INFO     继电器执行 -> OFF
[2026-04-17 11:29:57] INFO     
-------------------- 第 1 轮 | 最大监听: 10.0s --------------------
[2026-04-17 11:29:57] INFO     继电器 ON (开始充电)
[2026-04-17 11:29:58] INFO     继电器执行 -> ON
[2026-04-17 11:30:08] INFO     继电器 OFF (切断充电)
[2026-04-17 11:30:08] INFO     继电器执行 -> OFF
[2026-04-17 11:30:08] INFO     物理断电静置 3.0s
[2026-04-17 11:30:11] WARNING  【结论】 [FAIL] 超时未检测到成功关键字
[2026-04-17 11:30:11] INFO     统计 -> 成功: 0 | 失败: 1 | 异常: 0 | 成功率: 0.0%
[2026-04-17 11:30:11] INFO     
-------------------- 第 2 轮 | 最大监听: 10.0s --------------------
[2026-04-17 11:30:11] INFO     继电器 ON (开始充电)
[2026-04-17 11:30:11] INFO     继电器执行 -> ON
[2026-04-17 11:30:21] INFO     继电器 OFF (切断充电)
[2026-04-17 11:30:21] INFO     继电器执行 -> OFF
[2026-04-17 11:30:21] INFO     物理断电静置 3.0s
[2026-04-17 11:30:24] WARNING  【结论】 [FAIL] 超时未检测到成功关键字
[2026-04-17 11:30:24] INFO     统计 -> 成功: 0 | 失败: 2 | 异常: 0 | 成功率: 0.0%
[2026-04-17 11:30:24] INFO     
-------------------- 第 3 轮 | 最大监听: 10.0s --------------------
[2026-04-17 11:30:24] INFO     继电器 ON (开始充电)
[2026-04-17 11:30:24] INFO     继电器执行 -> ON
[2026-04-17 11:30:34] INFO     继电器 OFF (切断充电)
[2026-04-17 11:30:34] INFO     继电器执行 -> OFF
[2026-04-17 11:30:34] INFO     物理断电静置 3.0s
[2026-04-17 11:30:37] WARNING  【结论】 [FAIL] 超时未检测到成功关键字
[2026-04-17 11:30:37] INFO     统计 -> 成功: 0 | 失败: 3 | 异常: 0 | 成功率: 0.0%
[2026-04-17 11:30:37] INFO     
-------------------- 第 4 轮 | 最大监听: 10.0s --------------------
[2026-04-17 11:30:37] INFO     继电器 ON (开始充电)
[2026-04-17 11:30:37] INFO     继电器执行 -> ON
[2026-04-17 11:30:39] INFO     捕获目标指令: voice_msgnum:9
[2026-04-17 11:30:39] INFO     状态维稳，保持闭合 3.0s
[2026-04-17 11:30:42] INFO     继电器 OFF (切断充电)
[2026-04-17 11:30:42] INFO     继电器执行 -> OFF
[2026-04-17 11:30:42] INFO     物理断电静置 3.0s
[2026-04-17 11:30:45] INFO     【结论】 [PASS] 成功关键字: voice_msgnum:9
[2026-04-17 11:30:45] INFO     统计 -> 成功: 1 | 失败: 3 | 异常: 0 | 成功率: 25.0%
[2026-04-17 11:30:45] INFO     
-------------------- 第 5 轮 | 最大监听: 10.0s --------------------
[2026-04-17 11:30:45] INFO     继电器 ON (开始充电)
[2026-04-17 11:30:45] INFO     继电器执行 -> ON
[2026-04-17 11:30:46] INFO     捕获目标指令: voice_msgnum:9
[2026-04-17 11:30:46] INFO     状态维稳，保持闭合 3.0s
[2026-04-17 11:30:49] INFO     继电器 OFF (切断充电)
[2026-04-17 11:30:49] INFO     继电器执行 -> OFF
[2026-04-17 11:30:49] INFO     物理断电静置 3.0s
[2026-04-17 11:30:52] INFO     【结论】 [PASS] 成功关键字: voice_msgnum:9
[2026-04-17 11:30:52] INFO     统计 -> 成功: 2 | 失败: 3 | 异常: 0 | 成功率: 40.0%
[2026-04-17 11:30:52] INFO     
-------------------- 第 6 轮 | 最大监听: 10.0s --------------------
[2026-04-17 11:30:52] INFO     继电器 ON (开始充电)
[2026-04-17 11:30:53] INFO     继电器执行 -> ON
[2026-04-17 11:30:54] INFO     捕获目标指令: voice_msgnum:9
[2026-04-17 11:30:54] INFO     状态维稳，保持闭合 3.0s
[2026-04-17 11:30:57] INFO     继电器 OFF (切断充电)
[2026-04-17 11:30:57] INFO     继电器执行 -> OFF
[2026-04-17 11:30:57] INFO     物理断电静置 3.0s
[2026-04-17 11:31:00] INFO     【结论】 [PASS] 成功关键字: voice_msgnum:9
[2026-04-17 11:31:00] INFO     统计 -> 成功: 3 | 失败: 3 | 异常: 0 | 成功率: 50.0%
[2026-04-17 11:31:00] INFO     
-------------------- 第 7 轮 | 最大监听: 10.0s --------------------
[2026-04-17 11:31:00] INFO     继电器 ON (开始充电)
[2026-04-17 11:31:00] INFO     继电器执行 -> ON
[2026-04-17 11:31:02] INFO     捕获目标指令: voice_msgnum:9
[2026-04-17 11:31:02] INFO     状态维稳，保持闭合 3.0s
[2026-04-17 11:31:03] WARNING  手动中断，停止测试。
[2026-04-17 11:31:03] INFO     继电器执行 -> OFF
[2026-04-17 11:31:03] INFO     
=============== 最终测试报告 ===============
  目标循环:      500000 次
  成功次数:      3 次
  失败次数:      3 次
  异常次数:      0 次
  断连次数:      0 次
============================================
