[14:11:48.583775] --->
[32m[I/voice] voice_msg num: 9[0m
[14:12:01.689075] --->
[32m[I/ui] ui_switch_key suspend[0m
[32m[I/voice] voice_msg num: 0[0m
[32m[I/pms] pm_task_unlock[0m
[14:12:03.405335] --->
[32m[I/voice] voice_msg num: 9[0m
[14:12:16.513856] --->
[32m[I/ui] ui_switch_key suspend[0m
[32m[I/voice] voice_msg num: 0[0m
[14:12:36.529357] --->
[32m[I/voice] voice_msg num: 9[0m
[14:12:49.633613] --->
[32m[I/ui] ui_switch_key suspend[0m
[32m[I/voice] voice_msg num: 0[0m
[32m[I/pms] pm_task_lock[0m
[32m[I/pms] pm_alarm, alm_cnt: 239[0m
[32m[I/pms] pm_thread, recved: 0x8[0m
[32m[I/pms] pm_event, evt_cnt: 239[0m
[32m[I/pms] pm_task_unlock[0m
[14:13:24.846823] --->
[32m[I/ui] ui_switch_key suspend[0m
[32m[I/voice] voice_msg num: 0[0m
[14:13:35.560828] --->
[32m[I/voice] voice_msg num: 9[0m
