[2026-04-17 14:11:36] INFO     ========== 继电器压力测试启动 (增强版) ==========
[2026-04-17 14:11:36] INFO     串口检测 -> 继电器(CH340): COM7 | 设备(CP210x): COM3
[2026-04-17 14:11:36] INFO     >>> 执行环境初始清洗 (物理断电重置)...
[2026-04-17 14:11:36] INFO     继电器执行 -> OFF (指令已双重确认)
[2026-04-17 14:11:46] INFO     
-------------------- 第 1 轮 | 最大监听: 25.0s --------------------
[2026-04-17 14:11:46] INFO     继电器 ON (开始充电)
[2026-04-17 14:11:46] INFO     继电器执行 -> ON (指令已双重确认)
[2026-04-17 14:11:48] INFO     捕获目标指令: voice_msgnum:9
[2026-04-17 14:11:48] INFO     状态维稳，保持闭合 3.0s
[2026-04-17 14:11:51] INFO     继电器 OFF (切断充电)
[2026-04-17 14:11:51] INFO     继电器执行 -> OFF (指令已双重确认)
[2026-04-17 14:11:51] INFO     物理断电静置 10.0s (等待BMS状态机完全复位)
[2026-04-17 14:12:01] INFO     【结论】 [PASS] 成功关键字: voice_msgnum:9
[2026-04-17 14:12:01] INFO     统计 -> 成功: 1 | 失败: 0 | 异常: 0 | 成功率: 100.0%
[2026-04-17 14:12:01] INFO     
-------------------- 第 2 轮 | 最大监听: 25.0s --------------------
[2026-04-17 14:12:01] INFO     继电器 ON (开始充电)
[2026-04-17 14:12:01] INFO     继电器执行 -> ON (指令已双重确认)
[2026-04-17 14:12:03] INFO     捕获目标指令: voice_msgnum:9
[2026-04-17 14:12:03] INFO     状态维稳，保持闭合 3.0s
[2026-04-17 14:12:06] INFO     继电器 OFF (切断充电)
[2026-04-17 14:12:06] INFO     继电器执行 -> OFF (指令已双重确认)
[2026-04-17 14:12:06] INFO     物理断电静置 10.0s (等待BMS状态机完全复位)
[2026-04-17 14:12:16] INFO     【结论】 [PASS] 成功关键字: voice_msgnum:9
[2026-04-17 14:12:16] INFO     统计 -> 成功: 2 | 失败: 0 | 异常: 0 | 成功率: 100.0%
[2026-04-17 14:12:16] INFO     
-------------------- 第 3 轮 | 最大监听: 25.0s --------------------
[2026-04-17 14:12:16] INFO     继电器 ON (开始充电)
[2026-04-17 14:12:16] INFO     继电器执行 -> ON (指令已双重确认)
[2026-04-17 14:12:36] INFO     捕获目标指令: voice_msgnum:9
[2026-04-17 14:12:36] INFO     状态维稳，保持闭合 3.0s
[2026-04-17 14:12:39] INFO     继电器 OFF (切断充电)
[2026-04-17 14:12:39] INFO     继电器执行 -> OFF (指令已双重确认)
[2026-04-17 14:12:39] INFO     物理断电静置 10.0s (等待BMS状态机完全复位)
[2026-04-17 14:12:49] INFO     【结论】 [PASS] 成功关键字: voice_msgnum:9
[2026-04-17 14:12:49] INFO     统计 -> 成功: 3 | 失败: 0 | 异常: 0 | 成功率: 100.0%
[2026-04-17 14:12:49] INFO     
-------------------- 第 4 轮 | 最大监听: 25.0s --------------------
[2026-04-17 14:12:49] INFO     继电器 ON (开始充电)
[2026-04-17 14:12:49] INFO     继电器执行 -> ON (指令已双重确认)
[2026-04-17 14:13:14] INFO     继电器 OFF (切断充电)
[2026-04-17 14:13:14] INFO     继电器执行 -> OFF (指令已双重确认)
[2026-04-17 14:13:14] INFO     物理断电静置 10.0s (等待BMS状态机完全复位)
[2026-04-17 14:13:24] WARNING  【结论】 [FAIL] 超时未检测到成功关键字，设备可能未进入充电状态或响应过慢。
[2026-04-17 14:13:24] INFO     统计 -> 成功: 3 | 失败: 1 | 异常: 0 | 成功率: 75.0%
[2026-04-17 14:13:24] INFO     
-------------------- 第 5 轮 | 最大监听: 25.0s --------------------
[2026-04-17 14:13:24] INFO     继电器 ON (开始充电)
[2026-04-17 14:13:24] INFO     继电器执行 -> ON (指令已双重确认)
[2026-04-17 14:13:35] INFO     捕获目标指令: voice_msgnum:9
[2026-04-17 14:13:35] INFO     状态维稳，保持闭合 3.0s
[2026-04-17 14:13:38] WARNING  手动中断，停止测试。
[2026-04-17 14:13:38] INFO     >>> 测试结束，执行环境安全隔离...
[2026-04-17 14:13:38] INFO     继电器执行 -> OFF (指令已双重确认)
[2026-04-17 14:13:38] INFO     
=============== 最终测试报告 ===============
  目标循环:      500000 次
  成功次数:      3 次
  失败次数:      1 次
  异常次数:      0 次
  断连次数:      0 次
============================================
