[11:48:53.224062] --->
[32m[I/voice] voice_msg num: 9[0m
[11:49:06.289209] --->
[32m[I/ui] ui_switch_key suspend[0m
[32m[I/voice] voice_msg num: 0[0m
[11:49:08.018873] --->
[32m[I/voice] voice_msg num: 9[0m
[11:49:21.075843] --->
[32m[I/ui] ui_switch_key suspend[0m
[32m[I/voice] voice_msg num: 0[0m
[32m[I/pms] pm_task_lock[0m
[32m[I/pms] pm_alarm, alm_cnt: 95[0m
[32m[I/pms] pm_thread, recved: 0x8[0m
[32m[I/pms] pm_event, evt_cnt: 95[0m
[32m[I/pms] pm_task_unlock[0m
[11:49:22.874700] --->
[32m[I/voice] voice_msg num: 9[0m
[11:49:35.933130] --->
[32m[I/ui] ui_switch_key suspend[0m
[32m[I/voice] voice_msg num: 0[0m
[11:49:37.667050] --->
[32m[I/voice] voice_msg num: 9[0m
[11:49:50.723519] --->
[32m[I/ui] ui_switch_key suspend[0m
[32m[I/voice] voice_msg num: 0[0m
[11:49:52.446798] --->
[32m[I/voice] voice_msg num: 9[0m
[11:50:05.504935] --->
[32m[I/ui] ui_switch_key suspend[0m
[32m[I/voice] voice_msg num: 0[0m
[11:50:07.225409] --->
[32m[I/voice] voice_msg num: 9[0m
[11:50:20.281227] --->
[32m[I/ui] ui_switch_key suspend[0m
[32m[I/voice] voice_msg num: 0[0m
[32m[I/pms] pm_task_lock[0m
[32m[I/pms] pm_alarm, alm_cnt: 96[0m
[32m[I/pms] pm_thread, recved: 0x8[0m
[32m[I/pms] pm_event, evt_cnt: 96[0m
[32m[I/pms] pm_task_unlock[0m
[11:50:22.070489] --->
[32m[I/voice] voice_msg num: 9[0m
[11:50:35.130322] --->
[32m[I/ui] ui_switch_key suspend[0m
[32m[I/voice] voice_msg num: 0[0m
[11:50:36.850946] --->
[32m[I/voice] voice_msg num: 9[0m
[11:50:49.906568] --->
[32m[I/ui] ui_switch_key suspend[0m
[32m[I/voice] voice_msg num: 0[0m
[11:50:51.628886] --->
[32m[I/voice] voice_msg num: 9[0m
[11:51:04.684827] --->
[32m[I/ui] ui_switch_key suspend[0m
[32m[I/voice] voice_msg num: 0[0m
[11:51:06.407021] --->
[32m[I/voice] voice_msg num: 9[0m
[11:51:19.465752] --->
[32m[I/ui] ui_switch_key suspend[0m
[32m[I/voice] voice_msg num: 0[0m
[32m[I/pms] pm_task_lock[0m
[32m[I/pms] pm_alarm, alm_cnt: 97[0m
[32m[I/pms] pm_thread, recved: 0x8[0m
[32m[I/pms] pm_event, evt_cnt: 97[0m
[32m[I/pms] pm_task_unlock[0m
[11:51:21.258338] --->
[32m[I/voice] voice_msg num: 9[0m
[11:51:34.315504] --->
[32m[I/ui] ui_switch_key suspend[0m
[32m[I/voice] voice_msg num: 0[0m
[11:51:41.834273] --->
[32m[I/voice] voice_msg num: 9[0m
[11:51:54.885627] --->
[32m[I/ui] ui_switch_key suspend[0m
[32m[I/voice] voice_msg num: 0[0m
[11:52:14.992877] --->
[32m[I/ui] ui_switch_key suspend[0m
[32m[I/voice] voice_msg num: 0[0m
[11:52:25.045379] --->
[32m[I/pms] pm_task_lock[0m
[32m[I/pms] pm_alarm, alm_cnt: 98[0m
[32m[I/pms] pm_thread, recved: 0x8[0m
[32m[I/pms] pm_event, evt_cnt: 98[0m
[11:52:35.098005] --->
[32m[I/ui] ui_switch_key suspend[0m
[32m[I/voice] voice_msg num: 0[0m
[32m[I/pms] pm_task_unlock[0m
[11:52:55.204196] --->
[32m[I/ui] ui_switch_key suspend[0m
[32m[I/voice] voice_msg num: 0[0m
[11:53:15.316662] --->
[32m[I/ui] ui_switch_key suspend[0m
[32m[I/voice] voice_msg num: 0[0m
[32m[I/pms] pm_task_lock[0m
[32m[I/pms] pm_alarm, alm_cnt: 99[0m
[32m[I/pms] pm_thread, recved: 0x8[0m
[32m[I/pms] pm_event, evt_cnt: 99[0m
[11:53:35.426400] --->
[32m[I/ui] ui_switch_key suspend[0m
[32m[I/voice] voice_msg num: 0[0m
[32m[I/pms] pm_task_unlock[0m
[11:53:42.744934] --->
[32m[I/voice] voice_msg num: 9[0m
[11:53:55.799415] --->
[32m[I/ui] ui_switch_key suspend[0m
[32m[I/voice] voice_msg num: 0[0m
[11:54:15.905118] --->
[32m[I/ui] ui_switch_key suspend[0m
[32m[I/voice] voice_msg num: 0[0m
[32m[I/pms] pm_task_lock[0m
[32m[I/pms] pm_alarm, alm_cnt: 100[0m
[32m[I/pms] pm_thread, recved: 0x8[0m
[32m[I/pms] pm_event, evt_cnt: 100[0m
[11:54:36.014152] --->
[32m[I/ui] ui_switch_key suspend[0m
[32m[I/voice] voice_msg num: 0[0m
[32m[I/pms] pm_task_unlock[0m
[11:54:56.124031] --->
[32m[I/ui] ui_switch_key suspend[0m
[32m[I/voice] voice_msg num: 0[0m
[11:55:16.232905] --->
[32m[I/ui] ui_switch_key suspend[0m
[32m[I/voice] voice_msg num: 0[0m
[32m[I/pms] pm_task_lock[0m
[32m[I/pms] pm_alarm, alm_cnt: 101[0m
[32m[I/pms] pm_thread, recved: 0x8[0m
[32m[I/pms] pm_event, evt_cnt: 101[0m
[11:55:36.344050] --->
[32m[I/ui] ui_switch_key suspend[0m
[32m[I/voice] voice_msg num: 0[0m
[32m[I/pms] pm_task_unlock[0m
[11:55:56.454883] --->
[32m[I/ui] ui_switch_key suspend[0m
[32m[I/voice] voice_msg num: 0[0m
[11:56:16.562310] --->
[32m[I/ui] ui_switch_key suspend[0m
[32m[I/voice] voice_msg num: 0[0m
[32m[I/pms] pm_task_lock[0m
[32m[I/pms] pm_alarm, alm_cnt: 102[0m
[32m[I/pms] pm_thread, recved: 0x8[0m
[32m[I/pms] pm_event, evt_cnt: 102[0m
[11:56:36.670430] --->
[32m[I/ui] ui_switch_key suspend[0m
[32m[I/voice] voice_msg num: 0[0m
[32m[I/pms] pm_task_unlock[0m
[11:56:56.779816] --->
[32m[I/ui] ui_switch_key suspend[0m
[32m[I/voice] voice_msg num: 0[0m
[11:57:16.890164] --->
[32m[I/ui] ui_switch_key suspend[0m
[32m[I/voice] voice_msg num: 0[0m
[32m[I/pms] pm_task_lock[0m
[32m[I/pms] pm_alarm, alm_cnt: 103[0m
[32m[I/pms] pm_thread, recved: 0x8[0m
[32m[I/pms] pm_event, evt_cnt: 103[0m
[11:57:18.593431] --->
[32m[I/voice] voice_msg num: 9[0m
[11:57:31.648320] --->
[32m[I/ui] ui_switch_key suspend[0m
[32m[I/voice] voice_msg num: 0[0m
[32m[I/pms] pm_task_unlock[0m
[11:57:33.332678] --->
[32m[I/voice] voice_msg num: 9[0m
[11:57:46.385329] --->
[32m[I/ui] ui_switch_key suspend[0m
[32m[I/voice] voice_msg num: 0[0m
[11:57:48.101112] --->
[32m[I/voice] voice_msg num: 9[0m
[11:58:01.158208] --->
[32m[I/ui] ui_switch_key suspend[0m
[32m[I/voice] voice_msg num: 0[0m
[11:58:21.263949] --->
[32m[I/ui] ui_switch_key suspend[0m
[32m[I/voice] voice_msg num: 0[0m
[32m[I/pms] pm_task_lock[0m
[32m[I/pms] pm_alarm, alm_cnt: 104[0m
[32m[I/pms] pm_thread, recved: 0x8[0m
[32m[I/pms] pm_event, evt_cnt: 104[0m
[32m[I/pms] pm_task_unlock[0m
[11:58:41.372933] --->
[32m[I/ui] ui_switch_key suspend[0m
[32m[I/voice] voice_msg num: 0[0m
[11:59:01.481165] --->
[32m[I/ui] ui_switch_key suspend[0m
[32m[I/voice] voice_msg num: 0[0m
[11:59:21.589836] --->
[32m[I/ui] ui_switch_key suspend[0m
[32m[I/voice] voice_msg num: 0[0m
[32m[I/pms] pm_task_lock[0m
[32m[I/pms] pm_alarm, alm_cnt: 105[0m
[32m[I/pms] pm_thread, recved: 0x8[0m
[32m[I/pms] pm_event, evt_cnt: 105[0m
[32m[I/pms] pm_task_unlock[0m
[11:59:41.700243] --->
[32m[I/ui] ui_switch_key suspend[0m
[32m[I/voice] voice_msg num: 0[0m
[12:00:01.805384] --->
[32m[I/ui] ui_switch_key suspend[0m
[32m[I/voice] voice_msg num: 0[0m
[12:00:21.913404] --->
[32m[I/ui] ui_switch_key suspend[0m
[32m[I/voice] voice_msg num: 0[0m
[32m[I/pms] pm_task_lock[0m
[32m[I/pms] pm_alarm, alm_cnt: 106[0m
[32m[I/pms] pm_thread, recved: 0x8[0m
[32m[I/pms] pm_event, evt_cnt: 106[0m
[32m[I/pms] pm_task_unlock[0m
[12:00:42.025198] --->
[32m[I/ui] ui_switch_key suspend[0m
[32m[I/voice] voice_msg num: 0[0m
[12:01:02.136270] --->
[32m[I/ui] ui_switch_key suspend[0m
[32m[I/voice] voice_msg num: 0[0m
[12:01:22.243250] --->
[32m[I/pms] pm_task_lock[0m
[32m[I/pms] pm_alarm, alm_cnt: 107[0m
[32m[I/pms] pm_thread, recved: 0x8[0m
[32m[I/pms] pm_event, evt_cnt: 107[0m
[32m[I/ui] ui_switch_key suspend[0m
[32m[I/voice] voice_msg num: 0[0m
[32m[I/pms] pm_task_unlock[0m
[12:01:42.353497] --->
[32m[I/ui] ui_switch_key suspend[0m
[32m[I/voice] voice_msg num: 0[0m
[12:02:02.460675] --->
[32m[I/ui] ui_switch_key suspend[0m
[32m[I/voice] voice_msg num: 0[0m
[12:02:12.516965] --->
[32m[I/pms] pm_task_lock[0m
[32m[I/pms] pm_alarm, alm_cnt: 108[0m
[32m[I/pms] pm_thread, recved: 0x8[0m
[32m[I/pms] pm_event, evt_cnt: 108[0m
[12:02:22.568289] --->
[32m[I/ui] ui_switch_key suspend[0m
[32m[I/voice] voice_msg num: 0[0m
[32m[I/pms] pm_task_unlock[0m
[12:02:30.081472] --->
[32m[I/voice] voice_msg num: 9[0m
[12:02:43.139687] --->
[32m[I/ui] ui_switch_key suspend[0m
[32m[I/voice] voice_msg num: 0[0m
[12:02:44.854238] --->
[32m[I/voice] voice_msg num: 9[0m
[12:02:57.909205] --->
[32m[I/ui] ui_switch_key suspend[0m
[32m[I/voice] voice_msg num: 0[0m
[12:02:59.622997] --->
[32m[I/voice] voice_msg num: 9[0m
[12:03:12.679549] --->
[32m[I/ui] ui_switch_key suspend[0m
[32m[I/voice] voice_msg num: 0[0m
[32m[I/pms] pm_task_lock[0m
[32m[I/pms] pm_alarm, alm_cnt: 109[0m
[32m[I/pms] pm_thread, recved: 0x8[0m
[32m[I/pms] pm_event, evt_cnt: 109[0m
[12:03:14.532393] --->
[32m[I/voice] voice_msg num: 9[0m
[12:03:27.587124] --->
[32m[I/ui] ui_switch_key suspend[0m
[32m[I/voice] voice_msg num: 0[0m
[32m[I/pms] pm_task_unlock[0m
[12:03:29.299700] --->
[32m[I/voice] voice_msg num: 9[0m
[12:03:42.356566] --->
[32m[I/ui] ui_switch_key suspend[0m
[32m[I/voice] voice_msg num: 0[0m
[12:03:44.073912] --->
[32m[I/voice] voice_msg num: 9[0m
[12:03:57.132626] --->
[32m[I/ui] ui_switch_key suspend[0m
[32m[I/voice] voice_msg num: 0[0m
[12:03:58.846272] --->
[32m[I/voice] voice_msg num: 9[0m
[12:04:11.900572] --->
[32m[I/ui] ui_switch_key suspend[0m
[32m[I/voice] voice_msg num: 0[0m
[32m[I/pms] pm_task_lock[0m
[32m[I/pms] pm_alarm, alm_cnt: 110[0m
[32m[I/pms] pm_thread, recved: 0x8[0m
[32m[I/pms] pm_event, evt_cnt: 110[0m
[12:04:13.668899] --->
[32m[I/voice] voice_msg num: 9[0m
[12:04:26.726641] --->
[32m[I/ui] ui_switch_key suspend[0m
[32m[I/voice] voice_msg num: 0[0m
[32m[I/pms] pm_task_unlock[0m
[12:04:28.440673] --->
[32m[I/voice] voice_msg num: 9[0m
[12:04:41.499436] --->
[32m[I/ui] ui_switch_key suspend[0m
[32m[I/voice] voice_msg num: 0[0m
[12:04:43.218375] --->
[32m[I/voice] voice_msg num: 9[0m
[12:04:56.278428] --->
[32m[I/ui] ui_switch_key suspend[0m
[32m[I/voice] voice_msg num: 0[0m
[12:04:57.994688] --->
[32m[I/voice] voice_msg num: 9[0m
[12:05:11.049358] --->
[32m[I/ui] ui_switch_key suspend[0m
[32m[I/voice] voice_msg num: 0[0m
[12:05:12.761290] --->
[32m[I/pms] pm_task_lock[0m
[32m[I/pms] pm_alarm, alm_cnt: 111[0m
[32m[I/pms] pm_thread, recved: 0x8[0m
[32m[I/pms] pm_event, evt_cnt: 111[0m
[32m[I/voice] voice_msg num: 9[0m
[12:05:25.818655] --->
[32m[I/ui] ui_switch_key suspend[0m
[32m[I/voice] voice_msg num: 0[0m
[32m[I/pms] pm_task_unlock[0m
[12:05:27.636476] --->
[32m[I/voice] voice_msg num: 9[0m
[12:05:40.690861] --->
[32m[I/ui] ui_switch_key suspend[0m
[32m[I/voice] voice_msg num: 0[0m
[12:05:42.406207] --->
[32m[I/voice] voice_msg num: 9[0m
[12:05:55.461854] --->
[32m[I/ui] ui_switch_key suspend[0m
[32m[I/voice] voice_msg num: 0[0m
[12:05:57.175121] --->
[32m[I/voice] voice_msg num: 9[0m
[12:06:10.235519] --->
[32m[I/ui] ui_switch_key suspend[0m
[32m[I/voice] voice_msg num: 0[0m
[12:06:11.951656] --->
[32m[I/pms] pm_task_lock[0m
[32m[I/pms] pm_alarm, alm_cnt: 112[0m
[32m[I/pms] pm_thread, recved: 0x8[0m
[32m[I/pms] pm_event, evt_cnt: 112[0m
[32m[I/voice] voice_msg num: 9[0m
[12:06:25.008057] --->
[32m[I/ui] ui_switch_key suspend[0m
[32m[I/voice] voice_msg num: 0[0m
[32m[I/pms] pm_task_unlock[0m
[12:06:26.834674] --->
[32m[I/voice] voice_msg num: 9[0m
[12:06:39.891352] --->
[32m[I/ui] ui_switch_key suspend[0m
[32m[I/voice] voice_msg num: 0[0m
[12:06:41.608905] --->
[32m[I/voice] voice_msg num: 9[0m
[12:06:54.667691] --->
[32m[I/ui] ui_switch_key suspend[0m
[32m[I/voice] voice_msg num: 0[0m
[12:06:58.782235] --->
[32m[I/voice] voice_msg num: 9[0m
[12:07:11.841192] --->
[32m[I/ui] ui_switch_key suspend[0m
[32m[I/voice] voice_msg num: 0[0m
[32m[I/pms] pm_task_lock[0m
[32m[I/pms] pm_alarm, alm_cnt: 113[0m
[32m[I/pms] pm_thread, recved: 0x8[0m
[32m[I/pms] pm_event, evt_cnt: 113[0m
[12:07:13.559387] --->
[32m[I/voice] voice_msg num: 9[0m
[12:07:26.616410] --->
[32m[I/ui] ui_switch_key suspend[0m
[32m[I/voice] voice_msg num: 0[0m
[32m[I/pms] pm_task_unlock[0m
[12:07:30.731233] --->
[32m[I/voice] voice_msg num: 9[0m
[12:07:43.787431] --->
[32m[I/ui] ui_switch_key suspend[0m
[32m[I/voice] voice_msg num: 0[0m
[12:07:45.506508] --->
[32m[I/voice] voice_msg num: 9[0m
[12:07:58.562067] --->
[32m[I/ui] ui_switch_key suspend[0m
[32m[I/voice] voice_msg num: 0[0m
[12:08:00.278819] --->
[32m[I/voice] voice_msg num: 9[0m
[12:08:13.339876] --->
[32m[I/ui] ui_switch_key suspend[0m
[32m[I/voice] voice_msg num: 0[0m
[32m[I/pms] pm_task_lock[0m
[32m[I/pms] pm_alarm, alm_cnt: 114[0m
[32m[I/pms] pm_thread, recved: 0x8[0m
[32m[I/pms] pm_event, evt_cnt: 114[0m
[12:08:15.109762] --->
[32m[I/voice] voice_msg num: 9[0m
[12:08:28.163176] --->
[32m[I/ui] ui_switch_key suspend[0m
[32m[I/voice] voice_msg num: 0[0m
[32m[I/pms] pm_task_unlock[0m
[12:08:29.940912] --->
[32m[I/voice] voice_msg num: 9[0m
[12:08:42.998665] --->
[32m[I/ui] ui_switch_key suspend[0m
[32m[I/voice] voice_msg num: 0[0m
[12:08:44.715330] --->
[32m[I/voice] voice_msg num: 9[0m
[12:08:57.771646] --->
[32m[I/ui] ui_switch_key suspend[0m
[32m[I/voice] voice_msg num: 0[0m
[12:08:59.486224] --->
[32m[I/voice] voice_msg num: 9[0m
[12:09:12.543653] --->
[32m[I/ui] ui_switch_key suspend[0m
[32m[I/voice] voice_msg num: 0[0m
[32m[I/pms] pm_task_lock[0m
[32m[I/pms] pm_alarm, alm_cnt: 115[0m
[32m[I/pms] pm_thread, recved: 0x8[0m
[32m[I/pms] pm_event, evt_cnt: 115[0m
[12:09:14.246177] --->
[32m[I/voice] voice_msg num: 9[0m
[12:09:27.302996] --->
[32m[I/ui] ui_switch_key suspend[0m
[32m[I/voice] voice_msg num: 0[0m
[32m[I/pms] pm_task_unlock[0m
[12:09:29.087305] --->
[32m[I/voice] voice_msg num: 9[0m
[12:09:42.143328] --->
[32m[I/ui] ui_switch_key suspend[0m
[32m[I/voice] voice_msg num: 0[0m
[12:09:43.857945] --->
[32m[I/voice] voice_msg num: 9[0m
[12:09:56.917290] --->
[32m[I/ui] ui_switch_key suspend[0m
[32m[I/voice] voice_msg num: 0[0m
[12:09:58.630563] --->
[32m[I/voice] voice_msg num: 9[0m
[12:10:11.686636] --->
[32m[I/ui] ui_switch_key suspend[0m
[32m[I/voice] voice_msg num: 0[0m
[32m[I/pms] pm_task_lock[0m
[32m[I/pms] pm_alarm, alm_cnt: 116[0m
[32m[I/pms] pm_thread, recved: 0x8[0m
[32m[I/pms] pm_event, evt_cnt: 116[0m
[12:10:13.379525] --->
[32m[I/voice] voice_msg num: 9[0m
[12:10:26.432538] --->
[32m[I/ui] ui_switch_key suspend[0m
[32m[I/voice] voice_msg num: 0[0m
[32m[I/pms] pm_task_unlock[0m
[12:10:28.150120] --->
[32m[I/voice] voice_msg num: 9[0m
[12:10:41.203807] --->
[32m[I/ui] ui_switch_key suspend[0m
[32m[I/voice] voice_msg num: 0[0m
[12:10:42.919709] --->
[32m[I/voice] voice_msg num: 9[0m
[12:10:55.975572] --->
[32m[I/ui] ui_switch_key suspend[0m
[32m[I/voice] voice_msg num: 0[0m
[12:10:57.692322] --->
[32m[I/voice] voice_msg num: 9[0m
[12:11:10.749748] --->
[32m[I/ui] ui_switch_key suspend[0m
[32m[I/voice] voice_msg num: 0[0m
[32m[I/pms] pm_task_lock[0m
[32m[I/pms] pm_alarm, alm_cnt: 117[0m
[32m[I/pms] pm_thread, recved: 0x8[0m
[32m[I/pms] pm_event, evt_cnt: 117[0m
[12:11:12.533978] --->
[32m[I/voice] voice_msg num: 9[0m
[12:11:25.596020] --->
[32m[I/ui] ui_switch_key suspend[0m
[32m[I/voice] voice_msg num: 0[0m
[32m[I/pms] pm_task_unlock[0m
[12:11:27.309746] --->
[32m[I/voice] voice_msg num: 9[0m
[12:11:40.365346] --->
[32m[I/ui] ui_switch_key suspend[0m
[32m[I/voice] voice_msg num: 0[0m
[12:11:42.078050] --->
[32m[I/voice] voice_msg num: 9[0m
[12:11:55.137994] --->
[32m[I/ui] ui_switch_key suspend[0m
[32m[I/voice] voice_msg num: 0[0m
[12:11:56.853755] --->
[32m[I/voice] voice_msg num: 9[0m
[12:12:09.913855] --->
[32m[I/ui] ui_switch_key suspend[0m
[32m[I/voice] voice_msg num: 0[0m
[32m[I/pms] pm_task_lock[0m
[32m[I/pms] pm_alarm, alm_cnt: 118[0m
[32m[I/pms] pm_thread, recved: 0x8[0m
[32m[I/pms] pm_event, evt_cnt: 118[0m
[12:12:11.699994] --->
[32m[I/voice] voice_msg num: 9[0m
[12:12:24.756089] --->
[32m[I/ui] ui_switch_key suspend[0m
[32m[I/voice] voice_msg num: 0[0m
[32m[I/pms] pm_task_unlock[0m
[12:12:26.469393] --->
[32m[I/voice] voice_msg num: 9[0m
[12:12:39.524059] --->
[32m[I/ui] ui_switch_key suspend[0m
[32m[I/voice] voice_msg num: 0[0m
[12:12:41.239330] --->
[32m[I/voice] voice_msg num: 9[0m
[12:12:54.295278] --->
[32m[I/ui] ui_switch_key suspend[0m
[32m[I/voice] voice_msg num: 0[0m
[12:12:56.009880] --->
[32m[I/voice] voice_msg num: 9[0m
[12:13:09.071011] --->
[32m[I/ui] ui_switch_key suspend[0m
[32m[I/voice] voice_msg num: 0[0m
[12:13:10.785960] --->
[32m[I/pms] pm_task_lock[0m
[32m[I/pms] pm_alarm, alm_cnt: 119[0m
[32m[I/pms] pm_thread, recved: 0x8[0m
[32m[I/pms] pm_event, evt_cnt: 119[0m
[32m[I/voice] voice_msg num: 9[0m
[12:13:23.837714] --->
[32m[I/ui] ui_switch_key suspend[0m
[32m[I/voice] voice_msg num: 0[0m
[32m[I/pms] pm_task_unlock[0m
[12:13:25.623014] --->
[32m[I/voice] voice_msg num: 9[0m
[12:13:38.678105] --->
[32m[I/ui] ui_switch_key suspend[0m
[32m[I/voice] voice_msg num: 0[0m
[12:13:40.390841] --->
[32m[I/voice] voice_msg num: 9[0m
[12:13:53.449630] --->
[32m[I/ui] ui_switch_key suspend[0m
[32m[I/voice] voice_msg num: 0[0m
[12:13:55.163689] --->
[32m[I/voice] voice_msg num: 9[0m
[12:14:08.225223] --->
[32m[I/ui] ui_switch_key suspend[0m
[32m[I/voice] voice_msg num: 0[0m
[12:14:09.939457] --->
[32m[I/pms] pm_task_lock[0m
[32m[I/pms] pm_alarm, alm_cnt: 120[0m
[32m[I/pms] pm_thread, recved: 0x8[0m
[32m[I/pms] pm_event, evt_cnt: 120[0m
[32m[I/voice] voice_msg num: 9[0m
[12:14:22.993248] --->
[32m[I/ui] ui_switch_key suspend[0m
[32m[I/voice] voice_msg num: 0[0m
[32m[I/pms] pm_task_unlock[0m
[12:14:24.728774] --->
[32m[I/voice] voice_msg num: 9[0m
[12:14:37.785845] --->
[32m[I/ui] ui_switch_key suspend[0m
[32m[I/voice] voice_msg num: 0[0m
[12:14:39.502245] --->
[32m[I/voice] voice_msg num: 9[0m
[12:14:52.557440] --->
[32m[I/ui] ui_switch_key suspend[0m
[32m[I/voice] voice_msg num: 0[0m
[12:14:54.274324] --->
[32m[I/voice] voice_msg num: 9[0m
[12:15:07.330548] --->
[32m[I/ui] ui_switch_key suspend[0m
[32m[I/voice] voice_msg num: 0[0m
[12:15:09.044733] --->
[32m[I/pms] pm_task_lock[0m
[32m[I/pms] pm_alarm, alm_cnt: 121[0m
[32m[I/pms] pm_thread, recved: 0x8[0m
[32m[I/pms] pm_event, evt_cnt: 121[0m
[32m[I/voice] voice_msg num: 9[0m
[12:15:22.104690] --->
[32m[I/ui] ui_switch_key suspend[0m
[32m[I/voice] voice_msg num: 0[0m
[32m[I/pms] pm_task_unlock[0m
[12:15:23.922589] --->
[32m[I/voice] voice_msg num: 9[0m
[12:15:36.979906] --->
[32m[I/ui] ui_switch_key suspend[0m
[32m[I/voice] voice_msg num: 0[0m
[12:15:38.695738] --->
[32m[I/voice] voice_msg num: 9[0m
[12:15:51.751455] --->
[32m[I/ui] ui_switch_key suspend[0m
[32m[I/voice] voice_msg num: 0[0m
[12:15:53.465823] --->
[32m[I/voice] voice_msg num: 9[0m
[12:16:06.525476] --->
[32m[I/ui] ui_switch_key suspend[0m
[32m[I/voice] voice_msg num: 0[0m
[12:16:08.242219] --->
[32m[I/voice] voice_msg num: 9[0m
[12:16:11.244192] --->
[32m[I/pms] pm_task_lock[0m
[32m[I/pms] pm_alarm, alm_cnt: 122[0m
[32m[I/pms] pm_thread, recved: 0x8[0m
[32m[I/pms] pm_event, evt_cnt: 122[0m
[12:16:21.299883] --->
[32m[I/ui] ui_switch_key suspend[0m
[32m[I/voice] voice_msg num: 0[0m
[32m[I/pms] pm_task_unlock[0m
[12:16:23.012647] --->
[32m[I/voice] voice_msg num: 9[0m
[12:16:36.070379] --->
[32m[I/ui] ui_switch_key suspend[0m
[32m[I/voice] voice_msg num: 0[0m
[12:16:37.789034] --->
[32m[I/voice] voice_msg num: 9[0m
[12:16:50.843412] --->
[32m[I/ui] ui_switch_key suspend[0m
[32m[I/voice] voice_msg num: 0[0m
[12:16:52.560019] --->
[32m[I/voice] voice_msg num: 9[0m
[12:17:05.616522] --->
[32m[I/ui] ui_switch_key suspend[0m
[32m[I/voice] voice_msg num: 0[0m
[12:17:09.729951] --->
[32m[I/pms] pm_task_lock[0m
[32m[I/pms] pm_alarm, alm_cnt: 123[0m
[32m[I/pms] pm_thread, recved: 0x8[0m
[32m[I/pms] pm_event, evt_cnt: 123[0m
[32m[I/voice] voice_msg num: 9[0m
[12:17:22.785302] --->
[32m[I/ui] ui_switch_key suspend[0m
[32m[I/voice] voice_msg num: 0[0m
[32m[I/pms] pm_task_unlock[0m
[12:17:24.599694] --->
[32m[I/voice] voice_msg num: 9[0m
[12:17:37.655419] --->
[32m[I/ui] ui_switch_key suspend[0m
[32m[I/voice] voice_msg num: 0[0m
[12:17:39.369449] --->
[32m[I/voice] voice_msg num: 9[0m
[12:17:52.430289] --->
[32m[I/ui] ui_switch_key suspend[0m
[32m[I/voice] voice_msg num: 0[0m
[12:18:12.536360] --->
[32m[I/ui] ui_switch_key suspend[0m
[32m[I/voice] voice_msg num: 0[0m
[32m[I/pms] pm_task_lock[0m
[32m[I/pms] pm_alarm, alm_cnt: 124[0m
[32m[I/pms] pm_thread, recved: 0x8[0m
[32m[I/pms] pm_event, evt_cnt: 124[0m
[32m[I/pms] pm_task_unlock[0m
[12:18:32.644316] --->
[32m[I/ui] ui_switch_key suspend[0m
[32m[I/voice] voice_msg num: 0[0m
[12:18:52.755452] --->
[32m[I/ui] ui_switch_key suspend[0m
[32m[I/voice] voice_msg num: 0[0m
[12:19:12.861159] --->
[32m[I/ui] ui_switch_key suspend[0m
[32m[I/voice] voice_msg num: 0[0m
[32m[I/pms] pm_task_lock[0m
[32m[I/pms] pm_alarm, alm_cnt: 125[0m
[32m[I/pms] pm_thread, recved: 0x8[0m
[32m[I/pms] pm_event, evt_cnt: 125[0m
[32m[I/pms] pm_task_unlock[0m
[12:19:32.967949] --->
[32m[I/ui] ui_switch_key suspend[0m
[32m[I/voice] voice_msg num: 0[0m
[12:19:53.081478] --->
[32m[I/ui] ui_switch_key suspend[0m
[32m[I/voice] voice_msg num: 0[0m
[12:19:54.894590] --->
[32m[I/voice] voice_msg num: 9[0m
[12:20:07.953010] --->
[32m[I/ui] ui_switch_key suspend[0m
[32m[I/voice] voice_msg num: 0[0m
[32m[I/pms] pm_task_lock[0m
[32m[I/pms] pm_alarm, alm_cnt: 126[0m
[32m[I/pms] pm_thread, recved: 0x8[0m
[32m[I/pms] pm_event, evt_cnt: 126[0m
[12:20:11.899172] --->
[32m[I/voice] voice_msg num: 9[0m
[12:20:24.952046] --->
[32m[I/ui] ui_switch_key suspend[0m
[32m[I/voice] voice_msg num: 0[0m
[32m[I/pms] pm_task_unlock[0m
[12:20:45.057664] --->
[32m[I/ui] ui_switch_key suspend[0m
[32m[I/voice] voice_msg num: 0[0m
[12:21:05.166865] --->
[32m[I/ui] ui_switch_key suspend[0m
[32m[I/voice] voice_msg num: 0[0m
[12:21:06.883095] --->
[32m[I/voice] voice_msg num: 9[0m
[12:21:09.886794] --->
[32m[I/pms] pm_task_lock[0m
[32m[I/pms] pm_alarm, alm_cnt: 127[0m
[32m[I/pms] pm_thread, recved: 0x8[0m
[32m[I/pms] pm_event, evt_cnt: 127[0m
[12:21:19.943337] --->
[32m[I/ui] ui_switch_key suspend[0m
[32m[I/voice] voice_msg num: 0[0m
[32m[I/pms] pm_task_unlock[0m
[12:21:21.658653] --->
[32m[I/voice] voice_msg num: 9[0m
[12:21:34.716182] --->
[32m[I/ui] ui_switch_key suspend[0m
[32m[I/voice] voice_msg num: 0[0m
[12:21:36.429921] --->
[32m[I/voice] voice_msg num: 9[0m
[12:21:49.483308] --->
[32m[I/ui] ui_switch_key suspend[0m
[32m[I/voice] voice_msg num: 0[0m
[12:21:51.201841] --->
[32m[I/voice] voice_msg num: 9[0m
[12:22:04.259530] --->
[32m[I/ui] ui_switch_key suspend[0m
[32m[I/voice] voice_msg num: 0[0m
[12:22:05.974311] --->
[32m[I/voice] voice_msg num: 9[0m
[12:22:08.974863] --->
[32m[I/pms] pm_task_lock[0m
[32m[I/pms] pm_alarm, alm_cnt: 128[0m
[32m[I/pms] pm_thread, recved: 0x8[0m
[32m[I/pms] pm_event, evt_cnt: 128[0m
[12:22:19.026935] --->
[32m[I/ui] ui_switch_key suspend[0m
[32m[I/voice] voice_msg num: 0[0m
[32m[I/pms] pm_task_unlock[0m
[12:22:20.743593] --->
[32m[I/voice] voice_msg num: 9[0m
[12:22:33.797953] --->
[32m[I/ui] ui_switch_key suspend[0m
[32m[I/voice] voice_msg num: 0[0m
[12:22:35.514119] --->
[32m[I/voice] voice_msg num: 9[0m
[12:22:48.573546] --->
[32m[I/ui] ui_switch_key suspend[0m
[32m[I/voice] voice_msg num: 0[0m
[12:23:08.679366] --->
[32m[I/ui] ui_switch_key suspend[0m
[32m[I/voice] voice_msg num: 0[0m
[32m[I/pms] pm_task_lock[0m
[32m[I/pms] pm_alarm, alm_cnt: 129[0m
[32m[I/pms] pm_thread, recved: 0x8[0m
[32m[I/pms] pm_event, evt_cnt: 129[0m
[12:23:28.787525] --->
[32m[I/ui] ui_switch_key suspend[0m
[32m[I/voice] voice_msg num: 0[0m
[32m[I/pms] pm_task_unlock[0m
[12:23:30.463887] --->
[32m[I/voice] voice_msg num: 9[0m
[12:23:43.519292] --->
[32m[I/ui] ui_switch_key suspend[0m
[32m[I/voice] voice_msg num: 0[0m
[12:23:45.234019] --->
[32m[I/voice] voice_msg num: 9[0m
[12:23:58.290165] --->
[32m[I/ui] ui_switch_key suspend[0m
[32m[I/voice] voice_msg num: 0[0m
[12:24:00.009774] --->
[32m[I/voice] voice_msg num: 9[0m
[12:24:13.065121] --->
[32m[I/ui] ui_switch_key suspend[0m
[32m[I/voice] voice_msg num: 0[0m
[32m[I/pms] pm_task_lock[0m
[32m[I/pms] pm_alarm, alm_cnt: 130[0m
[32m[I/pms] pm_thread, recved: 0x8[0m
[32m[I/pms] pm_event, evt_cnt: 130[0m
[32m[I/pms] pm_task_unlock[0m
[12:24:14.747752] --->
[32m[I/voice] voice_msg num: 9[0m
[12:24:27.808065] --->
[32m[I/ui] ui_switch_key suspend[0m
[32m[I/voice] voice_msg num: 0[0m
[12:24:29.525904] --->
[32m[I/voice] voice_msg num: 9[0m
[12:24:42.583818] --->
[32m[I/ui] ui_switch_key suspend[0m
[32m[I/voice] voice_msg num: 0[0m
[12:24:44.296826] --->
[32m[I/voice] voice_msg num: 9[0m
[12:24:57.358525] --->
[32m[I/ui] ui_switch_key suspend[0m
[32m[I/voice] voice_msg num: 0[0m
[12:24:59.076302] --->
[32m[I/voice] voice_msg num: 9[0m
[12:25:12.134127] --->
[32m[I/ui] ui_switch_key suspend[0m
[32m[I/voice] voice_msg num: 0[0m
[32m[I/pms] pm_task_lock[0m
[32m[I/pms] pm_alarm, alm_cnt: 131[0m
[32m[I/pms] pm_thread, recved: 0x8[0m
[32m[I/pms] pm_event, evt_cnt: 131[0m
[32m[I/pms] pm_task_unlock[0m
[12:25:13.817345] --->
[32m[I/voice] voice_msg num: 9[0m
[12:25:26.877291] --->
[32m[I/ui] ui_switch_key suspend[0m
[32m[I/voice] voice_msg num: 0[0m
[12:25:46.982376] --->
[32m[I/ui] ui_switch_key suspend[0m
[32m[I/voice] voice_msg num: 0[0m
[12:25:48.696165] --->
[32m[I/voice] voice_msg num: 9[0m
[12:26:01.751851] --->
[32m[I/ui] ui_switch_key suspend[0m
[32m[I/voice] voice_msg num: 0[0m
[12:26:05.864832] --->
[32m[I/voice] voice_msg num: 9[0m
[12:26:08.866378] --->
[32m[I/pms] pm_task_lock[0m
[32m[I/pms] pm_alarm, alm_cnt: 132[0m
[32m[I/pms] pm_thread, recved: 0x8[0m
[32m[I/pms] pm_event, evt_cnt: 132[0m
[12:26:18.921546] --->
[32m[I/ui] ui_switch_key suspend[0m
[32m[I/voice] voice_msg num: 0[0m
[32m[I/pms] pm_task_unlock[0m
[12:26:20.735644] --->
[32m[I/voice] voice_msg num: 9[0m
[12:26:33.794769] --->
[32m[I/ui] ui_switch_key suspend[0m
[32m[I/voice] voice_msg num: 0[0m
[12:26:53.899447] --->
[32m[I/ui] ui_switch_key suspend[0m
[32m[I/voice] voice_msg num: 0[0m
[12:26:55.617372] --->
[32m[I/voice] voice_msg num: 9[0m
[12:27:08.671803] --->
[32m[I/ui] ui_switch_key suspend[0m
[32m[I/voice] voice_msg num: 0[0m
[32m[I/pms] pm_task_lock[0m
[32m[I/pms] pm_alarm, alm_cnt: 133[0m
[32m[I/pms] pm_thread, recved: 0x8[0m
[32m[I/pms] pm_event, evt_cnt: 133[0m
[12:27:28.781458] --->
[32m[I/ui] ui_switch_key suspend[0m
[32m[I/voice] voice_msg num: 0[0m
[32m[I/pms] pm_task_unlock[0m
[12:27:30.497400] --->
[32m[I/voice] voice_msg num: 9[0m
[12:27:43.552187] --->
[32m[I/ui] ui_switch_key suspend[0m
[32m[I/voice] voice_msg num: 0[0m
[12:27:45.268638] --->
[32m[I/voice] voice_msg num: 9[0m
[12:27:58.322955] --->
[32m[I/ui] ui_switch_key suspend[0m
[32m[I/voice] voice_msg num: 0[0m
[12:28:00.039052] --->
[32m[I/voice] voice_msg num: 9[0m
[12:28:13.095079] --->
[32m[I/ui] ui_switch_key suspend[0m
[32m[I/voice] voice_msg num: 0[0m
[32m[I/pms] pm_task_lock[0m
[32m[I/pms] pm_alarm, alm_cnt: 134[0m
[32m[I/pms] pm_thread, recved: 0x8[0m
[32m[I/pms] pm_event, evt_cnt: 134[0m
[32m[I/pms] pm_task_unlock[0m
[12:28:17.480104] --->
[32m[I/voice] voice_msg num: 9[0m
[12:28:30.536333] --->
[32m[I/ui] ui_switch_key suspend[0m
[32m[I/voice] voice_msg num: 0[0m
[12:28:50.646224] --->
[32m[I/ui] ui_switch_key suspend[0m
[32m[I/voice] voice_msg num: 0[0m
[12:29:10.757846] --->
[32m[I/ui] ui_switch_key suspend[0m
[32m[I/voice] voice_msg num: 0[0m
[32m[I/pms] pm_task_lock[0m
[32m[I/pms] pm_alarm, alm_cnt: 135[0m
[32m[I/pms] pm_thread, recved: 0x8[0m
[32m[I/pms] pm_event, evt_cnt: 135[0m
[32m[I/pms] pm_task_unlock[0m
[12:29:18.237370] --->
[32m[I/voice] voice_msg num: 9[0m
[12:29:31.295112] --->
[32m[I/ui] ui_switch_key suspend[0m
[32m[I/voice] voice_msg num: 0[0m
[12:29:33.014167] --->
[32m[I/voice] voice_msg num: 9[0m
[12:29:46.074233] --->
[32m[I/ui] ui_switch_key suspend[0m
[32m[I/voice] voice_msg num: 0[0m
[12:29:47.788139] --->
[32m[I/voice] voice_msg num: 9[0m
[12:30:00.845952] --->
[32m[I/ui] ui_switch_key suspend[0m
[32m[I/voice] voice_msg num: 0[0m
[12:30:02.558080] --->
[32m[I/voice] voice_msg num: 9[0m
[12:30:15.612776] --->
[32m[I/pms] pm_task_lock[0m
[32m[I/pms] pm_alarm, alm_cnt: 136[0m
[32m[I/pms] pm_thread, recved: 0x8[0m
[32m[I/pms] pm_event, evt_cnt: 136[0m
[32m[I/ui] ui_switch_key suspend[0m
[32m[I/voice] voice_msg num: 0[0m
[32m[I/pms] pm_task_unlock[0m
[12:30:17.369413] --->
[32m[I/voice] voice_msg num: 9[0m
[12:30:30.426890] --->
[32m[I/ui] ui_switch_key suspend[0m
[32m[I/voice] voice_msg num: 0[0m
[12:30:32.144456] --->
[32m[I/voice] voice_msg num: 9[0m
[12:30:45.205510] --->
[32m[I/ui] ui_switch_key suspend[0m
[32m[I/voice] voice_msg num: 0[0m
[12:30:46.920875] --->
[32m[I/voice] voice_msg num: 9[0m
[12:30:59.978623] --->
[32m[I/ui] ui_switch_key suspend[0m
[32m[I/voice] voice_msg num: 0[0m
[12:31:10.035449] --->
[32m[I/pms] pm_task_lock[0m
[32m[I/pms] pm_alarm, alm_cnt: 137[0m
[32m[I/pms] pm_thread, recved: 0x8[0m
[32m[I/pms] pm_event, evt_cnt: 137[0m
[12:31:20.087520] --->
[32m[I/ui] ui_switch_key suspend[0m
[32m[I/voice] voice_msg num: 0[0m
[32m[I/pms] pm_task_unlock[0m
[12:31:21.843764] --->
[32m[I/voice] voice_msg num: 9[0m
[12:31:34.899123] --->
[32m[I/ui] ui_switch_key suspend[0m
[32m[I/voice] voice_msg num: 0[0m
[12:31:36.614393] --->
[32m[I/voice] voice_msg num: 9[0m
[12:31:49.670103] --->
[32m[I/ui] ui_switch_key suspend[0m
[32m[I/voice] voice_msg num: 0[0m
[12:32:09.779305] --->
[32m[I/ui] ui_switch_key suspend[0m
[32m[I/voice] voice_msg num: 0[0m
[32m[I/pms] pm_task_lock[0m
[32m[I/pms] pm_alarm, alm_cnt: 138[0m
[32m[I/pms] pm_thread, recved: 0x8[0m
[32m[I/pms] pm_event, evt_cnt: 138[0m
[32m[I/pms] pm_task_unlock[0m
[12:32:29.884421] --->
[32m[I/ui] ui_switch_key suspend[0m
[32m[I/voice] voice_msg num: 0[0m
[12:32:49.994487] --->
[32m[I/ui] ui_switch_key suspend[0m
[32m[I/voice] voice_msg num: 0[0m
[12:33:10.104052] --->
[32m[I/ui] ui_switch_key suspend[0m
[32m[I/voice] voice_msg num: 0[0m
[32m[I/pms] pm_task_lock[0m
[32m[I/pms] pm_alarm, alm_cnt: 139[0m
[32m[I/pms] pm_thread, recved: 0x8[0m
[32m[I/pms] pm_event, evt_cnt: 139[0m
[32m[I/pms] pm_task_unlock[0m
[12:33:30.213173] --->
[32m[I/ui] ui_switch_key suspend[0m
[32m[I/voice] voice_msg num: 0[0m
[12:33:50.321949] --->
[32m[I/ui] ui_switch_key suspend[0m
[32m[I/voice] voice_msg num: 0[0m
[12:34:10.430613] --->
[32m[I/ui] ui_switch_key suspend[0m
[32m[I/voice] voice_msg num: 0[0m
[32m[I/pms] pm_task_lock[0m
[32m[I/pms] pm_alarm, alm_cnt: 140[0m
[32m[I/pms] pm_thread, recved: 0x8[0m
[32m[I/pms] pm_event, evt_cnt: 140[0m
[32m[I/pms] pm_task_unlock[0m
[12:34:30.536703] --->
[32m[I/ui] ui_switch_key suspend[0m
[32m[I/voice] voice_msg num: 0[0m
[12:34:50.644984] --->
[32m[I/ui] ui_switch_key suspend[0m
[32m[I/voice] voice_msg num: 0[0m
[12:34:58.258786] --->
[32m[I/voice] voice_msg num: 9[0m
[12:35:11.313950] --->
[32m[I/ui] ui_switch_key suspend[0m
[32m[I/voice] voice_msg num: 0[0m
[32m[I/pms] pm_task_lock[0m
[32m[I/pms] pm_alarm, alm_cnt: 141[0m
[32m[I/pms] pm_thread, recved: 0x8[0m
[32m[I/pms] pm_event, evt_cnt: 141[0m
[32m[I/pms] pm_task_unlock[0m
[12:35:31.421793] --->
[32m[I/ui] ui_switch_key suspend[0m
[32m[I/voice] voice_msg num: 0[0m
[12:35:51.528663] --->
[32m[I/ui] ui_switch_key suspend[0m
[32m[I/voice] voice_msg num: 0[0m
[12:36:11.633531] --->
[32m[I/ui] ui_switch_key suspend[0m
[32m[I/voice] voice_msg num: 0[0m
[32m[I/pms] pm_task_lock[0m
[32m[I/pms] pm_alarm, alm_cnt: 142[0m
[32m[I/pms] pm_thread, recved: 0x8[0m
[32m[I/pms] pm_event, evt_cnt: 142[0m
[32m[I/pms] pm_task_unlock[0m
[12:36:16.118281] --->
[32m[I/voice] voice_msg num: 9[0m
[12:36:29.177276] --->
[32m[I/ui] ui_switch_key suspend[0m
[32m[I/voice] voice_msg num: 0[0m
[12:36:49.285547] --->
[32m[I/ui] ui_switch_key suspend[0m
[32m[I/voice] voice_msg num: 0[0m
[12:37:09.392220] --->
[32m[I/ui] ui_switch_key suspend[0m
[32m[I/voice] voice_msg num: 0[0m
[32m[I/pms] pm_task_lock[0m
[32m[I/pms] pm_alarm, alm_cnt: 143[0m
[32m[I/pms] pm_thread, recved: 0x8[0m
[32m[I/pms] pm_event, evt_cnt: 143[0m
[32m[I/pms] pm_task_unlock[0m
[12:37:29.500251] --->
[32m[I/ui] ui_switch_key suspend[0m
[32m[I/voice] voice_msg num: 0[0m
[12:37:49.611821] --->
[32m[I/ui] ui_switch_key suspend[0m
[32m[I/voice] voice_msg num: 0[0m
[12:38:09.717890] --->
[32m[I/ui] ui_switch_key suspend[0m
[32m[I/voice] voice_msg num: 0[0m
[32m[I/pms] pm_task_lock[0m
[32m[I/pms] pm_alarm, alm_cnt: 144[0m
[32m[I/pms] pm_thread, recved: 0x8[0m
[32m[I/pms] pm_event, evt_cnt: 144[0m
[32m[I/pms] pm_task_unlock[0m
[12:38:29.823782] --->
[32m[I/ui] ui_switch_key suspend[0m
[32m[I/voice] voice_msg num: 0[0m
[12:38:49.929348] --->
[32m[I/ui] ui_switch_key suspend[0m
[32m[I/voice] voice_msg num: 0[0m
[12:39:10.037892] --->
[32m[I/ui] ui_switch_key suspend[0m
[32m[I/voice] voice_msg num: 0[0m
[32m[I/pms] pm_task_lock[0m
[32m[I/pms] pm_alarm, alm_cnt: 145[0m
[32m[I/pms] pm_thread, recved: 0x8[0m
[32m[I/pms] pm_event, evt_cnt: 145[0m
[32m[I/pms] pm_task_unlock[0m
[12:39:30.145310] --->
[32m[I/ui] ui_switch_key suspend[0m
[32m[I/voice] voice_msg num: 0[0m
[12:39:50.254767] --->
[32m[I/ui] ui_switch_key suspend[0m
[32m[I/voice] voice_msg num: 0[0m
[12:40:10.364667] --->
[32m[I/ui] ui_switch_key suspend[0m
[32m[I/voice] voice_msg num: 0[0m
[32m[I/pms] pm_task_lock[0m
[32m[I/pms] pm_alarm, alm_cnt: 146[0m
[32m[I/pms] pm_thread, recved: 0x8[0m
[32m[I/pms] pm_event, evt_cnt: 146[0m
[32m[I/pms] pm_task_unlock[0m
[12:40:30.477545] --->
[32m[I/ui] ui_switch_key suspend[0m
[32m[I/voice] voice_msg num: 0[0m
[12:40:50.582887] --->
[32m[I/ui] ui_switch_key suspend[0m
[32m[I/voice] voice_msg num: 0[0m
[12:41:10.687206] --->
[32m[I/ui] ui_switch_key suspend[0m
[32m[I/voice] voice_msg num: 0[0m
[32m[I/pms] pm_task_lock[0m
[32m[I/pms] pm_alarm, alm_cnt: 147[0m
[32m[I/pms] pm_thread, recved: 0x8[0m
[32m[I/pms] pm_event, evt_cnt: 147[0m
[32m[I/pms] pm_task_unlock[0m
[12:41:30.796627] --->
[32m[I/ui] ui_switch_key suspend[0m
[32m[I/voice] voice_msg num: 0[0m
[12:41:50.902591] --->
[32m[I/ui] ui_switch_key suspend[0m
[32m[I/voice] voice_msg num: 0[0m
[12:42:11.010232] --->
[32m[I/ui] ui_switch_key suspend[0m
[32m[I/voice] voice_msg num: 0[0m
[32m[I/pms] pm_task_lock[0m
[32m[I/pms] pm_alarm, alm_cnt: 148[0m
[32m[I/pms] pm_thread, recved: 0x8[0m
[32m[I/pms] pm_event, evt_cnt: 148[0m
[32m[I/pms] pm_task_unlock[0m
[12:42:31.118687] --->
[32m[I/ui] ui_switch_key suspend[0m
[32m[I/voice] voice_msg num: 0[0m
[12:42:51.226017] --->
[32m[I/ui] ui_switch_key suspend[0m
[32m[I/voice] voice_msg num: 0[0m
[12:43:11.331901] --->
[32m[I/ui] ui_switch_key suspend[0m
[32m[I/voice] voice_msg num: 0[0m
[32m[I/pms] pm_task_lock[0m
[32m[I/pms] pm_alarm, alm_cnt: 149[0m
[32m[I/pms] pm_thread, recved: 0x8[0m
[32m[I/pms] pm_event, evt_cnt: 149[0m
[32m[I/pms] pm_task_unlock[0m
[12:43:31.438110] --->
[32m[I/ui] ui_switch_key suspend[0m
[32m[I/voice] voice_msg num: 0[0m
[12:43:51.546189] --->
[32m[I/ui] ui_switch_key suspend[0m
[32m[I/voice] voice_msg num: 0[0m
[12:44:11.656021] --->
[32m[I/ui] ui_switch_key suspend[0m
[32m[I/voice] voice_msg num: 0[0m
[32m[I/pms] pm_task_lock[0m
[32m[I/pms] pm_alarm, alm_cnt: 150[0m
[32m[I/pms] pm_thread, recved: 0x8[0m
[32m[I/pms] pm_event, evt_cnt: 150[0m
[32m[I/pms] pm_task_unlock[0m
[12:44:31.762735] --->
[32m[I/ui] ui_switch_key suspend[0m
[32m[I/voice] voice_msg num: 0[0m
[12:44:51.871885] --->
[32m[I/ui] ui_switch_key suspend[0m
[32m[I/voice] voice_msg num: 0[0m
[12:45:11.977848] --->
[32m[I/ui] ui_switch_key suspend[0m
[32m[I/voice] voice_msg num: 0[0m
[32m[I/pms] pm_task_lock[0m
[32m[I/pms] pm_alarm, alm_cnt: 151[0m
[32m[I/pms] pm_thread, recved: 0x8[0m
[32m[I/pms] pm_event, evt_cnt: 151[0m
[32m[I/pms] pm_task_unlock[0m
[12:45:32.087038] --->
[32m[I/ui] ui_switch_key suspend[0m
[32m[I/voice] voice_msg num: 0[0m
[12:45:52.191034] --->
[32m[I/ui] ui_switch_key suspend[0m
[32m[I/voice] voice_msg num: 0[0m
[12:46:12.298321] --->
[32m[I/pms] pm_task_lock[0m
[32m[I/pms] pm_alarm, alm_cnt: 152[0m
[32m[I/pms] pm_thread, recved: 0x8[0m
[32m[I/pms] pm_event, evt_cnt: 152[0m
[32m[I/ui] ui_switch_key suspend[0m
[32m[I/voice] voice_msg num: 0[0m
[32m[I/pms] pm_task_unlock[0m
[12:46:32.406053] --->
[32m[I/ui] ui_switch_key suspend[0m
[32m[I/voice] voice_msg num: 0[0m
[12:46:52.514793] --->
[32m[I/ui] ui_switch_key suspend[0m
[32m[I/voice] voice_msg num: 0[0m
[12:47:02.571972] --->
[32m[I/pms] pm_task_lock[0m
[32m[I/pms] pm_alarm, alm_cnt: 153[0m
[32m[I/pms] pm_thread, recved: 0x8[0m
[32m[I/pms] pm_event, evt_cnt: 153[0m
[12:47:12.628320] --->
[32m[I/ui] ui_switch_key suspend[0m
[32m[I/voice] voice_msg num: 0[0m
[32m[I/pms] pm_task_unlock[0m
[12:47:32.734016] --->
[32m[I/ui] ui_switch_key suspend[0m
[32m[I/voice] voice_msg num: 0[0m
[12:47:52.839619] --->
[32m[I/ui] ui_switch_key suspend[0m
[32m[I/voice] voice_msg num: 0[0m
[12:47:54.554222] --->
[32m[I/voice] voice_msg num: 9[0m
[12:48:07.609893] --->
[32m[I/ui] ui_switch_key suspend[0m
[32m[I/voice] voice_msg num: 0[0m
[32m[I/pms] pm_task_lock[0m
[32m[I/pms] pm_alarm, alm_cnt: 154[0m
[32m[I/pms] pm_thread, recved: 0x8[0m
[32m[I/pms] pm_event, evt_cnt: 154[0m
[32m[I/pms] pm_task_unlock[0m
[12:48:27.717804] --->
[32m[I/ui] ui_switch_key suspend[0m
[32m[I/voice] voice_msg num: 0[0m
[12:48:47.826188] --->
[32m[I/ui] ui_switch_key suspend[0m
[32m[I/voice] voice_msg num: 0[0m
[12:48:49.638709] --->
[32m[I/voice] voice_msg num: 9[0m
[12:49:02.696118] --->
[32m[I/ui] ui_switch_key suspend[0m
[32m[I/voice] voice_msg num: 0[0m
[32m[I/pms] pm_task_lock[0m
[32m[I/pms] pm_alarm, alm_cnt: 155[0m
[32m[I/pms] pm_thread, recved: 0x8[0m
[32m[I/pms] pm_event, evt_cnt: 155[0m
[12:49:22.808266] --->
[32m[I/ui] ui_switch_key suspend[0m
[32m[I/voice] voice_msg num: 0[0m
[32m[I/pms] pm_task_unlock[0m
[12:49:24.489290] --->
[32m[I/voice] voice_msg num: 9[0m
[12:49:37.547877] --->
[32m[I/ui] ui_switch_key suspend[0m
[32m[I/voice] voice_msg num: 0[0m
[12:49:39.262226] --->
[32m[I/voice] voice_msg num: 9[0m
[12:49:52.321268] --->
[32m[I/ui] ui_switch_key suspend[0m
[32m[I/voice] voice_msg num: 0[0m
[12:49:54.038448] --->
[32m[I/voice] voice_msg num: 9[0m
[12:50:07.094141] --->
[32m[I/ui] ui_switch_key suspend[0m
[32m[I/voice] voice_msg num: 0[0m
[32m[I/pms] pm_task_lock[0m
[32m[I/pms] pm_alarm, alm_cnt: 156[0m
[32m[I/pms] pm_thread, recved: 0x8[0m
[32m[I/pms] pm_event, evt_cnt: 156[0m
[32m[I/pms] pm_task_unlock[0m
[12:50:08.775855] --->
[32m[I/voice] voice_msg num: 9[0m
[12:50:21.836415] --->
[32m[I/ui] ui_switch_key suspend[0m
[32m[I/voice] voice_msg num: 0[0m
[12:50:23.549512] --->
[32m[I/voice] voice_msg num: 9[0m
[12:50:36.607466] --->
[32m[I/ui] ui_switch_key suspend[0m
[32m[I/voice] voice_msg num: 0[0m
[12:50:38.320668] --->
[32m[I/voice] voice_msg num: 9[0m
[12:50:51.374842] --->
[32m[I/ui] ui_switch_key suspend[0m
[32m[I/voice] voice_msg num: 0[0m
[12:50:53.088187] --->
[32m[I/voice] voice_msg num: 9[0m
[12:51:06.142128] --->
[32m[I/ui] ui_switch_key suspend[0m
[32m[I/voice] voice_msg num: 0[0m
[32m[I/pms] pm_task_lock[0m
[32m[I/pms] pm_alarm, alm_cnt: 157[0m
[32m[I/pms] pm_thread, recved: 0x8[0m
[32m[I/pms] pm_event, evt_cnt: 157[0m
[32m[I/pms] pm_task_unlock[0m
[12:51:07.819540] --->
[32m[I/voice] voice_msg num: 9[0m
[12:51:20.871015] --->
[32m[I/ui] ui_switch_key suspend[0m
[32m[I/voice] voice_msg num: 0[0m
[12:51:22.588250] --->
[32m[I/voice] voice_msg num: 9[0m
[12:51:35.676314] --->
[32m[I/ui] ui_switch_key suspend[0m
[32m[I/voice] voice_msg num: 0[0m
[12:51:37.392026] --->
[32m[I/voice] voice_msg num: 9[0m
[12:51:50.449334] --->
[32m[I/ui] ui_switch_key suspend[0m
[32m[I/voice] voice_msg num: 0[0m
[12:51:52.164730] --->
[32m[I/voice] voice_msg num: 9[0m
[12:52:05.223174] --->
[32m[I/ui] ui_switch_key suspend[0m
[32m[I/voice] voice_msg num: 0[0m
[32m[I/pms] pm_task_lock[0m
[32m[I/pms] pm_alarm, alm_cnt: 158[0m
[32m[I/pms] pm_thread, recved: 0x8[0m
[32m[I/pms] pm_event, evt_cnt: 158[0m
[32m[I/pms] pm_task_unlock[0m
[12:52:06.900946] --->
[32m[I/voice] voice_msg num: 9[0m
[12:52:19.956180] --->
[32m[I/ui] ui_switch_key suspend[0m
[32m[I/voice] voice_msg num: 0[0m
[12:52:21.669448] --->
[32m[I/voice] voice_msg num: 9[0m
[12:52:34.731116] --->
[32m[I/ui] ui_switch_key suspend[0m
[32m[I/voice] voice_msg num: 0[0m
[12:52:36.444852] --->
[32m[I/voice] voice_msg num: 9[0m
[12:52:49.501184] --->
[32m[I/ui] ui_switch_key suspend[0m
[32m[I/voice] voice_msg num: 0[0m
[12:52:51.214658] --->
[32m[I/voice] voice_msg num: 9[0m
[12:53:04.272196] --->
[32m[I/ui] ui_switch_key suspend[0m
[32m[I/voice] voice_msg num: 0[0m
[32m[I/pms] pm_task_lock[0m
[32m[I/pms] pm_alarm, alm_cnt: 159[0m
[32m[I/pms] pm_thread, recved: 0x8[0m
[32m[I/pms] pm_event, evt_cnt: 159[0m
[12:53:05.951296] --->
[32m[I/pms] pm_task_unlock[0m
[32m[I/voice] voice_msg num: 9[0m
[12:53:19.006785] --->
[32m[I/ui] ui_switch_key suspend[0m
[32m[I/voice] voice_msg num: 0[0m
[12:53:20.723814] --->
[32m[I/voice] voice_msg num: 9[0m
[12:53:33.783782] --->
[32m[I/ui] ui_switch_key suspend[0m
[32m[I/voice] voice_msg num: 0[0m
[12:53:35.501268] --->
[32m[I/voice] voice_msg num: 9[0m
[12:53:48.559673] --->
[32m[I/ui] ui_switch_key suspend[0m
[32m[I/voice] voice_msg num: 0[0m
[12:53:50.274434] --->
[32m[I/voice] voice_msg num: 9[0m
[12:54:03.331339] --->
[32m[I/ui] ui_switch_key suspend[0m
[32m[I/voice] voice_msg num: 0[0m
[32m[I/pms] pm_task_lock[0m
[32m[I/pms] pm_alarm, alm_cnt: 160[0m
[32m[I/pms] pm_thread, recved: 0x8[0m
[32m[I/pms] pm_event, evt_cnt: 160[0m
[12:54:05.043143] --->
[32m[I/voice] voice_msg num: 9[0m
[12:54:18.099638] --->
[32m[I/ui] ui_switch_key suspend[0m
[32m[I/voice] voice_msg num: 0[0m
[32m[I/pms] pm_task_unlock[0m
[12:54:19.778302] --->
[32m[I/voice] voice_msg num: 9[0m
[12:54:32.831755] --->
[32m[I/ui] ui_switch_key suspend[0m
[32m[I/voice] voice_msg num: 0[0m
[12:54:34.546869] --->
[32m[I/voice] voice_msg num: 9[0m
[12:54:47.606658] --->
[32m[I/ui] ui_switch_key suspend[0m
[32m[I/voice] voice_msg num: 0[0m
[12:54:49.321551] --->
[32m[I/voice] voice_msg num: 9[0m
[12:55:02.376049] --->
[32m[I/ui] ui_switch_key suspend[0m
[32m[I/voice] voice_msg num: 0[0m
[32m[I/pms] pm_task_lock[0m
[32m[I/pms] pm_alarm, alm_cnt: 161[0m
[32m[I/pms] pm_thread, recved: 0x8[0m
[32m[I/pms] pm_event, evt_cnt: 161[0m
[12:55:04.144504] --->
[32m[I/voice] voice_msg num: 9[0m
[12:55:17.204404] --->
[32m[I/ui] ui_switch_key suspend[0m
[32m[I/voice] voice_msg num: 0[0m
[32m[I/pms] pm_task_unlock[0m
[12:55:18.917643] --->
[32m[I/voice] voice_msg num: 9[0m
[12:55:31.973213] --->
[32m[I/ui] ui_switch_key suspend[0m
[32m[I/voice] voice_msg num: 0[0m
[12:55:33.685455] --->
[32m[I/voice] voice_msg num: 9[0m
[12:55:46.745149] --->
[32m[I/ui] ui_switch_key suspend[0m
[32m[I/voice] voice_msg num: 0[0m
[12:55:48.459804] --->
[32m[I/voice] voice_msg num: 9[0m
[12:56:01.518017] --->
[32m[I/ui] ui_switch_key suspend[0m
[32m[I/voice] voice_msg num: 0[0m
[32m[I/pms] pm_task_lock[0m
[32m[I/pms] pm_alarm, alm_cnt: 162[0m
[32m[I/pms] pm_thread, recved: 0x8[0m
[32m[I/pms] pm_event, evt_cnt: 162[0m
[12:56:03.272844] --->
[32m[I/voice] voice_msg num: 9[0m
[12:56:16.328636] --->
[32m[I/ui] ui_switch_key suspend[0m
[32m[I/voice] voice_msg num: 0[0m
[32m[I/pms] pm_task_unlock[0m
[12:56:18.045515] --->
[32m[I/voice] voice_msg num: 9[0m
[12:56:31.101159] --->
[32m[I/ui] ui_switch_key suspend[0m
[32m[I/voice] voice_msg num: 0[0m
[12:56:32.817060] --->
[32m[I/voice] voice_msg num: 9[0m
[12:56:45.876711] --->
[32m[I/ui] ui_switch_key suspend[0m
[32m[I/voice] voice_msg num: 0[0m
[12:56:47.593030] --->
[32m[I/voice] voice_msg num: 9[0m
[12:57:00.648452] --->
[32m[I/ui] ui_switch_key suspend[0m
[32m[I/voice] voice_msg num: 0[0m
[12:57:02.364835] --->
[32m[I/pms] pm_task_lock[0m
[32m[I/pms] pm_alarm, alm_cnt: 163[0m
[32m[I/pms] pm_thread, recved: 0x8[0m
[32m[I/pms] pm_event, evt_cnt: 163[0m
[32m[I/voice] voice_msg num: 9[0m
[12:57:15.425045] --->
[32m[I/ui] ui_switch_key suspend[0m
[32m[I/voice] voice_msg num: 0[0m
[32m[I/pms] pm_task_unlock[0m
[12:57:17.248056] --->
[32m[I/voice] voice_msg num: 9[0m
[12:57:30.305945] --->
[32m[I/ui] ui_switch_key suspend[0m
[32m[I/voice] voice_msg num: 0[0m
[12:57:32.020782] --->
[32m[I/voice] voice_msg num: 9[0m
[12:57:45.079574] --->
[32m[I/ui] ui_switch_key suspend[0m
[32m[I/voice] voice_msg num: 0[0m
[12:57:46.794312] --->
[32m[I/voice] voice_msg num: 9[0m
[12:57:59.850814] --->
[32m[I/ui] ui_switch_key suspend[0m
[32m[I/voice] voice_msg num: 0[0m
[12:58:01.563049] --->
[32m[I/pms] pm_task_lock[0m
[32m[I/pms] pm_alarm, alm_cnt: 164[0m
[32m[I/pms] pm_thread, recved: 0x8[0m
[32m[I/pms] pm_event, evt_cnt: 164[0m
[32m[I/voice] voice_msg num: 9[0m
[12:58:14.617191] --->
[32m[I/ui] ui_switch_key suspend[0m
[32m[I/voice] voice_msg num: 0[0m
[32m[I/pms] pm_task_unlock[0m
[12:58:16.323273] --->
[32m[I/voice] voice_msg num: 9[0m
[12:58:29.381079] --->
[32m[I/ui] ui_switch_key suspend[0m
[32m[I/voice] voice_msg num: 0[0m
[12:58:31.096668] --->
[32m[I/voice] voice_msg num: 9[0m
[12:58:44.153195] --->
[32m[I/ui] ui_switch_key suspend[0m
[32m[I/voice] voice_msg num: 0[0m
[12:58:45.869155] --->
[32m[I/voice] voice_msg num: 9[0m
[12:58:58.929011] --->
[32m[I/ui] ui_switch_key suspend[0m
[32m[I/voice] voice_msg num: 0[0m
[12:59:00.646598] --->
[32m[I/voice] voice_msg num: 9[0m
[12:59:03.651054] --->
[32m[I/pms] pm_task_lock[0m
[32m[I/pms] pm_alarm, alm_cnt: 165[0m
[32m[I/pms] pm_thread, recved: 0x8[0m
[32m[I/pms] pm_event, evt_cnt: 165[0m
[12:59:13.703565] --->
[32m[I/ui] ui_switch_key suspend[0m
[32m[I/voice] voice_msg num: 0[0m
[32m[I/pms] pm_task_unlock[0m
[12:59:15.416637] --->
[32m[I/voice] voice_msg num: 9[0m
[12:59:28.476732] --->
[32m[I/ui] ui_switch_key suspend[0m
[32m[I/voice] voice_msg num: 0[0m
[12:59:30.189704] --->
[32m[I/voice] voice_msg num: 9[0m
[12:59:43.249681] --->
[32m[I/ui] ui_switch_key suspend[0m
[32m[I/voice] voice_msg num: 0[0m
[12:59:44.965884] --->
[32m[I/voice] voice_msg num: 9[0m
[12:59:58.021090] --->
[32m[I/ui] ui_switch_key suspend[0m
[32m[I/voice] voice_msg num: 0[0m
[12:59:59.737004] --->
[32m[I/voice] voice_msg num: 9[0m
[13:00:02.741852] --->
[32m[I/pms] pm_task_lock[0m
[32m[I/pms] pm_alarm, alm_cnt: 166[0m
[32m[I/pms] pm_thread, recved: 0x8[0m
[32m[I/pms] pm_event, evt_cnt: 166[0m
[13:00:12.793574] --->
[32m[I/ui] ui_switch_key suspend[0m
[32m[I/voice] voice_msg num: 0[0m
[32m[I/pms] pm_task_unlock[0m
[13:00:14.506013] --->
[32m[I/voice] voice_msg num: 9[0m
[13:00:27.565051] --->
[32m[I/ui] ui_switch_key suspend[0m
[32m[I/voice] voice_msg num: 0[0m
[13:00:29.279722] --->
[32m[I/voice] voice_msg num: 9[0m
[13:00:42.334617] --->
[32m[I/ui] ui_switch_key suspend[0m
[32m[I/voice] voice_msg num: 0[0m
[13:00:44.048410] --->
[32m[I/voice] voice_msg num: 9[0m
[13:00:57.108946] --->
[32m[I/ui] ui_switch_key suspend[0m
[32m[I/voice] voice_msg num: 0[0m
[13:00:58.822131] --->
[32m[I/voice] voice_msg num: 9[0m
[13:01:01.822217] --->
[32m[I/pms] pm_task_lock[0m
[32m[I/pms] pm_alarm, alm_cnt: 167[0m
[32m[I/pms] pm_thread, recved: 0x8[0m
[32m[I/pms] pm_event, evt_cnt: 167[0m
[13:01:11.878733] --->
[32m[I/ui] ui_switch_key suspend[0m
[32m[I/voice] voice_msg num: 0[0m
[32m[I/pms] pm_task_unlock[0m
[13:01:13.734646] --->
[32m[I/voice] voice_msg num: 9[0m
[13:01:26.791669] --->
[32m[I/ui] ui_switch_key suspend[0m
[32m[I/voice] voice_msg num: 0[0m
[13:01:28.509984] --->
[32m[I/voice] voice_msg num: 9[0m
[13:01:41.570643] --->
[32m[I/ui] ui_switch_key suspend[0m
[32m[I/voice] voice_msg num: 0[0m
[13:01:43.286056] --->
[32m[I/voice] voice_msg num: 9[0m
[13:01:56.341872] --->
[32m[I/ui] ui_switch_key suspend[0m
[32m[I/voice] voice_msg num: 0[0m
[13:01:58.056838] --->
[32m[I/voice] voice_msg num: 9[0m
[13:02:01.061091] --->
[32m[I/pms] pm_task_lock[0m
[32m[I/pms] pm_alarm, alm_cnt: 168[0m
[32m[I/pms] pm_thread, recved: 0x8[0m
[32m[I/pms] pm_event, evt_cnt: 168[0m
[13:02:11.116867] --->
[32m[I/ui] ui_switch_key suspend[0m
[32m[I/voice] voice_msg num: 0[0m
[32m[I/pms] pm_task_unlock[0m
[13:02:12.879251] --->
[32m[I/voice] voice_msg num: 9[0m
[13:02:25.934886] --->
[32m[I/ui] ui_switch_key suspend[0m
[32m[I/voice] voice_msg num: 0[0m
[13:02:27.651461] --->
[32m[I/voice] voice_msg num: 9[0m
[13:02:40.709385] --->
[32m[I/ui] ui_switch_key suspend[0m
[32m[I/voice] voice_msg num: 0[0m
[13:02:42.422139] --->
[32m[I/voice] voice_msg num: 9[0m
[13:02:55.475693] --->
[32m[I/ui] ui_switch_key suspend[0m
[32m[I/voice] voice_msg num: 0[0m
[13:02:57.190173] --->
[32m[I/voice] voice_msg num: 9[0m
[13:03:10.246859] --->
[32m[I/pms] pm_task_lock[0m
[32m[I/pms] pm_alarm, alm_cnt: 169[0m
[32m[I/pms] pm_thread, recved: 0x8[0m
[32m[I/pms] pm_event, evt_cnt: 169[0m
[32m[I/ui] ui_switch_key suspend[0m
[32m[I/voice] voice_msg num: 0[0m
[32m[I/pms] pm_task_unlock[0m
[13:03:12.004252] --->
[32m[I/voice] voice_msg num: 9[0m
[13:03:25.063833] --->
[32m[I/ui] ui_switch_key suspend[0m
[32m[I/voice] voice_msg num: 0[0m
[13:03:26.780652] --->
[32m[I/voice] voice_msg num: 9[0m
[13:03:39.833320] --->
[32m[I/ui] ui_switch_key suspend[0m
[32m[I/voice] voice_msg num: 0[0m
[13:03:41.546295] --->
[32m[I/voice] voice_msg num: 9[0m
[13:03:54.605361] --->
[32m[I/ui] ui_switch_key suspend[0m
[32m[I/voice] voice_msg num: 0[0m
[13:03:56.320663] --->
[32m[I/voice] voice_msg num: 9[0m
[13:04:09.376258] --->
[32m[I/ui] ui_switch_key suspend[0m
[32m[I/voice] voice_msg num: 0[0m
[32m[I/pms] pm_task_lock[0m
[32m[I/pms] pm_alarm, alm_cnt: 170[0m
[32m[I/pms] pm_thread, recved: 0x8[0m
[32m[I/pms] pm_event, evt_cnt: 170[0m
[32m[I/pms] pm_task_unlock[0m
[13:04:11.123725] --->
[32m[I/voice] voice_msg num: 9[0m
[13:04:24.177672] --->
[32m[I/ui] ui_switch_key suspend[0m
[32m[I/voice] voice_msg num: 0[0m
[13:04:25.895929] --->
[32m[I/voice] voice_msg num: 9[0m
[13:04:38.954131] --->
[32m[I/ui] ui_switch_key suspend[0m
[32m[I/voice] voice_msg num: 0[0m
[13:04:40.670237] --->
[32m[I/voice] voice_msg num: 9[0m
[13:04:53.724991] --->
[32m[I/ui] ui_switch_key suspend[0m
[32m[I/voice] voice_msg num: 0[0m
[13:04:55.440697] --->
[32m[I/voice] voice_msg num: 9[0m
[13:05:08.496273] --->
[32m[I/ui] ui_switch_key suspend[0m
[32m[I/voice] voice_msg num: 0[0m
[32m[I/pms] pm_task_lock[0m
[32m[I/pms] pm_alarm, alm_cnt: 171[0m
[32m[I/pms] pm_thread, recved: 0x8[0m
[32m[I/pms] pm_event, evt_cnt: 171[0m
[32m[I/pms] pm_task_unlock[0m
[13:05:10.234463] --->
[32m[I/voice] voice_msg num: 9[0m
[13:05:23.293610] --->
[32m[I/ui] ui_switch_key suspend[0m
[32m[I/voice] voice_msg num: 0[0m
[13:05:25.005904] --->
[32m[I/voice] voice_msg num: 9[0m
[13:05:38.064248] --->
[32m[I/ui] ui_switch_key suspend[0m
[32m[I/voice] voice_msg num: 0[0m
[13:05:39.775646] --->
[32m[I/voice] voice_msg num: 9[0m
[13:05:52.833008] --->
[32m[I/ui] ui_switch_key suspend[0m
[32m[I/voice] voice_msg num: 0[0m
[13:05:54.549308] --->
[32m[I/voice] voice_msg num: 9[0m
[13:06:07.604675] --->
[32m[I/ui] ui_switch_key suspend[0m
[32m[I/voice] voice_msg num: 0[0m
[32m[I/pms] pm_task_lock[0m
[32m[I/pms] pm_alarm, alm_cnt: 172[0m
[32m[I/pms] pm_thread, recved: 0x8[0m
[32m[I/pms] pm_event, evt_cnt: 172[0m
[32m[I/pms] pm_task_unlock[0m
[13:06:09.383945] --->
[32m[I/voice] voice_msg num: 9[0m
[13:06:22.442401] --->
[32m[I/ui] ui_switch_key suspend[0m
[32m[I/voice] voice_msg num: 0[0m
[13:06:24.155654] --->
[32m[I/voice] voice_msg num: 9[0m
[13:06:37.209266] --->
[32m[I/ui] ui_switch_key suspend[0m
[32m[I/voice] voice_msg num: 0[0m
[13:06:38.924930] --->
[32m[I/voice] voice_msg num: 9[0m
[13:06:51.978396] --->
[32m[I/ui] ui_switch_key suspend[0m
[32m[I/voice] voice_msg num: 0[0m
[13:06:53.695660] --->
[32m[I/voice] voice_msg num: 9[0m
[13:07:06.749859] --->
[32m[I/ui] ui_switch_key suspend[0m
[32m[I/voice] voice_msg num: 0[0m
[32m[I/pms] pm_task_lock[0m
[32m[I/pms] pm_alarm, alm_cnt: 173[0m
[32m[I/pms] pm_thread, recved: 0x8[0m
[32m[I/pms] pm_event, evt_cnt: 173[0m
[32m[I/pms] pm_task_unlock[0m
[13:07:26.858523] --->
[32m[I/ui] ui_switch_key suspend[0m
[32m[I/voice] voice_msg num: 0[0m
[13:07:46.968708] --->
[32m[I/ui] ui_switch_key suspend[0m
[32m[I/voice] voice_msg num: 0[0m
[13:08:07.072157] --->
[32m[I/ui] ui_switch_key suspend[0m
[32m[I/voice] voice_msg num: 0[0m
[32m[I/pms] pm_task_lock[0m
[32m[I/pms] pm_alarm, alm_cnt: 174[0m
[32m[I/pms] pm_thread, recved: 0x8[0m
[32m[I/pms] pm_event, evt_cnt: 174[0m
[32m[I/pms] pm_task_unlock[0m
[13:08:08.854281] --->
[32m[I/voice] voice_msg num: 9[0m
[13:08:21.910863] --->
[32m[I/ui] ui_switch_key suspend[0m
[32m[I/voice] voice_msg num: 0[0m
[13:08:23.629116] --->
[32m[I/voice] voice_msg num: 9[0m
[13:08:36.688764] --->
[32m[I/ui] ui_switch_key suspend[0m
[32m[I/voice] voice_msg num: 0[0m
[13:08:56.799563] --->
[32m[I/ui] ui_switch_key suspend[0m
[32m[I/voice] voice_msg num: 0[0m
[13:08:58.517172] --->
[32m[I/voice] voice_msg num: 9[0m
[13:09:01.517995] --->
[32m[I/pms] pm_task_lock[0m
[32m[I/pms] pm_alarm, alm_cnt: 175[0m
[32m[I/pms] pm_thread, recved: 0x8[0m
[32m[I/pms] pm_event, evt_cnt: 175[0m
[13:09:11.574247] --->
[32m[I/ui] ui_switch_key suspend[0m
[32m[I/voice] voice_msg num: 0[0m
[32m[I/pms] pm_task_unlock[0m
[13:09:13.289005] --->
[32m[I/voice] voice_msg num: 9[0m
[13:09:26.348739] --->
[32m[I/ui] ui_switch_key suspend[0m
[32m[I/voice] voice_msg num: 0[0m
[13:09:28.064031] --->
[32m[I/voice] voice_msg num: 9[0m
[13:09:41.122235] --->
[32m[I/ui] ui_switch_key suspend[0m
[32m[I/voice] voice_msg num: 0[0m
[13:09:42.836841] --->
[32m[I/voice] voice_msg num: 9[0m
[13:09:55.896258] --->
[32m[I/ui] ui_switch_key suspend[0m
[32m[I/voice] voice_msg num: 0[0m
[13:10:05.952734] --->
[32m[I/pms] pm_task_lock[0m
[32m[I/pms] pm_alarm, alm_cnt: 176[0m
[32m[I/pms] pm_thread, recved: 0x8[0m
[32m[I/pms] pm_event, evt_cnt: 176[0m
[13:10:16.006210] --->
[32m[I/ui] ui_switch_key suspend[0m
[32m[I/voice] voice_msg num: 0[0m
[32m[I/pms] pm_task_unlock[0m
[13:10:17.717858] --->
[32m[I/voice] voice_msg num: 9[0m
[13:10:30.774263] --->
[32m[I/ui] ui_switch_key suspend[0m
[32m[I/voice] voice_msg num: 0[0m
[13:10:38.087202] --->
[32m[I/voice] voice_msg num: 9[0m
[13:10:51.139818] --->
[32m[I/ui] ui_switch_key suspend[0m
[32m[I/voice] voice_msg num: 0[0m
[13:11:01.196430] --->
[32m[I/pms] pm_task_lock[0m
[32m[I/pms] pm_alarm, alm_cnt: 177[0m
[32m[I/pms] pm_thread, recved: 0x8[0m
[32m[I/pms] pm_event, evt_cnt: 177[0m
[13:11:11.249737] --->
[32m[I/ui] ui_switch_key suspend[0m
[32m[I/voice] voice_msg num: 0[0m
[32m[I/pms] pm_task_unlock[0m
[13:11:12.964875] --->
[32m[I/voice] voice_msg num: 9[0m
[13:11:26.017604] --->
[32m[I/ui] ui_switch_key suspend[0m
[32m[I/voice] voice_msg num: 0[0m
[13:11:46.122387] --->
[32m[I/ui] ui_switch_key suspend[0m
[32m[I/voice] voice_msg num: 0[0m
[13:12:06.231937] --->
[32m[I/ui] ui_switch_key suspend[0m
[32m[I/voice] voice_msg num: 0[0m
[32m[I/pms] pm_task_lock[0m
[32m[I/pms] pm_alarm, alm_cnt: 178[0m
[32m[I/pms] pm_thread, recved: 0x8[0m
[32m[I/pms] pm_event, evt_cnt: 178[0m
[32m[I/pms] pm_task_unlock[0m
[13:12:26.342928] --->
[32m[I/ui] ui_switch_key suspend[0m
[32m[I/voice] voice_msg num: 0[0m
[13:12:46.454895] --->
[32m[I/ui] ui_switch_key suspend[0m
[32m[I/voice] voice_msg num: 0[0m
[13:13:06.562688] --->
[32m[I/ui] ui_switch_key suspend[0m
[32m[I/voice] voice_msg num: 0[0m
[32m[I/pms] pm_task_lock[0m
[32m[I/pms] pm_alarm, alm_cnt: 179[0m
[32m[I/pms] pm_thread, recved: 0x8[0m
[32m[I/pms] pm_event, evt_cnt: 179[0m
[32m[I/pms] pm_task_unlock[0m
[13:13:26.672393] --->
[32m[I/ui] ui_switch_key suspend[0m
[32m[I/voice] voice_msg num: 0[0m
[13:13:46.779513] --->
[32m[I/ui] ui_switch_key suspend[0m
[32m[I/voice] voice_msg num: 0[0m
[13:13:51.297346] --->
[32m[I/voice] voice_msg num: 9[0m
[13:14:04.356239] --->
[32m[I/ui] ui_switch_key suspend[0m
[32m[I/voice] voice_msg num: 0[0m
[32m[I/pms] pm_task_lock[0m
[32m[I/pms] pm_alarm, alm_cnt: 180[0m
[32m[I/pms] pm_thread, recved: 0x8[0m
[32m[I/pms] pm_event, evt_cnt: 180[0m
[32m[I/pms] pm_task_unlock[0m
[13:14:11.937929] --->
[32m[I/voice] voice_msg num: 9[0m
[13:14:24.994139] --->
[32m[I/ui] ui_switch_key suspend[0m
[32m[I/voice] voice_msg num: 0[0m
[13:14:45.102223] --->
[32m[I/ui] ui_switch_key suspend[0m
[32m[I/voice] voice_msg num: 0[0m
[13:15:05.208816] --->
[32m[I/ui] ui_switch_key suspend[0m
[32m[I/voice] voice_msg num: 0[0m
[32m[I/pms] pm_task_lock[0m
[32m[I/pms] pm_alarm, alm_cnt: 181[0m
[32m[I/pms] pm_thread, recved: 0x8[0m
[32m[I/pms] pm_event, evt_cnt: 181[0m
[32m[I/pms] pm_task_unlock[0m
[13:15:25.320832] --->
[32m[I/ui] ui_switch_key suspend[0m
[32m[I/voice] voice_msg num: 0[0m
[13:15:45.427741] --->
[32m[I/ui] ui_switch_key suspend[0m
[32m[I/voice] voice_msg num: 0[0m
[13:16:05.535382] --->
[32m[I/ui] ui_switch_key suspend[0m
[32m[I/voice] voice_msg num: 0[0m
[32m[I/pms] pm_task_lock[0m
[32m[I/pms] pm_alarm, alm_cnt: 182[0m
[32m[I/pms] pm_thread, recved: 0x8[0m
[32m[I/pms] pm_event, evt_cnt: 182[0m
[32m[I/pms] pm_task_unlock[0m
[13:16:25.645181] --->
[32m[I/ui] ui_switch_key suspend[0m
[32m[I/voice] voice_msg num: 0[0m
[13:16:27.360251] --->
[32m[I/voice] voice_msg num: 9[0m
[13:16:40.414347] --->
[32m[I/ui] ui_switch_key suspend[0m
[32m[I/voice] voice_msg num: 0[0m
[13:17:00.525211] --->
[32m[I/ui] ui_switch_key suspend[0m
[32m[I/voice] voice_msg num: 0[0m
[32m[I/pms] pm_task_lock[0m
[32m[I/pms] pm_alarm, alm_cnt: 183[0m
[32m[I/pms] pm_thread, recved: 0x8[0m
[32m[I/pms] pm_event, evt_cnt: 183[0m
[13:17:20.630986] --->
[32m[I/ui] ui_switch_key suspend[0m
[32m[I/voice] voice_msg num: 0[0m
[32m[I/pms] pm_task_unlock[0m
[13:17:40.741699] --->
[32m[I/ui] ui_switch_key suspend[0m
[32m[I/voice] voice_msg num: 0[0m
[13:18:00.850613] --->
[32m[I/ui] ui_switch_key suspend[0m
[32m[I/voice] voice_msg num: 0[0m
[32m[I/pms] pm_task_lock[0m
[32m[I/pms] pm_alarm, alm_cnt: 184[0m
[32m[I/pms] pm_thread, recved: 0x8[0m
[32m[I/pms] pm_event, evt_cnt: 184[0m
[13:18:20.960768] --->
[32m[I/ui] ui_switch_key suspend[0m
[32m[I/voice] voice_msg num: 0[0m
[32m[I/pms] pm_task_unlock[0m
[13:18:41.072051] --->
[32m[I/ui] ui_switch_key suspend[0m
[32m[I/voice] voice_msg num: 0[0m
[13:18:42.788435] --->
[32m[I/voice] voice_msg num: 9[0m
[13:18:55.842843] --->
[32m[I/ui] ui_switch_key suspend[0m
[32m[I/voice] voice_msg num: 0[0m
[13:19:05.896805] --->
[32m[I/pms] pm_task_lock[0m
[32m[I/pms] pm_alarm, alm_cnt: 185[0m
[32m[I/pms] pm_thread, recved: 0x8[0m
[32m[I/pms] pm_event, evt_cnt: 185[0m
[13:19:15.951061] --->
[32m[I/ui] ui_switch_key suspend[0m
[32m[I/voice] voice_msg num: 0[0m
[32m[I/pms] pm_task_unlock[0m
[13:19:36.059335] --->
[32m[I/ui] ui_switch_key suspend[0m
[32m[I/voice] voice_msg num: 0[0m
[13:19:56.167205] --->
[32m[I/ui] ui_switch_key suspend[0m
[32m[I/voice] voice_msg num: 0[0m
[13:20:06.222997] --->
[32m[I/pms] pm_task_lock[0m
[32m[I/pms] pm_alarm, alm_cnt: 186[0m
[32m[I/pms] pm_thread, recved: 0x8[0m
[32m[I/pms] pm_event, evt_cnt: 186[0m
[13:20:16.277726] --->
[32m[I/ui] ui_switch_key suspend[0m
[32m[I/voice] voice_msg num: 0[0m
[32m[I/pms] pm_task_unlock[0m
[13:20:20.393967] --->
[32m[I/voice] voice_msg num: 9[0m
[13:20:33.445953] --->
[32m[I/ui] ui_switch_key suspend[0m
[32m[I/voice] voice_msg num: 0[0m
[13:20:53.553001] --->
[32m[I/ui] ui_switch_key suspend[0m
[32m[I/voice] voice_msg num: 0[0m
[13:21:03.606931] --->
[32m[I/pms] pm_task_lock[0m
[32m[I/pms] pm_alarm, alm_cnt: 187[0m
[32m[I/pms] pm_thread, recved: 0x8[0m
[32m[I/pms] pm_event, evt_cnt: 187[0m
[13:21:13.658478] --->
[32m[I/ui] ui_switch_key suspend[0m
[32m[I/voice] voice_msg num: 0[0m
[32m[I/pms] pm_task_unlock[0m
[13:21:33.765986] --->
[32m[I/ui] ui_switch_key suspend[0m
[32m[I/voice] voice_msg num: 0[0m
[13:21:53.873870] --->
[32m[I/ui] ui_switch_key suspend[0m
[32m[I/voice] voice_msg num: 0[0m
[13:22:03.929290] --->
[32m[I/pms] pm_task_lock[0m
[32m[I/pms] pm_alarm, alm_cnt: 188[0m
[32m[I/pms] pm_thread, recved: 0x8[0m
[32m[I/pms] pm_event, evt_cnt: 188[0m
[13:22:13.982803] --->
[32m[I/ui] ui_switch_key suspend[0m
[32m[I/voice] voice_msg num: 0[0m
[32m[I/pms] pm_task_unlock[0m
[13:22:34.093689] --->
[32m[I/ui] ui_switch_key suspend[0m
[32m[I/voice] voice_msg num: 0[0m
[13:22:54.202292] --->
[32m[I/ui] ui_switch_key suspend[0m
[32m[I/voice] voice_msg num: 0[0m
[13:23:04.258791] --->
[32m[I/pms] pm_task_lock[0m
[32m[I/pms] pm_alarm, alm_cnt: 189[0m
[32m[I/pms] pm_thread, recved: 0x8[0m
[32m[I/pms] pm_event, evt_cnt: 189[0m
[13:23:14.313209] --->
[32m[I/ui] ui_switch_key suspend[0m
[32m[I/voice] voice_msg num: 0[0m
[32m[I/pms] pm_task_unlock[0m
[13:23:34.420227] --->
[32m[I/ui] ui_switch_key suspend[0m
[32m[I/voice] voice_msg num: 0[0m
[13:23:54.526689] --->
[32m[I/ui] ui_switch_key suspend[0m
[32m[I/voice] voice_msg num: 0[0m
[13:24:04.584265] --->
[32m[I/pms] pm_task_lock[0m
[32m[I/pms] pm_alarm, alm_cnt: 190[0m
[32m[I/pms] pm_thread, recved: 0x8[0m
[32m[I/pms] pm_event, evt_cnt: 190[0m
[13:24:14.636950] --->
[32m[I/ui] ui_switch_key suspend[0m
[32m[I/voice] voice_msg num: 0[0m
[32m[I/pms] pm_task_unlock[0m
[13:24:34.747869] --->
[32m[I/ui] ui_switch_key suspend[0m
[32m[I/voice] voice_msg num: 0[0m
[13:24:54.855883] --->
[32m[I/ui] ui_switch_key suspend[0m
[32m[I/voice] voice_msg num: 0[0m
[13:25:04.911816] --->
[32m[I/pms] pm_task_lock[0m
[32m[I/pms] pm_alarm, alm_cnt: 191[0m
[32m[I/pms] pm_thread, recved: 0x8[0m
[32m[I/pms] pm_event, evt_cnt: 191[0m
[13:25:14.966590] --->
[32m[I/ui] ui_switch_key suspend[0m
[32m[I/voice] voice_msg num: 0[0m
[32m[I/pms] pm_task_unlock[0m
[13:25:35.075166] --->
[32m[I/ui] ui_switch_key suspend[0m
[32m[I/voice] voice_msg num: 0[0m
[13:25:55.184037] --->
[32m[I/ui] ui_switch_key suspend[0m
[32m[I/voice] voice_msg num: 0[0m
[13:26:05.239169] --->
[32m[I/pms] pm_task_lock[0m
[32m[I/pms] pm_alarm, alm_cnt: 192[0m
[32m[I/pms] pm_thread, recved: 0x8[0m
[32m[I/pms] pm_event, evt_cnt: 192[0m
[13:26:15.292979] --->
[32m[I/ui] ui_switch_key suspend[0m
[32m[I/voice] voice_msg num: 0[0m
[32m[I/pms] pm_task_unlock[0m
[13:26:19.706592] --->
[32m[I/voice] voice_msg num: 9[0m
[13:26:32.766515] --->
[32m[I/ui] ui_switch_key suspend[0m
[32m[I/voice] voice_msg num: 0[0m
[13:26:52.874337] --->
[32m[I/ui] ui_switch_key suspend[0m
[32m[I/voice] voice_msg num: 0[0m
[13:27:02.931205] --->
[32m[I/pms] pm_task_lock[0m
[32m[I/pms] pm_alarm, alm_cnt: 193[0m
[32m[I/pms] pm_thread, recved: 0x8[0m
[32m[I/pms] pm_event, evt_cnt: 193[0m
[13:27:12.987349] --->
[32m[I/ui] ui_switch_key suspend[0m
[32m[I/voice] voice_msg num: 0[0m
[32m[I/pms] pm_task_unlock[0m
[13:27:33.096859] --->
[32m[I/ui] ui_switch_key suspend[0m
[32m[I/voice] voice_msg num: 0[0m
[13:27:53.205503] --->
[32m[I/ui] ui_switch_key suspend[0m
[32m[I/voice] voice_msg num: 0[0m
[13:28:03.258869] --->
[32m[I/pms] pm_task_lock[0m
[32m[I/pms] pm_alarm, alm_cnt: 194[0m
[32m[I/pms] pm_thread, recved: 0x8[0m
[32m[I/pms] pm_event, evt_cnt: 194[0m
[13:28:13.313773] --->
[32m[I/ui] ui_switch_key suspend[0m
[32m[I/voice] voice_msg num: 0[0m
[32m[I/pms] pm_task_unlock[0m
[13:28:33.419701] --->
[32m[I/ui] ui_switch_key suspend[0m
[32m[I/voice] voice_msg num: 0[0m
[13:28:53.531083] --->
[32m[I/ui] ui_switch_key suspend[0m
[32m[I/voice] voice_msg num: 0[0m
[13:29:03.587738] --->
[32m[I/pms] pm_task_lock[0m
[32m[I/pms] pm_alarm, alm_cnt: 195[0m
[32m[I/pms] pm_thread, recved: 0x8[0m
[32m[I/pms] pm_event, evt_cnt: 195[0m
[13:29:13.640470] --->
[32m[I/ui] ui_switch_key suspend[0m
[32m[I/voice] voice_msg num: 0[0m
[32m[I/pms] pm_task_unlock[0m
[13:29:33.746950] --->
[32m[I/ui] ui_switch_key suspend[0m
[32m[I/voice] voice_msg num: 0[0m
[13:29:53.858361] --->
[32m[I/ui] ui_switch_key suspend[0m
[32m[I/voice] voice_msg num: 0[0m
[13:30:03.911495] --->
[32m[I/pms] pm_task_lock[0m
[32m[I/pms] pm_alarm, alm_cnt: 196[0m
[32m[I/pms] pm_thread, recved: 0x8[0m
[32m[I/pms] pm_event, evt_cnt: 196[0m
[13:30:13.965152] --->
[32m[I/ui] ui_switch_key suspend[0m
[32m[I/voice] voice_msg num: 0[0m
[32m[I/pms] pm_task_unlock[0m
[13:30:34.077599] --->
[32m[I/ui] ui_switch_key suspend[0m
[32m[I/voice] voice_msg num: 0[0m
[13:30:54.186185] --->
[32m[I/ui] ui_switch_key suspend[0m
[32m[I/voice] voice_msg num: 0[0m
[13:31:04.241142] --->
[32m[I/pms] pm_task_lock[0m
[32m[I/pms] pm_alarm, alm_cnt: 197[0m
[32m[I/pms] pm_thread, recved: 0x8[0m
[32m[I/pms] pm_event, evt_cnt: 197[0m
[13:31:14.293616] --->
[32m[I/ui] ui_switch_key suspend[0m
[32m[I/voice] voice_msg num: 0[0m
[32m[I/pms] pm_task_unlock[0m
[13:31:34.402977] --->
[32m[I/ui] ui_switch_key suspend[0m
[32m[I/voice] voice_msg num: 0[0m
[13:31:54.513402] --->
[32m[I/ui] ui_switch_key suspend[0m
[32m[I/voice] voice_msg num: 0[0m
[32m[I/pms] pm_task_lock[0m
[32m[I/pms] pm_alarm, alm_cnt: 198[0m
[32m[I/pms] pm_thread, recved: 0x8[0m
[32m[I/pms] pm_event, evt_cnt: 198[0m
[13:32:14.621902] --->
[32m[I/ui] ui_switch_key suspend[0m
[32m[I/voice] voice_msg num: 0[0m
[32m[I/pms] pm_task_unlock[0m
[13:32:34.725992] --->
[32m[I/ui] ui_switch_key suspend[0m
[32m[I/voice] voice_msg num: 0[0m
[13:32:54.835108] --->
[32m[I/ui] ui_switch_key suspend[0m
[32m[I/voice] voice_msg num: 0[0m
[32m[I/pms] pm_task_lock[0m
[32m[I/pms] pm_alarm, alm_cnt: 199[0m
[32m[I/pms] pm_thread, recved: 0x8[0m
[32m[I/pms] pm_event, evt_cnt: 199[0m
[13:33:14.942941] --->
[32m[I/ui] ui_switch_key suspend[0m
[32m[I/voice] voice_msg num: 0[0m
[32m[I/pms] pm_task_unlock[0m
[13:33:35.052873] --->
[32m[I/ui] ui_switch_key suspend[0m
[32m[I/voice] voice_msg num: 0[0m
[13:33:55.163655] --->
[32m[I/ui] ui_switch_key suspend[0m
[32m[I/voice] voice_msg num: 0[0m
[32m[I/pms] pm_task_lock[0m
[32m[I/pms] pm_alarm, alm_cnt: 200[0m
[32m[I/pms] pm_thread, recved: 0x8[0m
[32m[I/pms] pm_event, evt_cnt: 200[0m
[13:33:56.948943] --->
[32m[I/voice] voice_msg num: 9[0m
[13:34:10.009909] --->
[32m[I/ui] ui_switch_key suspend[0m
[32m[I/voice] voice_msg num: 0[0m
[32m[I/pms] pm_task_unlock[0m
[13:34:11.724570] --->
[32m[I/voice] voice_msg num: 9[0m
[13:34:24.780313] --->
[32m[I/ui] ui_switch_key suspend[0m
[32m[I/voice] voice_msg num: 0[0m
[13:34:26.495006] --->
[32m[I/voice] voice_msg num: 9[0m
[13:34:39.552543] --->
[32m[I/ui] ui_switch_key suspend[0m
[32m[I/voice] voice_msg num: 0[0m
[13:34:41.266619] --->
[32m[I/voice] voice_msg num: 9[0m
[13:34:54.323926] --->
[32m[I/ui] ui_switch_key suspend[0m
[32m[I/voice] voice_msg num: 0[0m
[32m[I/pms] pm_task_lock[0m
[32m[I/pms] pm_alarm, alm_cnt: 201[0m
[32m[I/pms] pm_thread, recved: 0x8[0m
[32m[I/pms] pm_event, evt_cnt: 201[0m
[13:34:56.010935] --->
[32m[I/voice] voice_msg num: 9[0m
[13:35:09.070051] --->
[32m[I/ui] ui_switch_key suspend[0m
[32m[I/voice] voice_msg num: 0[0m
[32m[I/pms] pm_task_unlock[0m
[13:35:10.786859] --->
[32m[I/voice] voice_msg num: 9[0m
[13:35:23.843338] --->
[32m[I/ui] ui_switch_key suspend[0m
[32m[I/voice] voice_msg num: 0[0m
[13:35:25.559355] --->
[32m[I/voice] voice_msg num: 9[0m
[13:35:38.618549] --->
[32m[I/ui] ui_switch_key suspend[0m
[32m[I/voice] voice_msg num: 0[0m
[13:35:40.335913] --->
[32m[I/voice] voice_msg num: 9[0m
[13:35:53.389122] --->
[32m[I/ui] ui_switch_key suspend[0m
[32m[I/voice] voice_msg num: 0[0m
[32m[I/pms] pm_task_lock[0m
[32m[I/pms] pm_alarm, alm_cnt: 202[0m
[32m[I/pms] pm_thread, recved: 0x8[0m
[32m[I/pms] pm_event, evt_cnt: 202[0m
[13:35:55.207293] --->
[32m[I/voice] voice_msg num: 9[0m
[13:36:08.261581] --->
[32m[I/ui] ui_switch_key suspend[0m
[32m[I/voice] voice_msg num: 0[0m
[32m[I/pms] pm_task_unlock[0m
[13:36:09.974711] --->
[32m[I/voice] voice_msg num: 9[0m
[13:36:23.035431] --->
[32m[I/ui] ui_switch_key suspend[0m
[32m[I/voice] voice_msg num: 0[0m
[13:36:30.348991] --->
[32m[I/voice] voice_msg num: 9[0m
[13:36:43.402816] --->
[32m[I/ui] ui_switch_key suspend[0m
[32m[I/voice] voice_msg num: 0[0m
[13:36:45.117905] --->
[32m[I/voice] voice_msg num: 9[0m
[13:36:58.179794] --->
[32m[I/ui] ui_switch_key suspend[0m
[32m[I/voice] voice_msg num: 0[0m
[32m[I/pms] pm_task_lock[0m
[32m[I/pms] pm_alarm, alm_cnt: 203[0m
[32m[I/pms] pm_thread, recved: 0x8[0m
[32m[I/pms] pm_event, evt_cnt: 203[0m
[32m[I/pms] pm_task_unlock[0m
[13:36:59.958736] --->
[32m[I/voice] voice_msg num: 9[0m
[13:37:13.014759] --->
[32m[I/ui] ui_switch_key suspend[0m
[32m[I/voice] voice_msg num: 0[0m
[13:37:14.730224] --->
[32m[I/voice] voice_msg num: 9[0m
[13:37:27.785072] --->
[32m[I/ui] ui_switch_key suspend[0m
[32m[I/voice] voice_msg num: 0[0m
[13:37:29.497840] --->
[32m[I/voice] voice_msg num: 9[0m
[13:37:42.549651] --->
[32m[I/ui] ui_switch_key suspend[0m
[32m[I/voice] voice_msg num: 0[0m
[13:37:44.264216] --->
[32m[I/voice] voice_msg num: 9[0m
[13:37:57.320603] --->
[32m[I/ui] ui_switch_key suspend[0m
[32m[I/voice] voice_msg num: 0[0m
[32m[I/pms] pm_task_lock[0m
[32m[I/pms] pm_alarm, alm_cnt: 204[0m
[32m[I/pms] pm_thread, recved: 0x8[0m
[32m[I/pms] pm_event, evt_cnt: 204[0m
[32m[I/pms] pm_task_unlock[0m
[13:38:17.432158] --->
[32m[I/ui] ui_switch_key suspend[0m
[32m[I/voice] voice_msg num: 0[0m
[13:38:21.949442] --->
[32m[I/voice] voice_msg num: 9[0m
[13:38:35.009524] --->
[32m[I/ui] ui_switch_key suspend[0m
[32m[I/voice] voice_msg num: 0[0m
[13:38:36.727900] --->
[32m[I/voice] voice_msg num: 9[0m
[13:38:49.782425] --->
[32m[I/ui] ui_switch_key suspend[0m
[32m[I/voice] voice_msg num: 0[0m
[13:38:57.098500] --->
[32m[I/pms] pm_task_lock[0m
[32m[I/pms] pm_alarm, alm_cnt: 205[0m
[32m[I/pms] pm_thread, recved: 0x8[0m
[32m[I/pms] pm_event, evt_cnt: 205[0m
[32m[I/voice] voice_msg num: 9[0m
[13:39:10.156325] --->
[32m[I/ui] ui_switch_key suspend[0m
[32m[I/voice] voice_msg num: 0[0m
[32m[I/pms] pm_task_unlock[0m
[13:39:11.900123] --->
[32m[I/voice] voice_msg num: 9[0m
[13:39:24.956674] --->
[32m[I/ui] ui_switch_key suspend[0m
[32m[I/voice] voice_msg num: 0[0m
[13:39:26.670683] --->
[32m[I/voice] voice_msg num: 9[0m
[13:39:39.729226] --->
[32m[I/ui] ui_switch_key suspend[0m
[32m[I/voice] voice_msg num: 0[0m
[13:39:43.843269] --->
[32m[I/voice] voice_msg num: 9[0m
[13:39:56.901580] --->
[32m[I/ui] ui_switch_key suspend[0m
[32m[I/voice] voice_msg num: 0[0m
[32m[I/pms] pm_task_lock[0m
[32m[I/pms] pm_alarm, alm_cnt: 206[0m
[32m[I/pms] pm_thread, recved: 0x8[0m
[32m[I/pms] pm_event, evt_cnt: 206[0m
[32m[I/pms] pm_task_unlock[0m
[13:40:17.006832] --->
[32m[I/ui] ui_switch_key suspend[0m
[32m[I/voice] voice_msg num: 0[0m
[13:40:37.116572] --->
[32m[I/ui] ui_switch_key suspend[0m
[32m[I/voice] voice_msg num: 0[0m
[13:40:41.633359] --->
[32m[I/voice] voice_msg num: 9[0m
[13:40:54.692517] --->
[32m[I/ui] ui_switch_key suspend[0m
[32m[I/voice] voice_msg num: 0[0m
[32m[I/pms] pm_task_lock[0m
[32m[I/pms] pm_alarm, alm_cnt: 207[0m
[32m[I/pms] pm_thread, recved: 0x8[0m
[32m[I/pms] pm_event, evt_cnt: 207[0m
[13:40:56.451562] --->
[32m[I/voice] voice_msg num: 9[0m
[13:41:09.506320] --->
[32m[I/ui] ui_switch_key suspend[0m
[32m[I/voice] voice_msg num: 0[0m
[32m[I/pms] pm_task_unlock[0m
[13:41:29.615979] --->
[32m[I/ui] ui_switch_key suspend[0m
[32m[I/voice] voice_msg num: 0[0m
[13:41:31.332748] --->
[32m[I/voice] voice_msg num: 9[0m
[13:41:44.387485] --->
[32m[I/ui] ui_switch_key suspend[0m
[32m[I/voice] voice_msg num: 0[0m
[13:41:46.104040] --->
[32m[I/voice] voice_msg num: 9[0m
[13:41:59.160103] --->
[32m[I/ui] ui_switch_key suspend[0m
[32m[I/voice] voice_msg num: 0[0m
[32m[I/pms] pm_task_lock[0m
[32m[I/pms] pm_alarm, alm_cnt: 208[0m
[32m[I/pms] pm_thread, recved: 0x8[0m
[32m[I/pms] pm_event, evt_cnt: 208[0m
[32m[I/pms] pm_task_unlock[0m
[13:42:00.939923] --->
[32m[I/voice] voice_msg num: 9[0m
[13:42:14.000282] --->
[32m[I/ui] ui_switch_key suspend[0m
[32m[I/voice] voice_msg num: 0[0m
[13:42:15.719180] --->
[32m[I/voice] voice_msg num: 9[0m
[13:42:28.778399] --->
[32m[I/ui] ui_switch_key suspend[0m
[32m[I/voice] voice_msg num: 0[0m
[13:42:48.884022] --->
[32m[I/ui] ui_switch_key suspend[0m
[32m[I/voice] voice_msg num: 0[0m
[13:42:50.598984] --->
[32m[I/voice] voice_msg num: 9[0m
[13:42:53.602039] --->
[32m[I/pms] pm_task_lock[0m
[32m[I/pms] pm_alarm, alm_cnt: 209[0m
[32m[I/pms] pm_thread, recved: 0x8[0m
[32m[I/pms] pm_event, evt_cnt: 209[0m
[13:43:03.654981] --->
[32m[I/ui] ui_switch_key suspend[0m
[32m[I/voice] voice_msg num: 0[0m
[32m[I/pms] pm_task_unlock[0m
[13:43:23.763489] --->
[32m[I/ui] ui_switch_key suspend[0m
[32m[I/voice] voice_msg num: 0[0m
[13:43:25.480408] --->
[32m[I/voice] voice_msg num: 9[0m
[13:43:38.539673] --->
[32m[I/ui] ui_switch_key suspend[0m
[32m[I/voice] voice_msg num: 0[0m
[13:43:40.252240] --->
[32m[I/voice] voice_msg num: 9[0m
[13:43:53.312186] --->
[32m[I/ui] ui_switch_key suspend[0m
[32m[I/voice] voice_msg num: 0[0m
[32m[I/pms] pm_task_lock[0m
[32m[I/pms] pm_alarm, alm_cnt: 210[0m
[32m[I/pms] pm_thread, recved: 0x8[0m
[32m[I/pms] pm_event, evt_cnt: 210[0m
[13:43:55.158245] --->
[32m[I/voice] voice_msg num: 9[0m
[13:44:08.219230] --->
[32m[I/ui] ui_switch_key suspend[0m
[32m[I/voice] voice_msg num: 0[0m
[32m[I/pms] pm_task_unlock[0m
[13:44:10.000099] --->
[32m[I/voice] voice_msg num: 9[0m
[13:44:23.057356] --->
[32m[I/ui] ui_switch_key suspend[0m
[32m[I/voice] voice_msg num: 0[0m
[13:44:43.167121] --->
[32m[I/ui] ui_switch_key suspend[0m
[32m[I/voice] voice_msg num: 0[0m
[13:44:44.884702] --->
[32m[I/voice] voice_msg num: 9[0m
[13:44:57.936127] --->
[32m[I/ui] ui_switch_key suspend[0m
[32m[I/voice] voice_msg num: 0[0m
[32m[I/pms] pm_task_lock[0m
[32m[I/pms] pm_alarm, alm_cnt: 211[0m
[32m[I/pms] pm_thread, recved: 0x8[0m
[32m[I/pms] pm_event, evt_cnt: 211[0m
[32m[I/pms] pm_task_unlock[0m
[13:45:18.047832] --->
[32m[I/ui] ui_switch_key suspend[0m
[32m[I/voice] voice_msg num: 0[0m
[13:45:25.665864] --->
[32m[I/voice] voice_msg num: 9[0m
[13:45:38.719942] --->
[32m[I/ui] ui_switch_key suspend[0m
[32m[I/voice] voice_msg num: 0[0m
[13:45:40.534996] --->
[32m[I/voice] voice_msg num: 9[0m
[13:45:53.588970] --->
[32m[I/ui] ui_switch_key suspend[0m
[32m[I/voice] voice_msg num: 0[0m
[32m[I/pms] pm_task_lock[0m
[32m[I/pms] pm_alarm, alm_cnt: 212[0m
[32m[I/pms] pm_thread, recved: 0x8[0m
[32m[I/pms] pm_event, evt_cnt: 212[0m
[13:46:13.699519] --->
[32m[I/ui] ui_switch_key suspend[0m
[32m[I/voice] voice_msg num: 0[0m
[32m[I/pms] pm_task_unlock[0m
[13:46:15.514474] --->
[32m[I/voice] voice_msg num: 9[0m
[13:46:28.572302] --->
[32m[I/ui] ui_switch_key suspend[0m
[32m[I/voice] voice_msg num: 0[0m
[13:46:48.679935] --->
[32m[I/ui] ui_switch_key suspend[0m
[32m[I/voice] voice_msg num: 0[0m
[13:46:50.395037] --->
[32m[I/voice] voice_msg num: 9[0m
[13:46:53.398380] --->
[32m[I/pms] pm_task_lock[0m
[32m[I/pms] pm_alarm, alm_cnt: 213[0m
[32m[I/pms] pm_thread, recved: 0x8[0m
[32m[I/pms] pm_event, evt_cnt: 213[0m
[13:47:03.454252] --->
[32m[I/ui] ui_switch_key suspend[0m
[32m[I/voice] voice_msg num: 0[0m
[32m[I/pms] pm_task_unlock[0m
[13:47:10.770053] --->
[32m[I/voice] voice_msg num: 9[0m
[13:47:23.827999] --->
[32m[I/ui] ui_switch_key suspend[0m
[32m[I/voice] voice_msg num: 0[0m
[13:47:43.936807] --->
[32m[I/ui] ui_switch_key suspend[0m
[32m[I/voice] voice_msg num: 0[0m
[13:47:45.652890] --->
[32m[I/voice] voice_msg num: 9[0m
[13:47:58.711265] --->
[32m[I/ui] ui_switch_key suspend[0m
[32m[I/voice] voice_msg num: 0[0m
[32m[I/pms] pm_task_lock[0m
[32m[I/pms] pm_alarm, alm_cnt: 214[0m
[32m[I/pms] pm_thread, recved: 0x8[0m
[32m[I/pms] pm_event, evt_cnt: 214[0m
[32m[I/pms] pm_task_unlock[0m
[13:48:18.821642] --->
[32m[I/ui] ui_switch_key suspend[0m
[32m[I/voice] voice_msg num: 0[0m
[13:48:20.636090] --->
[32m[I/voice] voice_msg num: 9[0m
[13:48:33.692889] --->
[32m[I/ui] ui_switch_key suspend[0m
[32m[I/voice] voice_msg num: 0[0m
[13:48:35.410656] --->
[32m[I/voice] voice_msg num: 9[0m
[13:48:48.467063] --->
[32m[I/ui] ui_switch_key suspend[0m
[32m[I/voice] voice_msg num: 0[0m
[13:48:58.522670] --->
[32m[I/pms] pm_task_lock[0m
[32m[I/pms] pm_alarm, alm_cnt: 215[0m
[32m[I/pms] pm_thread, recved: 0x8[0m
[32m[I/pms] pm_event, evt_cnt: 215[0m
[13:49:08.576374] --->
[32m[I/ui] ui_switch_key suspend[0m
[32m[I/voice] voice_msg num: 0[0m
[32m[I/pms] pm_task_unlock[0m
[13:49:10.291815] --->
[32m[I/voice] voice_msg num: 9[0m
[13:49:23.348041] --->
[32m[I/ui] ui_switch_key suspend[0m
[32m[I/voice] voice_msg num: 0[0m
[13:49:43.454626] --->
[32m[I/ui] ui_switch_key suspend[0m
[32m[I/voice] voice_msg num: 0[0m
[13:49:45.172281] --->
[32m[I/voice] voice_msg num: 9[0m
[13:49:58.231103] --->
[32m[I/ui] ui_switch_key suspend[0m
[32m[I/voice] voice_msg num: 0[0m
[32m[I/pms] pm_task_lock[0m
[32m[I/pms] pm_alarm, alm_cnt: 216[0m
[32m[I/pms] pm_thread, recved: 0x8[0m
[32m[I/pms] pm_event, evt_cnt: 216[0m
[32m[I/pms] pm_task_unlock[0m
[13:50:00.093798] --->
[32m[I/voice] voice_msg num: 9[0m
[13:50:13.153896] --->
[32m[I/ui] ui_switch_key suspend[0m
[32m[I/voice] voice_msg num: 0[0m
[13:50:33.263122] --->
[32m[I/ui] ui_switch_key suspend[0m
[32m[I/voice] voice_msg num: 0[0m
[13:50:34.975327] --->
[32m[I/voice] voice_msg num: 9[0m
[13:50:48.028518] --->
[32m[I/ui] ui_switch_key suspend[0m
[32m[I/voice] voice_msg num: 0[0m
[13:50:49.745965] --->
[32m[I/voice] voice_msg num: 9[0m
[13:50:52.749494] --->
[32m[I/pms] pm_task_lock[0m
[32m[I/pms] pm_alarm, alm_cnt: 217[0m
[32m[I/pms] pm_thread, recved: 0x8[0m
[32m[I/pms] pm_event, evt_cnt: 217[0m
[13:51:02.801835] --->
[32m[I/ui] ui_switch_key suspend[0m
[32m[I/voice] voice_msg num: 0[0m
[32m[I/pms] pm_task_unlock[0m
[13:51:04.517367] --->
[32m[I/voice] voice_msg num: 9[0m
[13:51:17.573847] --->
[32m[I/ui] ui_switch_key suspend[0m
[32m[I/voice] voice_msg num: 0[0m
[13:51:19.287594] --->
[32m[I/voice] voice_msg num: 9[0m
[13:51:32.343896] --->
[32m[I/ui] ui_switch_key suspend[0m
[32m[I/voice] voice_msg num: 0[0m
[13:51:34.060179] --->
[32m[I/voice] voice_msg num: 9[0m
[13:51:47.116238] --->
[32m[I/ui] ui_switch_key suspend[0m
[32m[I/voice] voice_msg num: 0[0m
[13:51:48.833915] --->
[32m[I/voice] voice_msg num: 9[0m
[13:51:51.834982] --->
[32m[I/pms] pm_task_lock[0m
[32m[I/pms] pm_alarm, alm_cnt: 218[0m
[32m[I/pms] pm_thread, recved: 0x8[0m
[32m[I/pms] pm_event, evt_cnt: 218[0m
[13:52:01.889719] --->
[32m[I/ui] ui_switch_key suspend[0m
[32m[I/voice] voice_msg num: 0[0m
[32m[I/pms] pm_task_unlock[0m
[13:52:03.604389] --->
[32m[I/voice] voice_msg num: 9[0m
[13:52:16.663631] --->
[32m[I/ui] ui_switch_key suspend[0m
[32m[I/voice] voice_msg num: 0[0m
[13:52:18.378422] --->
[32m[I/voice] voice_msg num: 9[0m
[13:52:31.438033] --->
[32m[I/ui] ui_switch_key suspend[0m
[32m[I/voice] voice_msg num: 0[0m
[13:52:33.151719] --->
[32m[I/voice] voice_msg num: 9[0m
[13:52:46.205795] --->
[32m[I/ui] ui_switch_key suspend[0m
[32m[I/voice] voice_msg num: 0[0m
[13:52:47.921351] --->
[32m[I/voice] voice_msg num: 9[0m
[13:52:50.927485] --->
[32m[I/pms] pm_task_lock[0m
[32m[I/pms] pm_alarm, alm_cnt: 219[0m
[32m[I/pms] pm_thread, recved: 0x8[0m
[32m[I/pms] pm_event, evt_cnt: 219[0m
[13:53:00.982437] --->
[32m[I/ui] ui_switch_key suspend[0m
[32m[I/voice] voice_msg num: 0[0m
[32m[I/pms] pm_task_unlock[0m
[13:53:02.697123] --->
[32m[I/voice] voice_msg num: 9[0m
[13:53:15.754762] --->
[32m[I/ui] ui_switch_key suspend[0m
[32m[I/voice] voice_msg num: 0[0m
[13:53:17.467598] --->
[32m[I/voice] voice_msg num: 9[0m
[13:53:30.524666] --->
[32m[I/ui] ui_switch_key suspend[0m
[32m[I/voice] voice_msg num: 0[0m
[13:53:32.241723] --->
[32m[I/voice] voice_msg num: 9[0m
[13:53:45.299926] --->
[32m[I/ui] ui_switch_key suspend[0m
[32m[I/voice] voice_msg num: 0[0m
[13:53:47.015256] --->
[32m[I/voice] voice_msg num: 9[0m
[13:53:50.019377] --->
[32m[I/pms] pm_task_lock[0m
[32m[I/pms] pm_alarm, alm_cnt: 220[0m
[32m[I/pms] pm_thread, recved: 0x8[0m
[32m[I/pms] pm_event, evt_cnt: 220[0m
[13:54:00.072638] --->
[32m[I/ui] ui_switch_key suspend[0m
[32m[I/voice] voice_msg num: 0[0m
[32m[I/pms] pm_task_unlock[0m
[13:54:01.809701] --->
[32m[I/voice] voice_msg num: 9[0m
[13:54:14.864580] --->
[32m[I/ui] ui_switch_key suspend[0m
[32m[I/voice] voice_msg num: 0[0m
[13:54:16.577435] --->
[32m[I/voice] voice_msg num: 9[0m
[13:54:29.631203] --->
[32m[I/ui] ui_switch_key suspend[0m
[32m[I/voice] voice_msg num: 0[0m
[13:54:31.351630] --->
[32m[I/voice] voice_msg num: 9[0m
[13:54:44.402944] --->
[32m[I/ui] ui_switch_key suspend[0m
[32m[I/voice] voice_msg num: 0[0m
[13:54:46.116815] --->
[32m[I/voice] voice_msg num: 9[0m
[13:54:49.118981] --->
[32m[I/pms] pm_task_lock[0m
[32m[I/pms] pm_alarm, alm_cnt: 221[0m
[32m[I/pms] pm_thread, recved: 0x8[0m
[32m[I/pms] pm_event, evt_cnt: 221[0m
[13:54:59.175277] --->
[32m[I/ui] ui_switch_key suspend[0m
[32m[I/voice] voice_msg num: 0[0m
[32m[I/pms] pm_task_unlock[0m
[13:55:01.030913] --->
[32m[I/voice] voice_msg num: 9[0m
[13:55:14.086060] --->
[32m[I/ui] ui_switch_key suspend[0m
[32m[I/voice] voice_msg num: 0[0m
[13:55:15.803303] --->
[32m[I/voice] voice_msg num: 9[0m
[13:55:28.860589] --->
[32m[I/ui] ui_switch_key suspend[0m
[32m[I/voice] voice_msg num: 0[0m
[13:55:30.575740] --->
[32m[I/voice] voice_msg num: 9[0m
[13:55:43.633169] --->
[32m[I/ui] ui_switch_key suspend[0m
[32m[I/voice] voice_msg num: 0[0m
[13:55:45.349942] --->
[32m[I/voice] voice_msg num: 9[0m
[13:55:58.409270] --->
[32m[I/pms] pm_task_lock[0m
[32m[I/pms] pm_alarm, alm_cnt: 222[0m
[32m[I/pms] pm_thread, recved:[32m[I/ui] ui_switch_key suspend[0m
[32m[I/voice] voice_msg num: 0[0m
nd [0m
[32m[I/pms] pm_event, evt_cnt: 222[0m
[32m[I/pms] pm_task_unlock[0m
[13:56:00.105434] --->
[32m[I/voice] voice_msg num: 9[0m
[13:56:13.162529] --->
[32m[I/ui] ui_switch_key suspend[0m
[32m[I/voice] voice_msg num: 0[0m
[13:56:14.877674] --->
[32m[I/voice] voice_msg num: 9[0m
[13:56:27.938479] --->
[32m[I/ui] ui_switch_key suspend[0m
[32m[I/voice] voice_msg num: 0[0m
[13:56:29.651318] --->
[32m[I/voice] voice_msg num: 9[0m
[13:56:42.708327] --->
[32m[I/ui] ui_switch_key suspend[0m
[32m[I/voice] voice_msg num: 0[0m
[13:56:44.420810] --->
[32m[I/voice] voice_msg num: 9[0m
[13:56:57.478731] --->
[32m[I/ui] ui_switch_key suspend[0m
[32m[I/voice] voice_msg num: 0[0m
[32m[I/pms] pm_task_lock[0m
[32m[I/pms] pm_alarm, alm_cnt: 223[0m
[32m[I/pms] pm_thread, recved: 0x8[0m
[32m[I/pms] pm_event, evt_cnt: 223[0m
[32m[I/pms] pm_task_unlock[0m
[13:56:59.267891] --->
[32m[I/voice] voice_msg num: 9[0m
[13:57:12.327843] --->
[32m[I/ui] ui_switch_key suspend[0m
[32m[I/voice] voice_msg num: 0[0m
[13:57:14.040012] --->
[32m[I/voice] voice_msg num: 9[0m
[13:57:27.098308] --->
[32m[I/ui] ui_switch_key suspend[0m
[32m[I/voice] voice_msg num: 0[0m
[13:57:28.812290] --->
[32m[I/voice] voice_msg num: 9[0m
[13:57:41.870638] --->
[32m[I/ui] ui_switch_key suspend[0m
[32m[I/voice] voice_msg num: 0[0m
[13:57:43.586410] --->
[32m[I/voice] voice_msg num: 9[0m
[13:57:56.643519] --->
[32m[I/ui] ui_switch_key suspend[0m
[32m[I/voice] voice_msg num: 0[0m
[32m[I/pms] pm_task_lock[0m
[32m[I/pms] pm_alarm, alm_cnt: 224[0m
[32m[I/pms] pm_thread, recved: 0x8[0m
[32m[I/pms] pm_event, evt_cnt: 224[0m
[32m[I/pms] pm_task_unlock[0m
[13:57:58.423645] --->
[32m[I/voice] voice_msg num: 9[0m
[13:58:11.478766] --->
[32m[I/ui] ui_switch_key suspend[0m
[32m[I/voice] voice_msg num: 0[0m
[13:58:13.191879] --->
[32m[I/voice] voice_msg num: 9[0m
[13:58:26.247317] --->
[32m[I/ui] ui_switch_key suspend[0m
[32m[I/voice] voice_msg num: 0[0m
[13:58:30.361189] --->
[32m[I/voice] voice_msg num: 9[0m
[13:58:43.417655] --->
[32m[I/ui] ui_switch_key suspend[0m
[32m[I/voice] voice_msg num: 0[0m
[13:58:45.130947] --->
[32m[I/voice] voice_msg num: 9[0m
[13:58:48.133299] --->
[32m[I/pms] pm_task_lock[0m
[32m[I/pms] pm_alarm, alm_cnt: 225[0m
[32m[I/pms] pm_thread, recved: 0x8[0m
[32m[I/pms] pm_event, evt_cnt: 225[0m
[13:58:58.186575] --->
[32m[I/ui] ui_switch_key suspend[0m
[32m[I/voice] voice_msg num: 0[0m
[32m[I/pms] pm_task_unlock[0m
[13:59:02.751265] --->
[32m[I/voice] voice_msg num: 9[0m
[13:59:15.807601] --->
[32m[I/ui] ui_switch_key suspend[0m
[32m[I/voice] voice_msg num: 0[0m
[13:59:17.521607] --->
[32m[I/voice] voice_msg num: 9[0m
[13:59:30.583497] --->
[32m[I/ui] ui_switch_key suspend[0m
[32m[I/voice] voice_msg num: 0[0m
[13:59:32.298228] --->
[32m[I/voice] voice_msg num: 9[0m
[13:59:45.356718] --->
[32m[I/ui] ui_switch_key suspend[0m
[32m[I/voice] voice_msg num: 0[0m
[13:59:47.073242] --->
[32m[I/voice] voice_msg num: 9[0m
[13:59:50.073569] --->
[32m[I/pms] pm_task_lock[0m
[32m[I/pms] pm_alarm, alm_cnt: 226[0m
[32m[I/pms] pm_thread, recved: 0x8[0m
[32m[I/pms] pm_event, evt_cnt: 226[0m
[14:00:00.128795] --->
[32m[I/ui] ui_switch_key suspend[0m
[32m[I/voice] voice_msg num: 0[0m
[32m[I/pms] pm_task_unlock[0m
[14:00:20.233043] --->
[32m[I/ui] ui_switch_key suspend[0m
[32m[I/voice] voice_msg num: 0[0m
[14:00:21.951082] --->
[32m[I/voice] voice_msg num: 9[0m
[14:00:35.003223] --->
[32m[I/ui] ui_switch_key suspend[0m
[32m[I/voice] voice_msg num: 0[0m
[14:00:36.715562] --->
[32m[I/voice] voice_msg num: 9[0m
[14:00:49.775877] --->
[32m[I/ui] ui_switch_key suspend[0m
[32m[I/voice] voice_msg num: 0[0m
[32m[I/pms] pm_task_lock[0m
[32m[I/pms] pm_alarm, alm_cnt: 227[0m
[32m[I/pms] pm_thread, recved: 0x8[0m
[32m[I/pms] pm_event, evt_cnt: 227[0m
[14:00:51.503199] --->
[32m[I/voice] voice_msg num: 9[0m
[14:01:04.555446] --->
[32m[I/ui] ui_switch_key suspend[0m
[32m[I/voice] voice_msg num: 0[0m
[32m[I/pms] pm_task_unlock[0m
[14:01:08.933434] --->
[32m[I/voice] voice_msg num: 9[0m
[14:01:21.989995] --->
[32m[I/ui] ui_switch_key suspend[0m
[32m[I/voice] voice_msg num: 0[0m
[14:01:23.701639] --->
[32m[I/voice] voice_msg num: 9[0m
[14:01:36.762575] --->
[32m[I/ui] ui_switch_key suspend[0m
[32m[I/voice] voice_msg num: 0[0m
[14:01:38.479760] --->
[32m[I/voice] voice_msg num: 9[0m
[14:01:51.533945] --->
[32m[I/ui] ui_switch_key suspend[0m
[32m[I/voice] voice_msg num: 0[0m
[32m[I/pms] pm_task_lock[0m
[32m[I/pms] pm_alarm, alm_cnt: 228[0m
[32m[I/pms] pm_thread, recved: 0x8[0m
[32m[I/pms] pm_event, evt_cnt: 228[0m
[32m[I/pms] pm_task_unlock[0m
[14:01:53.313669] --->
[32m[I/voice] voice_msg num: 9[0m
[14:02:06.367575] --->
[32m[I/ui] ui_switch_key suspend[0m
[32m[I/voice] voice_msg num: 0[0m
[14:02:13.679439] --->
[32m[I/voice] voice_msg num: 9[0m
[14:02:26.735232] --->
[32m[I/ui] ui_switch_key suspend[0m
[32m[I/voice] voice_msg num: 0[0m
[14:02:28.447814] --->
[32m[I/voice] voice_msg num: 9[0m
[14:02:41.501293] --->
[32m[I/ui] ui_switch_key suspend[0m
[32m[I/voice] voice_msg num: 0[0m
[14:02:43.213493] --->
[32m[I/voice] voice_msg num: 9[0m
[14:02:56.265864] --->
[32m[I/ui] ui_switch_key suspend[0m
[32m[I/voice] voice_msg num: 0[0m
[32m[I/pms] pm_task_lock[0m
[32m[I/pms] pm_alarm, alm_cnt: 229[0m
[32m[I/pms] pm_thread, recved: 0x8[0m
[32m[I/pms] pm_event, evt_cnt: 229[0m
[32m[I/pms] pm_task_unlock[0m
[14:03:00.833464] --->
[32m[I/voice] voice_msg num: 9[0m
[14:03:13.887554] --->
[32m[I/ui] ui_switch_key suspend[0m
[32m[I/voice] voice_msg num: 0[0m
[14:03:15.600798] --->
[32m[I/voice] voice_msg num: 9[0m
[14:03:28.656232] --->
[32m[I/ui] ui_switch_key suspend[0m
[32m[I/voice] voice_msg num: 0[0m
[14:03:30.372236] --->
[32m[I/voice] voice_msg num: 9[0m
[14:03:43.428520] --->
[32m[I/ui] ui_switch_key suspend[0m
[32m[I/voice] voice_msg num: 0[0m
[14:03:50.741513] --->
[32m[I/pms] pm_task_lock[0m
[32m[I/pms] pm_alarm, alm_cnt: 230[0m
[32m[I/pms] pm_thread, recved: 0x8[0m
[32m[I/pms] pm_event, evt_cnt: 230[0m
[32m[I/voice] voice_msg num: 9[0m
[14:04:03.802073] --->
[32m[I/ui] ui_switch_key suspend[0m
[32m[I/voice] voice_msg num: 0[0m
[32m[I/pms] pm_task_unlock[0m
[14:04:05.503068] --->
[32m[I/voice] voice_msg num: 9[0m
[14:04:18.561273] --->
[32m[I/ui] ui_switch_key suspend[0m
[32m[I/voice] voice_msg num: 0[0m
[14:04:20.273036] --->
[32m[I/voice] voice_msg num: 9[0m
[14:04:33.327469] --->
[32m[I/ui] ui_switch_key suspend[0m
[32m[I/voice] voice_msg num: 0[0m
[14:04:37.444981] --->
[32m[I/voice] voice_msg num: 9[0m
[14:04:50.501863] --->
[32m[I/ui] ui_switch_key suspend[0m
[32m[I/voice] voice_msg num: 0[0m
[32m[I/pms] pm_task_lock[0m
[32m[I/pms] pm_alarm, alm_cnt: 231[0m
[32m[I/pms] pm_thread, recved: 0x8[0m
[32m[I/pms] pm_event, evt_cnt: 231[0m
[32m[I/pms] pm_task_unlock[0m
[14:04:52.286041] --->
[32m[I/voice] voice_msg num: 9[0m
[14:05:05.341635] --->
[32m[I/ui] ui_switch_key suspend[0m
[32m[I/voice] voice_msg num: 0[0m
[14:05:25.447861] --->
[32m[I/ui] ui_switch_key suspend[0m
[32m[I/voice] voice_msg num: 0[0m
[14:05:27.163579] --->
[32m[I/voice] voice_msg num: 9[0m
[14:05:40.218131] --->
[32m[I/ui] ui_switch_key suspend[0m
[32m[I/voice] voice_msg num: 0[0m
[14:05:50.275430] --->
[32m[I/pms] pm_task_lock[0m
[32m[I/pms] pm_alarm, alm_cnt: 232[0m
[32m[I/pms] pm_thread, recved: 0x8[0m
[32m[I/pms] pm_event, evt_cnt: 232[0m
[14:06:00.330363] --->
[32m[I/ui] ui_switch_key suspend[0m
[32m[I/voice] voice_msg num: 0[0m
[32m[I/pms] pm_task_unlock[0m
[14:06:02.168165] --->
[32m[I/voice] voice_msg num: 9[0m
[14:06:15.228744] --->
[32m[I/ui] ui_switch_key suspend[0m
[32m[I/voice] voice_msg num: 0[0m
[14:06:16.946118] --->
[32m[I/voice] voice_msg num: 9[0m
[14:06:30.006184] --->
[32m[I/ui] ui_switch_key suspend[0m
[32m[I/voice] voice_msg num: 0[0m
[14:06:31.722945] --->
[32m[I/voice] voice_msg num: 9[0m
[14:06:44.783070] --->
[32m[I/ui] ui_switch_key suspend[0m
[32m[I/voice] voice_msg num: 0[0m
[14:06:54.837062] --->
[32m[I/pms] pm_task_lock[0m
[32m[I/pms] pm_alarm, alm_cnt: 233[0m
[32m[I/pms] pm_thread, recved: 0x8[0m
[32m[I/pms] pm_event, evt_cnt: 233[0m
[14:07:04.889185] --->
[32m[I/ui] ui_switch_key suspend[0m
[32m[I/voice] voice_msg num: 0[0m
[32m[I/pms] pm_task_unlock[0m
[14:07:06.605381] --->
[32m[I/voice] voice_msg num: 9[0m
[14:07:19.659881] --->
[32m[I/ui] ui_switch_key suspend[0m
[32m[I/voice] voice_msg num: 0[0m
[14:07:21.376603] --->
[32m[I/voice] voice_msg num: 9[0m
[14:07:34.437550] --->
[32m[I/ui] ui_switch_key suspend[0m
[32m[I/voice] voice_msg num: 0[0m
[14:07:36.153599] --->
[32m[I/voice] voice_msg num: 9[0m
[14:07:49.205208] --->
[32m[I/ui] ui_switch_key suspend[0m
[32m[I/voice] voice_msg num: 0[0m
[32m[I/pms] pm_task_lock[0m
[32m[I/pms] pm_alarm, alm_cnt: 234[0m
[32m[I/pms] pm_thread, recved: 0x8[0m
[32m[I/pms] pm_event, evt_cnt: 234[0m
[14:07:50.930866] --->
[32m[I/voice] voice_msg num: 9[0m
[14:08:03.989065] --->
[32m[I/ui] ui_switch_key suspend[0m
[32m[I/voice] voice_msg num: 0[0m
[32m[I/pms] pm_task_unlock[0m
[14:08:08.373836] --->
[32m[I/voice] voice_msg num: 9[0m
[14:08:21.429904] --->
[32m[I/ui] ui_switch_key suspend[0m
[32m[I/voice] voice_msg num: 0[0m
[14:08:25.543669] --->
[32m[I/voice] voice_msg num: 9[0m
