[11:30:11.108874] --->
[32m[I/ui] ui_switch_key suspend[0m
[32m[I/voice] voice_msg num: 0[0m
[11:30:24.216715] --->
[32m[I/ui] ui_switch_key suspend[0m
[32m[I/voice] voice_msg num: 0[0m
[11:30:34.271918] --->
[32m[I/pms] pm_task_lock[0m
[32m[I/pms] pm_alarm, alm_cnt: 76[0m
[32m[I/pms] pm_thread, recved: 0x8[0m
[32m[I/pms] pm_event, evt_cnt: 76[0m
[11:30:37.326232] --->
[32m[I/ui] ui_switch_key suspend[0m
[32m[I/voice] voice_msg num: 0[0m
[32m[I/pms] pm_task_unlock[0m
[11:30:39.148869] --->
[32m[I/voice] voice_msg num: 9[0m
[11:30:45.207243] --->
[32m[I/ui] ui_switch_key suspend[0m
[32m[I/voice] voice_msg num: 0[0m
[11:30:46.924949] --->
[32m[I/voice] voice_msg num: 9[0m
[11:30:52.980208] --->
[32m[I/ui] ui_switch_key suspend[0m
[32m[I/voice] voice_msg num: 0[0m
[11:30:54.699110] --->
[32m[I/voice] voice_msg num: 9[0m
[11:31:00.757478] --->
[32m[I/ui] ui_switch_key suspend[0m
[32m[I/voice] voice_msg num: 0[0m
[11:31:02.474315] --->
[32m[I/voice] voice_msg num: 9[0m
