[2026-04-17 11:27:23] INFO     ========== 继电器压力测试启动 ==========
[2026-04-17 11:27:23] INFO     串口检测 -> 继电器(CH340): COM7 | 设备(CP210x): COM3
[2026-04-17 11:27:23] INFO     >>> 执行环境初始清洗 (物理断电重置)...
[2026-04-17 11:27:23] INFO     继电器执行 -> OFF
[2026-04-17 11:27:24] INFO     
-------------------- 第 1 轮 | 最大监听: 3.6s --------------------
[2026-04-17 11:27:24] INFO     继电器 ON (开始充电)
[2026-04-17 11:27:24] INFO     继电器执行 -> ON
[2026-04-17 11:27:26] INFO     捕获目标指令: voice_msgnum:9
[2026-04-17 11:27:26] INFO     状态维稳，保持闭合 3.0s
[2026-04-17 11:27:29] INFO     继电器 OFF (切断充电)
[2026-04-17 11:27:29] INFO     继电器执行 -> OFF
[2026-04-17 11:27:29] INFO     物理断电静置 3.0s
[2026-04-17 11:27:32] INFO     【结论】 [PASS] 成功关键字: voice_msgnum:9
[2026-04-17 11:27:32] INFO     统计 -> 成功: 1 | 失败: 0 | 异常: 0 | 成功率: 100.0%
[2026-04-17 11:27:32] INFO     
-------------------- 第 2 轮 | 最大监听: 7.1s --------------------
[2026-04-17 11:27:32] INFO     继电器 ON (开始充电)
[2026-04-17 11:27:32] INFO     继电器执行 -> ON
[2026-04-17 11:27:37] INFO     捕获目标指令: voice_msgnum:9
[2026-04-17 11:27:37] INFO     状态维稳，保持闭合 3.0s
[2026-04-17 11:27:40] INFO     继电器 OFF (切断充电)
[2026-04-17 11:27:40] INFO     继电器执行 -> OFF
[2026-04-17 11:27:40] INFO     物理断电静置 3.0s
[2026-04-17 11:27:43] INFO     【结论】 [PASS] 成功关键字: voice_msgnum:9
[2026-04-17 11:27:43] INFO     统计 -> 成功: 2 | 失败: 0 | 异常: 0 | 成功率: 100.0%
[2026-04-17 11:27:43] INFO     
-------------------- 第 3 轮 | 最大监听: 6.6s --------------------
[2026-04-17 11:27:43] INFO     继电器 ON (开始充电)
[2026-04-17 11:27:43] INFO     继电器执行 -> ON
[2026-04-17 11:27:49] INFO     继电器 OFF (切断充电)
[2026-04-17 11:27:49] INFO     继电器执行 -> OFF
[2026-04-17 11:27:49] INFO     物理断电静置 3.0s
[2026-04-17 11:27:52] WARNING  【结论】 [FAIL] 超时未检测到成功关键字
[2026-04-17 11:27:52] INFO     统计 -> 成功: 2 | 失败: 1 | 异常: 0 | 成功率: 66.7%
[2026-04-17 11:27:52] INFO     
-------------------- 第 4 轮 | 最大监听: 5.8s --------------------
[2026-04-17 11:27:52] INFO     继电器 ON (开始充电)
[2026-04-17 11:27:52] INFO     继电器执行 -> ON
[2026-04-17 11:27:58] INFO     继电器 OFF (切断充电)
[2026-04-17 11:27:58] INFO     继电器执行 -> OFF
[2026-04-17 11:27:58] INFO     物理断电静置 3.0s
[2026-04-17 11:28:01] WARNING  【结论】 [FAIL] 超时未检测到成功关键字
[2026-04-17 11:28:01] INFO     统计 -> 成功: 2 | 失败: 2 | 异常: 0 | 成功率: 50.0%
[2026-04-17 11:28:01] INFO     
-------------------- 第 5 轮 | 最大监听: 9.1s --------------------
[2026-04-17 11:28:01] INFO     继电器 ON (开始充电)
[2026-04-17 11:28:01] INFO     继电器执行 -> ON
[2026-04-17 11:28:10] INFO     继电器 OFF (切断充电)
[2026-04-17 11:28:10] INFO     继电器执行 -> OFF
[2026-04-17 11:28:10] INFO     物理断电静置 3.0s
[2026-04-17 11:28:13] WARNING  【结论】 [FAIL] 超时未检测到成功关键字
[2026-04-17 11:28:13] INFO     统计 -> 成功: 2 | 失败: 3 | 异常: 0 | 成功率: 40.0%
[2026-04-17 11:28:13] INFO     
-------------------- 第 6 轮 | 最大监听: 2.8s --------------------
[2026-04-17 11:28:13] INFO     继电器 ON (开始充电)
[2026-04-17 11:28:13] INFO     继电器执行 -> ON
[2026-04-17 11:28:16] INFO     继电器 OFF (切断充电)
[2026-04-17 11:28:16] INFO     继电器执行 -> OFF
[2026-04-17 11:28:16] INFO     物理断电静置 3.0s
[2026-04-17 11:28:19] WARNING  【结论】 [FAIL] 超时未检测到成功关键字
[2026-04-17 11:28:19] INFO     统计 -> 成功: 2 | 失败: 4 | 异常: 0 | 成功率: 33.3%
[2026-04-17 11:28:19] INFO     
-------------------- 第 7 轮 | 最大监听: 2.1s --------------------
[2026-04-17 11:28:19] INFO     继电器 ON (开始充电)
[2026-04-17 11:28:19] INFO     继电器执行 -> ON
[2026-04-17 11:28:21] INFO     继电器 OFF (切断充电)
[2026-04-17 11:28:22] INFO     继电器执行 -> OFF
[2026-04-17 11:28:22] INFO     物理断电静置 3.0s
[2026-04-17 11:28:25] WARNING  【结论】 [FAIL] 超时未检测到成功关键字
[2026-04-17 11:28:25] INFO     统计 -> 成功: 2 | 失败: 5 | 异常: 0 | 成功率: 28.6%
[2026-04-17 11:28:25] INFO     
-------------------- 第 8 轮 | 最大监听: 2.4s --------------------
[2026-04-17 11:28:25] INFO     继电器 ON (开始充电)
[2026-04-17 11:28:25] INFO     继电器执行 -> ON
[2026-04-17 11:28:27] INFO     继电器 OFF (切断充电)
[2026-04-17 11:28:27] INFO     继电器执行 -> OFF
[2026-04-17 11:28:27] INFO     物理断电静置 3.0s
[2026-04-17 11:28:30] WARNING  【结论】 [FAIL] 超时未检测到成功关键字
[2026-04-17 11:28:30] INFO     统计 -> 成功: 2 | 失败: 6 | 异常: 0 | 成功率: 25.0%
[2026-04-17 11:28:30] INFO     
-------------------- 第 9 轮 | 最大监听: 9.7s --------------------
[2026-04-17 11:28:30] INFO     继电器 ON (开始充电)
[2026-04-17 11:28:30] INFO     继电器执行 -> ON
[2026-04-17 11:28:36] WARNING  手动中断，停止测试。
[2026-04-17 11:28:36] INFO     继电器执行 -> OFF
[2026-04-17 11:28:36] INFO     
=============== 最终测试报告 ===============
  目标循环:      500000 次
  成功次数:      2 次
  失败次数:      6 次
  异常次数:      0 次
  断连次数:      0 次
============================================
