[2026-04-17 11:39:52] INFO     ========== 继电器压力测试启动 ==========
[2026-04-17 11:39:52] INFO     串口检测 -> 继电器(CH340): COM7 | 设备(CP210x): COM3
[2026-04-17 11:39:52] INFO     >>> 执行环境初始清洗 (物理断电重置)...
[2026-04-17 11:39:52] INFO     继电器执行 -> OFF
[2026-04-17 11:39:53] INFO     
-------------------- 第 1 轮 | 最大监听: 10.0s --------------------
[2026-04-17 11:39:53] INFO     继电器 ON (开始充电)
[2026-04-17 11:39:53] INFO     继电器执行 -> ON
[2026-04-17 11:40:03] INFO     继电器 OFF (切断充电)
[2026-04-17 11:40:03] INFO     继电器执行 -> OFF
[2026-04-17 11:40:03] INFO     物理断电静置 3.0s
[2026-04-17 11:40:06] WARNING  【结论】 [FAIL] 超时未检测到成功关键字
[2026-04-17 11:40:06] INFO     统计 -> 成功: 0 | 失败: 1 | 异常: 0 | 成功率: 0.0%
[2026-04-17 11:40:06] INFO     
-------------------- 第 2 轮 | 最大监听: 10.0s --------------------
[2026-04-17 11:40:06] INFO     继电器 ON (开始充电)
[2026-04-17 11:40:06] INFO     继电器执行 -> ON
[2026-04-17 11:40:16] INFO     继电器 OFF (切断充电)
[2026-04-17 11:40:16] INFO     继电器执行 -> OFF
[2026-04-17 11:40:16] INFO     物理断电静置 3.0s
[2026-04-17 11:40:19] WARNING  【结论】 [FAIL] 超时未检测到成功关键字
[2026-04-17 11:40:19] INFO     统计 -> 成功: 0 | 失败: 2 | 异常: 0 | 成功率: 0.0%
[2026-04-17 11:40:19] INFO     
-------------------- 第 3 轮 | 最大监听: 10.0s --------------------
[2026-04-17 11:40:19] INFO     继电器 ON (开始充电)
[2026-04-17 11:40:19] INFO     继电器执行 -> ON
[2026-04-17 11:40:24] INFO     捕获目标指令: voice_msgnum:9
[2026-04-17 11:40:24] INFO     状态维稳，保持闭合 3.0s
[2026-04-17 11:40:27] INFO     继电器 OFF (切断充电)
[2026-04-17 11:40:27] INFO     继电器执行 -> OFF
[2026-04-17 11:40:27] INFO     物理断电静置 3.0s
[2026-04-17 11:40:30] INFO     【结论】 [PASS] 成功关键字: voice_msgnum:9
[2026-04-17 11:40:30] INFO     统计 -> 成功: 1 | 失败: 2 | 异常: 0 | 成功率: 33.3%
[2026-04-17 11:40:30] INFO     
-------------------- 第 4 轮 | 最大监听: 10.0s --------------------
[2026-04-17 11:40:30] INFO     继电器 ON (开始充电)
[2026-04-17 11:40:30] INFO     继电器执行 -> ON
[2026-04-17 11:40:32] INFO     捕获目标指令: voice_msgnum:9
[2026-04-17 11:40:32] INFO     状态维稳，保持闭合 3.0s
[2026-04-17 11:40:35] INFO     继电器 OFF (切断充电)
[2026-04-17 11:40:35] INFO     继电器执行 -> OFF
[2026-04-17 11:40:35] INFO     物理断电静置 3.0s
[2026-04-17 11:40:38] INFO     【结论】 [PASS] 成功关键字: voice_msgnum:9
[2026-04-17 11:40:38] INFO     统计 -> 成功: 2 | 失败: 2 | 异常: 0 | 成功率: 50.0%
[2026-04-17 11:40:38] INFO     
-------------------- 第 5 轮 | 最大监听: 10.0s --------------------
[2026-04-17 11:40:38] INFO     继电器 ON (开始充电)
[2026-04-17 11:40:38] INFO     继电器执行 -> ON
[2026-04-17 11:40:40] INFO     捕获目标指令: voice_msgnum:9
[2026-04-17 11:40:40] INFO     状态维稳，保持闭合 3.0s
[2026-04-17 11:40:43] INFO     继电器 OFF (切断充电)
[2026-04-17 11:40:43] INFO     继电器执行 -> OFF
[2026-04-17 11:40:43] INFO     物理断电静置 3.0s
[2026-04-17 11:40:46] INFO     【结论】 [PASS] 成功关键字: voice_msgnum:9
[2026-04-17 11:40:46] INFO     统计 -> 成功: 3 | 失败: 2 | 异常: 0 | 成功率: 60.0%
[2026-04-17 11:40:46] INFO     
-------------------- 第 6 轮 | 最大监听: 10.0s --------------------
[2026-04-17 11:40:46] INFO     继电器 ON (开始充电)
[2026-04-17 11:40:46] INFO     继电器执行 -> ON
[2026-04-17 11:40:47] INFO     捕获目标指令: voice_msgnum:9
[2026-04-17 11:40:47] INFO     状态维稳，保持闭合 3.0s
[2026-04-17 11:40:50] INFO     继电器 OFF (切断充电)
[2026-04-17 11:40:51] INFO     继电器执行 -> OFF
[2026-04-17 11:40:51] INFO     物理断电静置 3.0s
[2026-04-17 11:40:54] INFO     【结论】 [PASS] 成功关键字: voice_msgnum:9
[2026-04-17 11:40:54] INFO     统计 -> 成功: 4 | 失败: 2 | 异常: 0 | 成功率: 66.7%
[2026-04-17 11:40:54] INFO     
-------------------- 第 7 轮 | 最大监听: 10.0s --------------------
[2026-04-17 11:40:54] INFO     继电器 ON (开始充电)
[2026-04-17 11:40:54] INFO     继电器执行 -> ON
[2026-04-17 11:41:04] INFO     继电器 OFF (切断充电)
[2026-04-17 11:41:04] INFO     继电器执行 -> OFF
[2026-04-17 11:41:04] INFO     物理断电静置 3.0s
[2026-04-17 11:41:07] WARNING  【结论】 [FAIL] 超时未检测到成功关键字
[2026-04-17 11:41:07] INFO     统计 -> 成功: 4 | 失败: 3 | 异常: 0 | 成功率: 57.1%
[2026-04-17 11:41:07] INFO     
-------------------- 第 8 轮 | 最大监听: 10.0s --------------------
[2026-04-17 11:41:07] INFO     继电器 ON (开始充电)
[2026-04-17 11:41:07] INFO     继电器执行 -> ON
[2026-04-17 11:41:08] INFO     捕获目标指令: voice_msgnum:9
[2026-04-17 11:41:08] INFO     状态维稳，保持闭合 3.0s
[2026-04-17 11:41:11] INFO     继电器 OFF (切断充电)
[2026-04-17 11:41:11] INFO     继电器执行 -> OFF
[2026-04-17 11:41:11] INFO     物理断电静置 3.0s
[2026-04-17 11:41:14] INFO     【结论】 [PASS] 成功关键字: voice_msgnum:9
[2026-04-17 11:41:14] INFO     统计 -> 成功: 5 | 失败: 3 | 异常: 0 | 成功率: 62.5%
[2026-04-17 11:41:14] INFO     
-------------------- 第 9 轮 | 最大监听: 10.0s --------------------
[2026-04-17 11:41:14] INFO     继电器 ON (开始充电)
[2026-04-17 11:41:14] INFO     继电器执行 -> ON
[2026-04-17 11:41:24] INFO     继电器 OFF (切断充电)
[2026-04-17 11:41:25] INFO     继电器执行 -> OFF
[2026-04-17 11:41:25] INFO     物理断电静置 3.0s
[2026-04-17 11:41:28] WARNING  【结论】 [FAIL] 超时未检测到成功关键字
[2026-04-17 11:41:28] INFO     统计 -> 成功: 5 | 失败: 4 | 异常: 0 | 成功率: 55.6%
[2026-04-17 11:41:28] INFO     
-------------------- 第 10 轮 | 最大监听: 10.0s --------------------
[2026-04-17 11:41:28] INFO     继电器 ON (开始充电)
[2026-04-17 11:41:28] INFO     继电器执行 -> ON
[2026-04-17 11:41:29] INFO     捕获目标指令: voice_msgnum:9
[2026-04-17 11:41:29] INFO     状态维稳，保持闭合 3.0s
[2026-04-17 11:41:32] INFO     继电器 OFF (切断充电)
[2026-04-17 11:41:32] INFO     继电器执行 -> OFF
[2026-04-17 11:41:32] INFO     物理断电静置 3.0s
[2026-04-17 11:41:35] INFO     【结论】 [PASS] 成功关键字: voice_msgnum:9
[2026-04-17 11:41:35] INFO     统计 -> 成功: 6 | 失败: 4 | 异常: 0 | 成功率: 60.0%
[2026-04-17 11:41:35] INFO     
-------------------- 第 11 轮 | 最大监听: 10.0s --------------------
[2026-04-17 11:41:35] INFO     继电器 ON (开始充电)
[2026-04-17 11:41:35] INFO     继电器执行 -> ON
[2026-04-17 11:41:45] INFO     继电器 OFF (切断充电)
[2026-04-17 11:41:46] INFO     继电器执行 -> OFF
[2026-04-17 11:41:46] INFO     物理断电静置 3.0s
[2026-04-17 11:41:47] WARNING  手动中断，停止测试。
[2026-04-17 11:41:47] INFO     继电器执行 -> OFF
[2026-04-17 11:41:47] INFO     
=============== 最终测试报告 ===============
  目标循环:      500000 次
  成功次数:      6 次
  失败次数:      4 次
  异常次数:      0 次
  断连次数:      0 次
============================================
