[2026-04-17 10:11:05] INFO     ========== 继电器压力测试启动 ==========
[2026-04-17 10:11:05] INFO     串口检测 -> 继电器(CH340): COM7 | 设备(CP210x): COM3
[2026-04-17 10:11:05] INFO     >>> 执行环境初始清洗 (物理断电重置)...
[2026-04-17 10:11:05] INFO     继电器执行 -> OFF
[2026-04-17 10:11:06] INFO     
-------------------- 第 1 轮 | 最大监听: 27.6s --------------------
[2026-04-17 10:11:06] INFO     继电器 ON (开始充电)
[2026-04-17 10:11:06] INFO     继电器执行 -> ON
[2026-04-17 10:11:08] INFO     捕获目标指令: voice_msgnum:9
[2026-04-17 10:11:08] INFO     状态维稳，保持闭合 25.0s
[2026-04-17 10:11:33] INFO     继电器 OFF (切断充电)
[2026-04-17 10:11:33] INFO     继电器执行 -> OFF
[2026-04-17 10:11:33] INFO     物理断电静置 25.0s
[2026-04-17 10:11:58] INFO     【结论】 [PASS] 成功关键字: voice_msgnum:9
[2026-04-17 10:11:58] INFO     统计 -> 成功: 1 | 失败: 0 | 异常: 0 | 成功率: 100.0%
[2026-04-17 10:11:58] INFO     
-------------------- 第 2 轮 | 最大监听: 27.3s --------------------
[2026-04-17 10:11:58] INFO     继电器 ON (开始充电)
[2026-04-17 10:11:58] INFO     继电器执行 -> ON
[2026-04-17 10:12:25] INFO     继电器 OFF (切断充电)
[2026-04-17 10:12:25] INFO     继电器执行 -> OFF
[2026-04-17 10:12:25] INFO     物理断电静置 25.0s
[2026-04-17 10:12:50] WARNING  【结论】 [FAIL] 超时未检测到成功关键字
[2026-04-17 10:12:50] INFO     统计 -> 成功: 1 | 失败: 1 | 异常: 0 | 成功率: 50.0%
[2026-04-17 10:12:50] INFO     
-------------------- 第 3 轮 | 最大监听: 26.5s --------------------
[2026-04-17 10:12:50] INFO     继电器 ON (开始充电)
[2026-04-17 10:12:50] INFO     继电器执行 -> ON
[2026-04-17 10:12:54] WARNING  手动中断，停止测试。
[2026-04-17 10:12:54] INFO     继电器执行 -> OFF
[2026-04-17 10:12:54] INFO     
=============== 最终测试报告 ===============
  目标循环:      500000 次
  成功次数:      1 次
  失败次数:      1 次
  异常次数:      0 次
  断连次数:      0 次
============================================
