[2026-04-08 18:34:26] INFO     ========== 继电器压力测试启动 | 日志目录: C:\Users\szm21\Downloads\Script\logs ==========
[2026-04-08 18:34:26] INFO     串口检测 -> 继电器(CH340): COM5 | 设备(CP210x): COM3
[2026-04-08 18:34:26] INFO     >>> 开始继电器硬件初始化...
[2026-04-08 18:34:28] INFO     >>> 继电器使能完成，当前状态: OFF。
[2026-04-08 18:34:28] INFO     继电器 -> OFF
[2026-04-08 18:34:30] INFO     
-------------------- 第 1 轮 | 最大监听时长: 5.3s --------------------
[2026-04-08 18:34:30] INFO     【充电开始】继电器 ON
[2026-04-08 18:34:30] INFO     继电器 -> ON
[2026-04-08 18:34:36] INFO     【充电停止】继电器 OFF
[2026-04-08 18:34:36] INFO     继电器 -> OFF
[2026-04-08 18:34:36] INFO     【断电休眠】强制断电静置 30.0s，等待车辆状态机清零...
[2026-04-08 18:34:39] INFO     [命中] 捕获目标指令: voice_msgnum:10
[2026-04-08 18:34:51] WARNING  接收到键盘中断信号，终止测试。
[2026-04-08 18:34:51] INFO     继电器 -> OFF
[2026-04-08 18:34:51] INFO     
=============== 最终测试报告 ===============
  成功次数:      0
  失败次数:      0
  异常次数:      0
============================================
